Archive member included to satisfy reference by file (symbol)

c:/intelfpga_lite/23.1std/nios2eds/bin/gnu/h-x86_64-mingw32/bin/../lib/gcc/nios2-elf/12.3.1/mno-hw-mul\libgcc.a(lib2-divmod.o)
                              obj/default/hello_world.o (__udivsi3)
c:/intelfpga_lite/23.1std/nios2eds/bin/gnu/h-x86_64-mingw32/bin/../lib/gcc/nios2-elf/12.3.1/mno-hw-mul\libgcc.a(addsf3.o)
                              obj/default/hello_world.o (__addsf3)
c:/intelfpga_lite/23.1std/nios2eds/bin/gnu/h-x86_64-mingw32/bin/../lib/gcc/nios2-elf/12.3.1/mno-hw-mul\libgcc.a(divsf3.o)
                              obj/default/hello_world.o (__divsf3)
c:/intelfpga_lite/23.1std/nios2eds/bin/gnu/h-x86_64-mingw32/bin/../lib/gcc/nios2-elf/12.3.1/mno-hw-mul\libgcc.a(mulsf3.o)
                              obj/default/hello_world.o (__mulsf3)
c:/intelfpga_lite/23.1std/nios2eds/bin/gnu/h-x86_64-mingw32/bin/../lib/gcc/nios2-elf/12.3.1/mno-hw-mul\libgcc.a(fixsfsi.o)
                              obj/default/hello_world.o (__fixsfsi)
c:/intelfpga_lite/23.1std/nios2eds/bin/gnu/h-x86_64-mingw32/bin/../lib/gcc/nios2-elf/12.3.1/mno-hw-mul\libgcc.a(_clzsi2.o)
                              c:/intelfpga_lite/23.1std/nios2eds/bin/gnu/h-x86_64-mingw32/bin/../lib/gcc/nios2-elf/12.3.1/mno-hw-mul\libgcc.a(addsf3.o) (__clzsi2)
c:/intelfpga_lite/23.1std/nios2eds/bin/gnu/h-x86_64-mingw32/bin/../lib/gcc/nios2-elf/12.3.1/mno-hw-mul\libgcc.a(lib2-mul.o)
                              c:/intelfpga_lite/23.1std/nios2eds/bin/gnu/h-x86_64-mingw32/bin/../lib/gcc/nios2-elf/12.3.1/mno-hw-mul\libgcc.a(mulsf3.o) (__mulsi3)
c:/intelfpga_lite/23.1std/nios2eds/bin/gnu/h-x86_64-mingw32/bin/../lib/gcc/nios2-elf/12.3.1/mno-hw-mul\libgcc.a(_clz.o)
                              c:/intelfpga_lite/23.1std/nios2eds/bin/gnu/h-x86_64-mingw32/bin/../lib/gcc/nios2-elf/12.3.1/mno-hw-mul\libgcc.a(_clzsi2.o) (__clz_tab)
c:/intelfpga_lite/23.1std/nios2eds/bin/gnu/h-x86_64-mingw32/bin/../lib/gcc/nios2-elf/12.3.1/../../../../../H-x86_64-mingw32/nios2-elf/lib/mno-hw-mul\libsmallc.a(libc_a-printf.o)
                              obj/default/hello_world.o (printf)
c:/intelfpga_lite/23.1std/nios2eds/bin/gnu/h-x86_64-mingw32/bin/../lib/gcc/nios2-elf/12.3.1/../../../../../H-x86_64-mingw32/nios2-elf/lib/mno-hw-mul\libsmallc.a(libc_a-puts.o)
                              obj/default/hello_world.o (puts)
c:/intelfpga_lite/23.1std/nios2eds/bin/gnu/h-x86_64-mingw32/bin/../lib/gcc/nios2-elf/12.3.1/../../../../../H-x86_64-mingw32/nios2-elf/lib/mno-hw-mul\libsmallc.a(libc_a-strlen.o)
                              c:/intelfpga_lite/23.1std/nios2eds/bin/gnu/h-x86_64-mingw32/bin/../lib/gcc/nios2-elf/12.3.1/../../../../../H-x86_64-mingw32/nios2-elf/lib/mno-hw-mul\libsmallc.a(libc_a-puts.o) (strlen)
c:/intelfpga_lite/23.1std/nios2eds/bin/gnu/h-x86_64-mingw32/bin/../lib/gcc/nios2-elf/12.3.1/../../../../../H-x86_64-mingw32/nios2-elf/lib/mno-hw-mul\libsmallc.a(libc_a-impure.o)
                              c:/intelfpga_lite/23.1std/nios2eds/bin/gnu/h-x86_64-mingw32/bin/../lib/gcc/nios2-elf/12.3.1/../../../../../H-x86_64-mingw32/nios2-elf/lib/mno-hw-mul\libsmallc.a(libc_a-printf.o) (_impure_ptr)
c:/intelfpga_lite/23.1std/nios2eds/bin/gnu/h-x86_64-mingw32/bin/../lib/gcc/nios2-elf/12.3.1/../../../../../H-x86_64-mingw32/nios2-elf/lib/mno-hw-mul\libsmallc.a(libc_a-vfprintf.o)
                              c:/intelfpga_lite/23.1std/nios2eds/bin/gnu/h-x86_64-mingw32/bin/../lib/gcc/nios2-elf/12.3.1/../../../../../H-x86_64-mingw32/nios2-elf/lib/mno-hw-mul\libsmallc.a(libc_a-printf.o) (___vfprintf_internal_r)
c:/intelfpga_lite/23.1std/nios2eds/bin/gnu/h-x86_64-mingw32/bin/../lib/gcc/nios2-elf/12.3.1/../../../../../H-x86_64-mingw32/nios2-elf/lib/mno-hw-mul\libsmallc.a(libc_a-fvwrite_small_dev.o)
                              c:/intelfpga_lite/23.1std/nios2eds/bin/gnu/h-x86_64-mingw32/bin/../lib/gcc/nios2-elf/12.3.1/../../../../../H-x86_64-mingw32/nios2-elf/lib/mno-hw-mul\libsmallc.a(libc_a-printf.o) (__sfvwrite_small_dev)
c:/intelfpga_lite/23.1std/nios2eds/bin/gnu/h-x86_64-mingw32/bin/../lib/gcc/nios2-elf/12.3.1/../../../../../H-x86_64-mingw32/nios2-elf/lib/mno-hw-mul\libsmallc.a(libc_a-writer.o)
                              c:/intelfpga_lite/23.1std/nios2eds/bin/gnu/h-x86_64-mingw32/bin/../lib/gcc/nios2-elf/12.3.1/../../../../../H-x86_64-mingw32/nios2-elf/lib/mno-hw-mul\libsmallc.a(libc_a-fvwrite_small_dev.o) (_write_r)
c:/intelfpga_lite/23.1std/nios2eds/bin/gnu/h-x86_64-mingw32/bin/../lib/gcc/nios2-elf/12.3.1/../../../../../H-x86_64-mingw32/nios2-elf/lib/mno-hw-mul\libsmallc.a(libc_a-int_errno.o)
                              c:/intelfpga_lite/23.1std/nios2eds/bin/gnu/h-x86_64-mingw32/bin/../lib/gcc/nios2-elf/12.3.1/../../../../../H-x86_64-mingw32/nios2-elf/lib/mno-hw-mul\libsmallc.a(libc_a-writer.o) (errno)
c:/Users/Jakob/Documents/system_template_de1_soc/system_template_de1_soc/software/hello_world_2_bsp/\libhal_bsp.a(alt_load.o)
[...]
Memory Configuration

Name             Origin             Length             Attributes
reset            0x00080000         0x00000020
onchip_mem       0x00080020         0x000493c0
*default*        0x00000000         0xffffffff

Linker script and memory map

LOAD c:/Users/Jakob/Documents/system_template_de1_soc/system_template_de1_soc/software/hello_world_2_bsp//obj/HAL/src/crt0.o
LOAD obj/default/hello_world.o
LOAD c:/intelfpga_lite/23.1std/nios2eds/bin/gnu/h-x86_64-mingw32/bin/../lib/gcc/nios2-elf/12.3.1/../../../../../H-x86_64-mingw32/nios2-elf/lib/mno-hw-mul\libstdc++.a
LOAD c:/intelfpga_lite/23.1std/nios2eds/bin/gnu/h-x86_64-mingw32/bin/../lib/gcc/nios2-elf/12.3.1/../../../../../H-x86_64-mingw32/nios2-elf/lib/mno-hw-mul\libm.a
LOAD c:/intelfpga_lite/23.1std/nios2eds/bin/gnu/h-x86_64-mingw32/bin/../lib/gcc/nios2-elf/12.3.1/mno-hw-mul\libgcc.a
START GROUP
LOAD c:/intelfpga_lite/23.1std/nios2eds/bin/gnu/h-x86_64-mingw32/bin/../lib/gcc/nios2-elf/12.3.1/../../../../../H-x86_64-mingw32/nios2-elf/lib/mno-hw-mul\libsmallc.a
LOAD c:/intelfpga_lite/23.1std/nios2eds/bin/gnu/h-x86_64-mingw32/bin/../lib/gcc/nios2-elf/12.3.1/mno-hw-mul\libgcc.a
LOAD c:/Users/Jakob/Documents/system_template_de1_soc/system_template_de1_soc/software/hello_world_2_bsp/\libhal_bsp.a
LOAD c:/intelfpga_lite/23.1std/nios2eds/bin/gnu/h-x86_64-mingw32/bin/../lib/gcc/nios2-elf/12.3.1/../../../../../H-x86_64-mingw32/nios2-elf/lib/mno-hw-mul\libm.a
END GROUP
LOAD c:/intelfpga_lite/23.1std/nios2eds/bin/gnu/h-x86_64-mingw32/bin/../lib/gcc/nios2-elf/12.3.1/mno-hw-mul\libgcc.a
                0x00080000                        __alt_mem_onchip_mem = 0x80000

.entry          0x00080000       0x20
 *(.entry)
 .entry         0x00080000       0x20 c:/Users/Jakob/Documents/system_template_de1_soc/system_template_de1_soc/software/hello_world_2_bsp//obj/HAL/src/crt0.o
                0x00080000                __reset

.exceptions     0x00080020      0x218
                0x00080020                        PROVIDE (__ram_exceptions_start = ABSOLUTE (.))
                0x00080020                        . = ALIGN (0x20)
 *(.irq)
 *(.exceptions.entry.label)
 .exceptions.entry.label
                0x00080020        0x0 c:/Users/Jakob/Documents/system_template_de1_soc/system_template_de1_soc/software/hello_world_2_bsp/\libhal_bsp.a(alt_irq_entry.o)
                0x00080020                alt_irq_entry
 .exceptions.entry.label
                0x00080020        0x0 c:/Users/Jakob/Documents/system_template_de1_soc/system_template_de1_soc/software/hello_world_2_bsp/\libhal_bsp.a(alt_exception_entry.o)
                0x00080020                alt_exception
 *(.exceptions.entry.user)
 *(.exceptions.entry.ecc_fatal)
 *(.exceptions.entry)
 .exceptions.entry
                0x00080020       0x54 c:/Users/Jakob/Documents/system_template_de1_soc/system_template_de1_soc/software/hello_world_2_bsp/\libhal_bsp.a(alt_exception_entry.o)
 *(.exceptions.irqtest.user)
 *(.exceptions.irqtest)
 .exceptions.irqtest
                0x00080074       0x10 c:/Users/Jakob/Documents/system_template_de1_soc/system_template_de1_soc/software/hello_world_2_bsp/\libhal_bsp.a(alt_irq_entry.o)
 *(.exceptions.irqhandler.user)
 *(.exceptions.irqhandler)
 .exceptions.irqhandler
                0x00080084        0x4 c:/Users/Jakob/Documents/system_template_de1_soc/system_template_de1_soc/software/hello_world_2_bsp/\libhal_bsp.a(alt_irq_entry.o)
 *(.exceptions.irqreturn.user)
 *(.exceptions.irqreturn)
 .exceptions.irqreturn
                0x00080088        0x4 c:/Users/Jakob/Documents/system_template_de1_soc/system_template_de1_soc/software/hello_world_2_bsp/\libhal_bsp.a(alt_irq_entry.o)
 *(.exceptions.notirq.label)
 .exceptions.notirq.label
                0x0008008c        0x0 c:/Users/Jakob/Documents/system_template_de1_soc/system_template_de1_soc/software/hello_world_2_bsp/\libhal_bsp.a(alt_irq_entry.o)
 *(.exceptions.notirq.user)
 *(.exceptions.notirq)
 .exceptions.notirq
                0x0008008c        0x8 c:/Users/Jakob/Documents/system_template_de1_soc/system_template_de1_soc/software/hello_world_2_bsp/\libhal_bsp.a(alt_exception_entry.o)
 *(.exceptions.soft.user)
 *(.exceptions.soft)
 *(.exceptions.unknown.user)
 *(.exceptions.unknown)
 .exceptions.unknown
                0x00080094       0x14 c:/Users/Jakob/Documents/system_template_de1_soc/system_template_de1_soc/software/hello_world_2_bsp/\libhal_bsp.a(alt_exception_entry.o)
 *(.exceptions.exit.label)
 .exceptions.exit.label
                0x000800a8        0x0 c:/Users/Jakob/Documents/system_template_de1_soc/system_template_de1_soc/software/hello_world_2_bsp/\libhal_bsp.a(alt_irq_entry.o)
 .exceptions.exit.label
                0x000800a8        0x0 c:/Users/Jakob/Documents/system_template_de1_soc/system_template_de1_soc/software/hello_world_2_bsp/\libhal_bsp.a(alt_exception_entry.o)
 *(.exceptions.exit.user)
 *(.exceptions.exit)
 .exceptions.exit
                0x000800a8       0x54 c:/Users/Jakob/Documents/system_template_de1_soc/system_template_de1_soc/software/hello_world_2_bsp/\libhal_bsp.a(alt_exception_entry.o)
 *(.exceptions)
 .exceptions    0x000800fc       0xc8 c:/Users/Jakob/Documents/system_template_de1_soc/system_template_de1_soc/software/hello_world_2_bsp/\libhal_bsp.a(alt_irq_handler.o)
                0x000800fc                alt_irq_handler
 .exceptions    0x000801c4       0x74 c:/Users/Jakob/Documents/system_template_de1_soc/system_template_de1_soc/software/hello_world_2_bsp/\libhal_bsp.a(alt_instruction_exception_entry.o)
                0x000801c4                alt_instruction_exception_entry
                0x00080238                        PROVIDE (__ram_exceptions_end = ABSOLUTE (.))
                0x00080020                        PROVIDE (__flash_exceptions_start = LOADADDR (.exceptions))

.text           0x00080238     0x323c
                [!provide]                        PROVIDE (stext = ABSOLUTE (.))
 *(.interp)
 *(.hash)
 *(.dynsym)
 *(.dynstr)
 *(.gnu.version)
 *(.gnu.version_d)
 *(.gnu.version_r)
 *(.rel.init)
 *(.rela.init)
 *(.rel.text .rel.text.* .rel.gnu.linkonce.t.*)
 *(.rela.text .rela.text.* .rela.gnu.linkonce.t.*)
 *(.rel.fini)
 *(.rela.fini)
 *(.rel.rodata .rel.rodata.* .rel.gnu.linkonce.r.*)
 *(.rela.rodata .rela.rodata.* .rela.gnu.linkonce.r.*)
 *(.rel.data .rel.data.* .rel.gnu.linkonce.d.*)
 *(.rela.data .rela.data.* .rela.gnu.linkonce.d.*)
 *(.rel.tdata .rel.tdata.* .rel.gnu.linkonce.td.*)
 *(.rela.tdata .rela.tdata.* .rela.gnu.linkonce.td.*)
 *(.rel.tbss .rel.tbss.* .rel.gnu.linkonce.tb.*)
 *(.rela.tbss .rela.tbss.* .rela.gnu.linkonce.tb.*)
 *(.rel.ctors)
 *(.rela.ctors)
 *(.rel.dtors)
 *(.rela.dtors)
 *(.rel.got)
 *(.rela.got)
 *(.rel.sdata .rel.sdata.* .rel.gnu.linkonce.s.*)
 *(.rela.sdata .rela.sdata.* .rela.gnu.linkonce.s.*)
 *(.rel.sbss .rel.sbss.* .rel.gnu.linkonce.sb.*)
 *(.rela.sbss .rela.sbss.* .rela.gnu.linkonce.sb.*)
 *(.rel.sdata2 .rel.sdata2.* .rel.gnu.linkonce.s2.*)
 *(.rela.sdata2 .rela.sdata2.* .rela.gnu.linkonce.s2.*)
 *(.rel.sbss2 .rel.sbss2.* .rel.gnu.linkonce.sb2.*)
 *(.rela.sbss2 .rela.sbss2.* .rela.gnu.linkonce.sb2.*)
 *(.rel.bss .rel.bss.* .rel.gnu.linkonce.b.*)
 *(.rela.bss .rela.bss.* .rela.gnu.linkonce.b.*)
 *(.rel.plt)
 *(.rela.plt)
 *(.rel.dyn)
 *(.init)
 *(.plt)
 *(.text .stub .text.* .gnu.linkonce.t.*)
 .text          0x00080238       0x4c c:/Users/Jakob/Documents/system_template_de1_soc/system_template_de1_soc/software/hello_world_2_bsp//obj/HAL/src/crt0.o
                0x00080238                _start
 .text          0x00080284      0x2f8 obj/default/hello_world.o
                0x00080284                generateVector
                0x0008032c                sumVector
                0x00080428                main
 .text          0x0008057c      0x1b4 c:/intelfpga_lite/23.1std/nios2eds/bin/gnu/h-x86_64-mingw32/bin/../lib/gcc/nios2-elf/12.3.1/mno-hw-mul\libgcc.a(lib2-divmod.o)
                0x0008057c                __divsi3
                0x000805fc                __modsi3
                0x00080670                __udivsi3
                0x000806d4                __umodsi3
 .text          0x00080730      0x494 c:/intelfpga_lite/23.1std/nios2eds/bin/gnu/h-x86_64-mingw32/bin/../lib/gcc/nios2-elf/12.3.1/mno-hw-mul\libgcc.a(addsf3.o)
                0x00080730                __addsf3
 .text          0x00080bc4      0x418 c:/intelfpga_lite/23.1std/nios2eds/bin/gnu/h-x86_64-mingw32/bin/../lib/gcc/nios2-elf/12.3.1/mno-hw-mul\libgcc.a(divsf3.o)
                0x00080bc4                __divsf3
 .text          0x00080fdc      0x41c c:/intelfpga_lite/23.1std/nios2eds/bin/gnu/h-x86_64-mingw32/bin/../lib/gcc/nios2-elf/12.3.1/mno-hw-mul\libgcc.a(mulsf3.o)
                0x00080fdc                __mulsf3
 .text          0x000813f8       0x70 c:/intelfpga_lite/23.1std/nios2eds/bin/gnu/h-x86_64-mingw32/bin/../lib/gcc/nios2-elf/12.3.1/mno-hw-mul\libgcc.a(fixsfsi.o)
                0x000813f8                __fixsfsi
 .text          0x00081468       0x50 c:/intelfpga_lite/23.1std/nios2eds/bin/gnu/h-x86_64-mingw32/bin/../lib/gcc/nios2-elf/12.3.1/mno-hw-mul\libgcc.a(_clzsi2.o)
                0x00081468                __clzsi2
 .text          0x000814b8       0x28 c:/intelfpga_lite/23.1std/nios2eds/bin/gnu/h-x86_64-mingw32/bin/../lib/gcc/nios2-elf/12.3.1/mno-hw-mul\libgcc.a(lib2-mul.o)
                0x000814b8                __mulsi3
 .text          0x000814e0        0x0 c:/intelfpga_lite/23.1std/nios2eds/bin/gnu/h-x86_64-mingw32/bin/../lib/gcc/nios2-elf/12.3.1/mno-hw-mul\libgcc.a(_clz.o)
 .text          0x000814e0        0x0 c:/intelfpga_lite/23.1std/nios2eds/bin/gnu/h-x86_64-mingw32/bin/../lib/gcc/nios2-elf/12.3.1/../../../../../H-x86_64-mingw32/nios2-elf/lib/mno-hw-mul\libsmallc.a(libc_a-printf.o)
 .text._printf_r
                0x000814e0       0x3c c:/intelfpga_lite/23.1std/nios2eds/bin/gnu/h-x86_64-mingw32/bin/../lib/gcc/nios2-elf/12.3.1/../../../../../H-x86_64-mingw32/nios2-elf/lib/mno-hw-mul\libsmallc.a(libc_a-printf.o)
                0x000814e0                _printf_r
 .text.printf   0x0008151c       0x48 c:/intelfpga_lite/23.1std/nios2eds/bin/gnu/h-x86_64-mingw32/bin/../lib/gcc/nios2-elf/12.3.1/../../../../../H-x86_64-mingw32/nios2-elf/lib/mno-hw-mul\libsmallc.a(libc_a-printf.o)
                0x0008151c                printf
 .text          0x00081564        0x0 c:/intelfpga_lite/23.1std/nios2eds/bin/gnu/h-x86_64-mingw32/bin/../lib/gcc/nios2-elf/12.3.1/../../../../../H-x86_64-mingw32/nios2-elf/lib/mno-hw-mul\libsmallc.a(libc_a-puts.o)
 .text._puts_r  0x00081564       0x80 c:/intelfpga_lite/23.1std/nios2eds/bin/gnu/h-x86_64-mingw32/bin/../lib/gcc/nios2-elf/12.3.1/../../../../../H-x86_64-mingw32/nios2-elf/lib/mno-hw-mul\libsmallc.a(libc_a-puts.o)
                0x00081564                _puts_r
 .text.puts     0x000815e4       0x10 c:/intelfpga_lite/23.1std/nios2eds/bin/gnu/h-x86_64-mingw32/bin/../lib/gcc/nios2-elf/12.3.1/../../../../../H-x86_64-mingw32/nios2-elf/lib/mno-hw-mul\libsmallc.a(libc_a-puts.o)
                0x000815e4                puts
 .text          0x000815f4        0x0 c:/intelfpga_lite/23.1std/nios2eds/bin/gnu/h-x86_64-mingw32/bin/../lib/gcc/nios2-elf/12.3.1/../../../../../H-x86_64-mingw32/nios2-elf/lib/mno-hw-mul\libsmallc.a(libc_a-strlen.o)
 .text.strlen   0x000815f4       0x1c c:/intelfpga_lite/23.1std/nios2eds/bin/gnu/h-x86_64-mingw32/bin/../lib/gcc/nios2-elf/12.3.1/../../../../../H-x86_64-mingw32/nios2-elf/lib/mno-hw-mul\libsmallc.a(libc_a-strlen.o)
                0x000815f4                strlen
 .text          0x00081610        0x0 c:/intelfpga_lite/23.1std/nios2eds/bin/gnu/h-x86_64-mingw32/bin/../lib/gcc/nios2-elf/12.3.1/../../../../../H-x86_64-mingw32/nios2-elf/lib/mno-hw-mul\libsmallc.a(libc_a-impure.o)
 .text          0x00081610        0x0 c:/intelfpga_lite/23.1std/nios2eds/bin/gnu/h-x86_64-mingw32/bin/../lib/gcc/nios2-elf/12.3.1/../../../../../H-x86_64-mingw32/nios2-elf/lib/mno-hw-mul\libsmallc.a(libc_a-vfprintf.o)
 .text.print_repeat
                0x00081610       0x6c c:/intelfpga_lite/23.1std/nios2eds/bin/gnu/h-x86_64-mingw32/bin/../lib/gcc/nios2-elf/12.3.1/../../../../../H-x86_64-mingw32/nios2-elf/lib/mno-hw-mul\libsmallc.a(libc_a-vfprintf.o)
 .text.___vfprintf_internal_r
                0x0008167c      0x51c c:/intelfpga_lite/23.1std/nios2eds/bin/gnu/h-x86_64-mingw32/bin/../lib/gcc/nios2-elf/12.3.1/../../../../../H-x86_64-mingw32/nios2-elf/lib/mno-hw-mul\libsmallc.a(libc_a-vfprintf.o)
                0x0008167c                ___vfprintf_internal_r
 .text.__vfprintf_internal
                0x00081b98       0x18 c:/intelfpga_lite/23.1std/nios2eds/bin/gnu/h-x86_64-mingw32/bin/../lib/gcc/nios2-elf/12.3.1/../../../../../H-x86_64-mingw32/nios2-elf/lib/mno-hw-mul\libsmallc.a(libc_a-vfprintf.o)
                0x00081b98                __vfprintf_internal
 .text          0x00081bb0        0x0 c:/intelfpga_lite/23.1std/nios2eds/bin/gnu/h-x86_64-mingw32/bin/../lib/gcc/nios2-elf/12.3.1/../../../../../H-x86_64-mingw32/nios2-elf/lib/mno-hw-mul\libsmallc.a(libc_a-fvwrite_small_dev.o)
 .text.__sfvwrite_small_dev
                0x00081bb0       0xa8 c:/intelfpga_lite/23.1std/nios2eds/bin/gnu/h-x86_64-mingw32/bin/../lib/gcc/nios2-elf/12.3.1/../../../../../H-x86_64-mingw32/nios2-elf/lib/mno-hw-mul\libsmallc.a(libc_a-fvwrite_small_dev.o)
                0x00081bb0                __sfvwrite_small_dev
 .text          0x00081c58        0x0 c:/intelfpga_lite/23.1std/nios2eds/bin/gnu/h-x86_64-mingw32/bin/../lib/gcc/nios2-elf/12.3.1/../../../../../H-x86_64-mingw32/nios2-elf/lib/mno-hw-mul\libsmallc.a(libc_a-writer.o)
 .text._write_r
                0x00081c58       0x50 c:/intelfpga_lite/23.1std/nios2eds/bin/gnu/h-x86_64-mingw32/bin/../lib/gcc/nios2-elf/12.3.1/../../../../../H-x86_64-mingw32/nios2-elf/lib/mno-hw-mul\libsmallc.a(libc_a-writer.o)
                0x00081c58                _write_r
 .text          0x00081ca8        0x0 c:/intelfpga_lite/23.1std/nios2eds/bin/gnu/h-x86_64-mingw32/bin/../lib/gcc/nios2-elf/12.3.1/../../../../../H-x86_64-mingw32/nios2-elf/lib/mno-hw-mul\libsmallc.a(libc_a-int_errno.o)
 .text          0x00081ca8       0xec c:/Users/Jakob/Documents/system_template_de1_soc/system_template_de1_soc/software/hello_world_2_bsp/\libhal_bsp.a(alt_load.o)
                0x00081d10                alt_load
 .text          0x00081d94       0x6c c:/Users/Jakob/Documents/system_template_de1_soc/system_template_de1_soc/software/hello_world_2_bsp/\libhal_bsp.a(alt_main.o)
                0x00081d94                alt_main
 .text          0x00081e00       0xb8 c:/Users/Jakob/Documents/system_template_de1_soc/system_template_de1_soc/software/hello_world_2_bsp/\libhal_bsp.a(alt_times.o)
                0x00081e3c                times
 .text          0x00081eb8      0x140 c:/Users/Jakob/Documents/system_template_de1_soc/system_template_de1_soc/software/hello_world_2_bsp/\libhal_bsp.a(alt_write.o)
                0x00081ef4                write
 .text          0x00081ff8       0xc0 c:/Users/Jakob/Documents/system_template_de1_soc/system_template_de1_soc/software/hello_world_2_bsp/\libhal_bsp.a(alt_sys_init.o)
                0x0008202c                alt_irq_init
                0x00082068                alt_sys_init
 .text          0x000820b8       0xc0 c:/Users/Jakob/Documents/system_template_de1_soc/system_template_de1_soc/software/hello_world_2_bsp/\libhal_bsp.a(altera_avalon_jtag_uart_fd.o)
                0x000820b8                altera_avalon_jtag_uart_read_fd
                0x00082118                altera_avalon_jtag_uart_write_fd
 .text          0x00082178       0xec c:/Users/Jakob/Documents/system_template_de1_soc/system_template_de1_soc/software/hello_world_2_bsp/\libhal_bsp.a(altera_avalon_jtag_uart_read.o)
                0x00082178                altera_avalon_jtag_uart_read
 .text          0x00082264       0x98 c:/Users/Jakob/Documents/system_template_de1_soc/system_template_de1_soc/software/hello_world_2_bsp/\libhal_bsp.a(altera_avalon_jtag_uart_write.o)
                0x00082264                altera_avalon_jtag_uart_write
 .text          0x000822fc      0x100 c:/Users/Jakob/Documents/system_template_de1_soc/system_template_de1_soc/software/hello_world_2_bsp/\libhal_bsp.a(altera_avalon_timer_sc.o)
                0x00082378                alt_avalon_timer_sc_init
 .text          0x000823fc      0x118 c:/Users/Jakob/Documents/system_template_de1_soc/system_template_de1_soc/software/hello_world_2_bsp/\libhal_bsp.a(alt_close.o)
                0x00082438                close
 .text          0x00082514       0x4c c:/Users/Jakob/Documents/system_template_de1_soc/system_template_de1_soc/software/hello_world_2_bsp/\libhal_bsp.a(alt_dcache_flush_all.o)
                0x00082514                alt_dcache_flush_all
 .text          0x00082560       0x2c c:/Users/Jakob/Documents/system_template_de1_soc/system_template_de1_soc/software/hello_world_2_bsp/\libhal_bsp.a(alt_dev.o)
 .text          0x0008258c       0xe4 c:/Users/Jakob/Documents/system_template_de1_soc/system_template_de1_soc/software/hello_world_2_bsp/\libhal_bsp.a(alt_dev_llist_insert.o)
                0x000825c8                alt_dev_llist_insert
 .text          0x00082670        0x0 c:/Users/Jakob/Documents/system_template_de1_soc/system_template_de1_soc/software/hello_world_2_bsp/\libhal_bsp.a(alt_errno.o)
 .text          0x00082670       0x34 c:/Users/Jakob/Documents/system_template_de1_soc/system_template_de1_soc/software/hello_world_2_bsp/\libhal_bsp.a(alt_icache_flush_all.o)
                0x00082670                alt_icache_flush_all
 .text          0x000826a4      0x1b0 c:/Users/Jakob/Documents/system_template_de1_soc/system_template_de1_soc/software/hello_world_2_bsp/\libhal_bsp.a(alt_iic.o)
                0x000826a4                alt_ic_isr_register
                0x000826f4                alt_ic_irq_enable
                0x0008277c                alt_ic_irq_disable
                0x00082808                alt_ic_irq_enabled
 .text          0x00082854       0xe8 c:/Users/Jakob/Documents/system_template_de1_soc/system_template_de1_soc/software/hello_world_2_bsp/\libhal_bsp.a(alt_iic_isr_register.o)
                0x00082854                alt_iic_isr_register
 .text          0x0008293c      0x150 c:/Users/Jakob/Documents/system_template_de1_soc/system_template_de1_soc/software/hello_world_2_bsp/\libhal_bsp.a(alt_io_redirect.o)
                0x00082a10                alt_io_redirect
 .text          0x00082a8c        0x0 c:/Users/Jakob/Documents/system_template_de1_soc/system_template_de1_soc/software/hello_world_2_bsp/\libhal_bsp.a(alt_irq_entry.o)
 .text          0x00082a8c        0x0 c:/Users/Jakob/Documents/system_template_de1_soc/system_template_de1_soc/software/hello_world_2_bsp/\libhal_bsp.a(alt_irq_handler.o)
 .text          0x00082a8c        0x0 c:/Users/Jakob/Documents/system_template_de1_soc/system_template_de1_soc/software/hello_world_2_bsp/\libhal_bsp.a(alt_irq_vars.o)
 .text          0x00082a8c      0x278 c:/Users/Jakob/Documents/system_template_de1_soc/system_template_de1_soc/software/hello_world_2_bsp/\libhal_bsp.a(alt_open.o)
                0x00082ba4                open
 .text          0x00082d04       0x70 c:/Users/Jakob/Documents/system_template_de1_soc/system_template_de1_soc/software/hello_world_2_bsp/\libhal_bsp.a(alt_release_fd.o)
                0x00082d04                alt_release_fd
 .text          0x00082d74      0x1d0 c:/Users/Jakob/Documents/system_template_de1_soc/system_template_de1_soc/software/hello_world_2_bsp/\libhal_bsp.a(alt_tick.o)
                0x00082d74                alt_alarm_stop
                0x00082e18                alt_tick
 .text          0x00082f44       0x24 c:/Users/Jakob/Documents/system_template_de1_soc/system_template_de1_soc/software/hello_world_2_bsp/\libhal_bsp.a(altera_nios2_gen2_irq.o)
                0x00082f44                altera_nios2_gen2_irq_init
 .text          0x00082f68        0x0 c:/Users/Jakob/Documents/system_template_de1_soc/system_template_de1_soc/software/hello_world_2_bsp/\libhal_bsp.a(alt_exception_entry.o)
 .text          0x00082f68       0x90 c:/Users/Jakob/Documents/system_template_de1_soc/system_template_de1_soc/software/hello_world_2_bsp/\libhal_bsp.a(alt_find_dev.o)
                0x00082f68                alt_find_dev
 .text          0x00082ff8      0x108 c:/Users/Jakob/Documents/system_template_de1_soc/system_template_de1_soc/software/hello_world_2_bsp/\libhal_bsp.a(alt_find_file.o)
                0x00082ff8                alt_find_file
 .text          0x00083100       0xb8 c:/Users/Jakob/Documents/system_template_de1_soc/system_template_de1_soc/software/hello_world_2_bsp/\libhal_bsp.a(alt_get_fd.o)
                0x00083100                alt_get_fd
 .text          0x000831b8       0x90 c:/Users/Jakob/Documents/system_template_de1_soc/system_template_de1_soc/software/hello_world_2_bsp/\libhal_bsp.a(alt_icache_flush.o)
                0x000831b8                alt_icache_flush
 .text          0x00083248       0x74 c:/Users/Jakob/Documents/system_template_de1_soc/system_template_de1_soc/software/hello_world_2_bsp/\libhal_bsp.a(alt_instruction_exception_entry.o)
                0x00083248                alt_exception_cause_generated_bad_addr
 .text          0x000832bc        0x0 c:/intelfpga_lite/23.1std/nios2eds/bin/gnu/h-x86_64-mingw32/bin/../lib/gcc/nios2-elf/12.3.1/../../../../../H-x86_64-mingw32/nios2-elf/lib/mno-hw-mul\libsmallc.a(libc_a-exit.o)
 .text.exit     0x000832bc       0x20 c:/intelfpga_lite/23.1std/nios2eds/bin/gnu/h-x86_64-mingw32/bin/../lib/gcc/nios2-elf/12.3.1/../../../../../H-x86_64-mingw32/nios2-elf/lib/mno-hw-mul\libsmallc.a(libc_a-exit.o)
                0x000832bc                exit
 .text          0x000832dc        0x0 c:/intelfpga_lite/23.1std/nios2eds/bin/gnu/h-x86_64-mingw32/bin/../lib/gcc/nios2-elf/12.3.1/../../../../../H-x86_64-mingw32/nios2-elf/lib/mno-hw-mul\libsmallc.a(libc_a-memcmp.o)
 .text.memcmp   0x000832dc       0x30 c:/intelfpga_lite/23.1std/nios2eds/bin/gnu/h-x86_64-mingw32/bin/../lib/gcc/nios2-elf/12.3.1/../../../../../H-x86_64-mingw32/nios2-elf/lib/mno-hw-mul\libsmallc.a(libc_a-memcmp.o)
                0x000832dc                memcmp
 .text          0x0008330c        0x0 c:/intelfpga_lite/23.1std/nios2eds/bin/gnu/h-x86_64-mingw32/bin/../lib/gcc/nios2-elf/12.3.1/../../../../../H-x86_64-mingw32/nios2-elf/lib/mno-hw-mul\libsmallc.a(libc_a-__call_atexit.o)
 .text.__call_exitprocs
                0x0008330c      0x12c c:/intelfpga_lite/23.1std/nios2eds/bin/gnu/h-x86_64-mingw32/bin/../lib/gcc/nios2-elf/12.3.1/../../../../../H-x86_64-mingw32/nios2-elf/lib/mno-hw-mul\libsmallc.a(libc_a-__call_atexit.o)
                0x0008330c                __call_exitprocs
 .text          0x00083438       0x3c c:/Users/Jakob/Documents/system_template_de1_soc/system_template_de1_soc/software/hello_world_2_bsp/\libhal_bsp.a(alt_exit.o)
                0x00083438                _exit
 *(.gnu.warning.*)
 *(.fini)
                [!provide]                        PROVIDE (__etext = ABSOLUTE (.))
                [!provide]                        PROVIDE (_etext = ABSOLUTE (.))
                [!provide]                        PROVIDE (etext = ABSOLUTE (.))
 *(.eh_frame_hdr)
                0x00083474                        . = ALIGN (0x4)
                [!provide]                        PROVIDE (__preinit_array_start = ABSOLUTE (.))
 *(.preinit_array)
                [!provide]                        PROVIDE (__preinit_array_end = ABSOLUTE (.))
                [!provide]                        PROVIDE (__init_array_start = ABSOLUTE (.))
 *(SORT_BY_INIT_PRIORITY(.init_array.*))
 *(.init_array)
                [!provide]                        PROVIDE (__init_array_end = ABSOLUTE (.))
                [!provide]                        PROVIDE (__fini_array_start = ABSOLUTE (.))
 *(.fini_array)
                [!provide]                        PROVIDE (__fini_array_end = ABSOLUTE (.))
 *(.eh_frame)
 *(.gcc_except_table .gcc_except_table.*)
 *(.dynamic)
                [!provide]                        PROVIDE (__CTOR_LIST__ = ABSOLUTE (.))
 *(.ctors)
 *(SORT_BY_NAME(.ctors.*))
                [!provide]                        PROVIDE (__CTOR_END__ = ABSOLUTE (.))
                [!provide]                        PROVIDE (__DTOR_LIST__ = ABSOLUTE (.))
 *(.dtors)
 *(SORT_BY_NAME(.dtors.*))
                [!provide]                        PROVIDE (__DTOR_END__ = ABSOLUTE (.))
 *(.jcr)
                0x00083474                        . = ALIGN (0x4)

.rodata         0x00083474      0x1d4
                0x00083474                        PROVIDE (__ram_rodata_start = ABSOLUTE (.))
                0x00083474                        . = ALIGN (0x4)
 *(.rodata .rodata.* .gnu.linkonce.r.*)
 .rodata        0x00083474       0xa3 obj/default/hello_world.o
 *fill*         0x00083517        0x1 
 .rodata        0x00083518      0x100 c:/intelfpga_lite/23.1std/nios2eds/bin/gnu/h-x86_64-mingw32/bin/../lib/gcc/nios2-elf/12.3.1/mno-hw-mul\libgcc.a(_clz.o)
                0x00083518                __clz_tab
 .rodata._puts_r.str1.4
                0x00083618        0x2 c:/intelfpga_lite/23.1std/nios2eds/bin/gnu/h-x86_64-mingw32/bin/../lib/gcc/nios2-elf/12.3.1/../../../../../H-x86_64-mingw32/nios2-elf/lib/mno-hw-mul\libsmallc.a(libc_a-puts.o)
 *fill*         0x0008361a        0x2 
 .rodata        0x0008361c        0xf c:/Users/Jakob/Documents/system_template_de1_soc/system_template_de1_soc/software/hello_world_2_bsp/\libhal_bsp.a(alt_main.o)
 *fill*         0x0008362b        0x1 
 .rodata        0x0008362c        0xf c:/Users/Jakob/Documents/system_template_de1_soc/system_template_de1_soc/software/hello_world_2_bsp/\libhal_bsp.a(alt_sys_init.o)
 *fill*         0x0008363b        0x1 
 .rodata        0x0008363c        0xa c:/Users/Jakob/Documents/system_template_de1_soc/system_template_de1_soc/software/hello_world_2_bsp/\libhal_bsp.a(alt_dev.o)
 *(.rodata1)
                0x00083648                        . = ALIGN (0x4)
 *fill*         0x00083646        0x2 
                0x00083648                        PROVIDE (__ram_rodata_end = ABSOLUTE (.))
                0x00083474                        PROVIDE (__flash_rodata_start = LOADADDR (.rodata))

.rwdata         0x00083648      0x250 load address 0x00083898
                0x00083648                        PROVIDE (__ram_rwdata_start = ABSOLUTE (.))
                0x00083648                        . = ALIGN (0x4)
 *(.got.plt)
 *(.got)
 *(.data1)
 *(.data .data.* .gnu.linkonce.d.*)
 .data          0x00083648        0x0 c:/Users/Jakob/Documents/system_template_de1_soc/system_template_de1_soc/software/hello_world_2_bsp//obj/HAL/src/crt0.o
 .data          0x00083648        0x0 obj/default/hello_world.o
 .data          0x00083648        0x0 c:/intelfpga_lite/23.1std/nios2eds/bin/gnu/h-x86_64-mingw32/bin/../lib/gcc/nios2-elf/12.3.1/mno-hw-mul\libgcc.a(lib2-divmod.o)
 .data          0x00083648        0x0 c:/intelfpga_lite/23.1std/nios2eds/bin/gnu/h-x86_64-mingw32/bin/../lib/gcc/nios2-elf/12.3.1/mno-hw-mul\libgcc.a(addsf3.o)
 .data          0x00083648        0x0 c:/intelfpga_lite/23.1std/nios2eds/bin/gnu/h-x86_64-mingw32/bin/../lib/gcc/nios2-elf/12.3.1/mno-hw-mul\libgcc.a(divsf3.o)
 .data          0x00083648        0x0 c:/intelfpga_lite/23.1std/nios2eds/bin/gnu/h-x86_64-mingw32/bin/../lib/gcc/nios2-elf/12.3.1/mno-hw-mul\libgcc.a(mulsf3.o)
 .data          0x00083648        0x0 c:/intelfpga_lite/23.1std/nios2eds/bin/gnu/h-x86_64-mingw32/bin/../lib/gcc/nios2-elf/12.3.1/mno-hw-mul\libgcc.a(fixsfsi.o)
 .data          0x00083648        0x0 c:/intelfpga_lite/23.1std/nios2eds/bin/gnu/h-x86_64-mingw32/bin/../lib/gcc/nios2-elf/12.3.1/mno-hw-mul\libgcc.a(_clzsi2.o)
 .data          0x00083648        0x0 c:/intelfpga_lite/23.1std/nios2eds/bin/gnu/h-x86_64-mingw32/bin/../lib/gcc/nios2-elf/12.3.1/mno-hw-mul\libgcc.a(lib2-mul.o)
 .data          0x00083648        0x0 c:/intelfpga_lite/23.1std/nios2eds/bin/gnu/h-x86_64-mingw32/bin/../lib/gcc/nios2-elf/12.3.1/mno-hw-mul\libgcc.a(_clz.o)
 .data          0x00083648        0x0 c:/intelfpga_lite/23.1std/nios2eds/bin/gnu/h-x86_64-mingw32/bin/../lib/gcc/nios2-elf/12.3.1/../../../../../H-x86_64-mingw32/nios2-elf/lib/mno-hw-mul\libsmallc.a(libc_a-printf.o)
 .data          0x00083648        0x0 c:/intelfpga_lite/23.1std/nios2eds/bin/gnu/h-x86_64-mingw32/bin/../lib/gcc/nios2-elf/12.3.1/../../../../../H-x86_64-mingw32/nios2-elf/lib/mno-hw-mul\libsmallc.a(libc_a-puts.o)
 .data          0x00083648        0x0 c:/intelfpga_lite/23.1std/nios2eds/bin/gnu/h-x86_64-mingw32/bin/../lib/gcc/nios2-elf/12.3.1/../../../../../H-x86_64-mingw32/nios2-elf/lib/mno-hw-mul\libsmallc.a(libc_a-strlen.o)
 .data          0x00083648        0x0 c:/intelfpga_lite/23.1std/nios2eds/bin/gnu/h-x86_64-mingw32/bin/../lib/gcc/nios2-elf/12.3.1/../../../../../H-x86_64-mingw32/nios2-elf/lib/mno-hw-mul\libsmallc.a(libc_a-impure.o)
 .data._impure_data
                0x00083648       0x54 c:/intelfpga_lite/23.1std/nios2eds/bin/gnu/h-x86_64-mingw32/bin/../lib/gcc/nios2-elf/12.3.1/../../../../../H-x86_64-mingw32/nios2-elf/lib/mno-hw-mul\libsmallc.a(libc_a-impure.o)
                0x00083648                _impure_data
 .data          0x0008369c        0x0 c:/intelfpga_lite/23.1std/nios2eds/bin/gnu/h-x86_64-mingw32/bin/../lib/gcc/nios2-elf/12.3.1/../../../../../H-x86_64-mingw32/nios2-elf/lib/mno-hw-mul\libsmallc.a(libc_a-vfprintf.o)
 .data          0x0008369c        0x0 c:/intelfpga_lite/23.1std/nios2eds/bin/gnu/h-x86_64-mingw32/bin/../lib/gcc/nios2-elf/12.3.1/../../../../../H-x86_64-mingw32/nios2-elf/lib/mno-hw-mul\libsmallc.a(libc_a-fvwrite_small_dev.o)
 .data          0x0008369c        0x0 c:/intelfpga_lite/23.1std/nios2eds/bin/gnu/h-x86_64-mingw32/bin/../lib/gcc/nios2-elf/12.3.1/../../../../../H-x86_64-mingw32/nios2-elf/lib/mno-hw-mul\libsmallc.a(libc_a-writer.o)
 .data          0x0008369c        0x0 c:/intelfpga_lite/23.1std/nios2eds/bin/gnu/h-x86_64-mingw32/bin/../lib/gcc/nios2-elf/12.3.1/../../../../../H-x86_64-mingw32/nios2-elf/lib/mno-hw-mul\libsmallc.a(libc_a-int_errno.o)
 .data          0x0008369c        0x0 c:/Users/Jakob/Documents/system_template_de1_soc/system_template_de1_soc/software/hello_world_2_bsp/\libhal_bsp.a(alt_load.o)
 .data          0x0008369c        0x0 c:/Users/Jakob/Documents/system_template_de1_soc/system_template_de1_soc/software/hello_world_2_bsp/\libhal_bsp.a(alt_main.o)
 .data          0x0008369c        0x0 c:/Users/Jakob/Documents/system_template_de1_soc/system_template_de1_soc/software/hello_world_2_bsp/\libhal_bsp.a(alt_times.o)
 .data          0x0008369c        0x0 c:/Users/Jakob/Documents/system_template_de1_soc/system_template_de1_soc/software/hello_world_2_bsp/\libhal_bsp.a(alt_write.o)
 .data          0x0008369c       0x2c c:/Users/Jakob/Documents/system_template_de1_soc/system_template_de1_soc/software/hello_world_2_bsp/\libhal_bsp.a(alt_sys_init.o)
 .data          0x000836c8        0x0 c:/Users/Jakob/Documents/system_template_de1_soc/system_template_de1_soc/software/hello_world_2_bsp/\libhal_bsp.a(altera_avalon_jtag_uart_fd.o)
 .data          0x000836c8        0x0 c:/Users/Jakob/Documents/system_template_de1_soc/system_template_de1_soc/software/hello_world_2_bsp/\libhal_bsp.a(altera_avalon_jtag_uart_read.o)
 .data          0x000836c8        0x0 c:/Users/Jakob/Documents/system_template_de1_soc/system_template_de1_soc/software/hello_world_2_bsp/\libhal_bsp.a(altera_avalon_jtag_uart_write.o)
 .data          0x000836c8        0x0 c:/Users/Jakob/Documents/system_template_de1_soc/system_template_de1_soc/software/hello_world_2_bsp/\libhal_bsp.a(altera_avalon_timer_sc.o)
 .data          0x000836c8        0x0 c:/Users/Jakob/Documents/system_template_de1_soc/system_template_de1_soc/software/hello_world_2_bsp/\libhal_bsp.a(alt_close.o)
 .data          0x000836c8        0x0 c:/Users/Jakob/Documents/system_template_de1_soc/system_template_de1_soc/software/hello_world_2_bsp/\libhal_bsp.a(alt_dcache_flush_all.o)
 .data          0x000836c8      0x1a8 c:/Users/Jakob/Documents/system_template_de1_soc/system_template_de1_soc/software/hello_world_2_bsp/\libhal_bsp.a(alt_dev.o)
                0x000836c8                alt_dev_null
                0x000836f0                alt_fd_list
 .data          0x00083870        0x0 c:/Users/Jakob/Documents/system_template_de1_soc/system_template_de1_soc/software/hello_world_2_bsp/\libhal_bsp.a(alt_dev_llist_insert.o)
 .data          0x00083870        0x0 c:/Users/Jakob/Documents/system_template_de1_soc/system_template_de1_soc/software/hello_world_2_bsp/\libhal_bsp.a(alt_errno.o)
 .data          0x00083870        0x0 c:/Users/Jakob/Documents/system_template_de1_soc/system_template_de1_soc/software/hello_world_2_bsp/\libhal_bsp.a(alt_icache_flush_all.o)
 .data          0x00083870        0x0 c:/Users/Jakob/Documents/system_template_de1_soc/system_template_de1_soc/software/hello_world_2_bsp/\libhal_bsp.a(alt_iic.o)
 .data          0x00083870        0x0 c:/Users/Jakob/Documents/system_template_de1_soc/system_template_de1_soc/software/hello_world_2_bsp/\libhal_bsp.a(alt_iic_isr_register.o)
 .data          0x00083870        0x0 c:/Users/Jakob/Documents/system_template_de1_soc/system_template_de1_soc/software/hello_world_2_bsp/\libhal_bsp.a(alt_io_redirect.o)
 .data          0x00083870        0x0 c:/Users/Jakob/Documents/system_template_de1_soc/system_template_de1_soc/software/hello_world_2_bsp/\libhal_bsp.a(alt_irq_entry.o)
 .data          0x00083870        0x0 c:/Users/Jakob/Documents/system_template_de1_soc/system_template_de1_soc/software/hello_world_2_bsp/\libhal_bsp.a(alt_irq_handler.o)
 .data          0x00083870        0x0 c:/Users/Jakob/Documents/system_template_de1_soc/system_template_de1_soc/software/hello_world_2_bsp/\libhal_bsp.a(alt_irq_vars.o)
 .data          0x00083870        0x0 c:/Users/Jakob/Documents/system_template_de1_soc/system_template_de1_soc/software/hello_world_2_bsp/\libhal_bsp.a(alt_open.o)
 .data          0x00083870        0x0 c:/Users/Jakob/Documents/system_template_de1_soc/system_template_de1_soc/software/hello_world_2_bsp/\libhal_bsp.a(alt_release_fd.o)
 .data          0x00083870        0x0 c:/Users/Jakob/Documents/system_template_de1_soc/system_template_de1_soc/software/hello_world_2_bsp/\libhal_bsp.a(alt_tick.o)
 .data          0x00083870        0x0 c:/Users/Jakob/Documents/system_template_de1_soc/system_template_de1_soc/software/hello_world_2_bsp/\libhal_bsp.a(altera_nios2_gen2_irq.o)
 .data          0x00083870        0x0 c:/Users/Jakob/Documents/system_template_de1_soc/system_template_de1_soc/software/hello_world_2_bsp/\libhal_bsp.a(alt_exception_entry.o)
 .data          0x00083870        0x0 c:/Users/Jakob/Documents/system_template_de1_soc/system_template_de1_soc/software/hello_world_2_bsp/\libhal_bsp.a(alt_find_dev.o)
 .data          0x00083870        0x0 c:/Users/Jakob/Documents/system_template_de1_soc/system_template_de1_soc/software/hello_world_2_bsp/\libhal_bsp.a(alt_find_file.o)
 .data          0x00083870        0x0 c:/Users/Jakob/Documents/system_template_de1_soc/system_template_de1_soc/software/hello_world_2_bsp/\libhal_bsp.a(alt_get_fd.o)
 .data          0x00083870        0x0 c:/Users/Jakob/Documents/system_template_de1_soc/system_template_de1_soc/software/hello_world_2_bsp/\libhal_bsp.a(alt_icache_flush.o)
 .data          0x00083870        0x0 c:/Users/Jakob/Documents/system_template_de1_soc/system_template_de1_soc/software/hello_world_2_bsp/\libhal_bsp.a(alt_instruction_exception_entry.o)
 .data          0x00083870        0x0 c:/intelfpga_lite/23.1std/nios2eds/bin/gnu/h-x86_64-mingw32/bin/../lib/gcc/nios2-elf/12.3.1/../../../../../H-x86_64-mingw32/nios2-elf/lib/mno-hw-mul\libsmallc.a(libc_a-exit.o)
 .data          0x00083870        0x0 c:/intelfpga_lite/23.1std/nios2eds/bin/gnu/h-x86_64-mingw32/bin/../lib/gcc/nios2-elf/12.3.1/../../../../../H-x86_64-mingw32/nios2-elf/lib/mno-hw-mul\libsmallc.a(libc_a-memcmp.o)
 .data          0x00083870        0x0 c:/intelfpga_lite/23.1std/nios2eds/bin/gnu/h-x86_64-mingw32/bin/../lib/gcc/nios2-elf/12.3.1/../../../../../H-x86_64-mingw32/nios2-elf/lib/mno-hw-mul\libsmallc.a(libc_a-__call_atexit.o)
 .data          0x00083870        0x0 c:/Users/Jakob/Documents/system_template_de1_soc/system_template_de1_soc/software/hello_world_2_bsp/\libhal_bsp.a(alt_exit.o)
                0x0008b870                        _gp = ABSOLUTE ((. + 0x8000))
                [!provide]                        PROVIDE (gp = _gp)
 *(.rwdata .rwdata.*)
 *(.sdata .sdata.* .gnu.linkonce.s.*)
 .sdata._impure_ptr
                0x00083870        0x4 c:/intelfpga_lite/23.1std/nios2eds/bin/gnu/h-x86_64-mingw32/bin/../lib/gcc/nios2-elf/12.3.1/../../../../../H-x86_64-mingw32/nios2-elf/lib/mno-hw-mul\libsmallc.a(libc_a-impure.o)
                0x00083870                _impure_ptr
 .sdata         0x00083874       0x14 c:/Users/Jakob/Documents/system_template_de1_soc/system_template_de1_soc/software/hello_world_2_bsp/\libhal_bsp.a(alt_dev.o)
                0x00083874                alt_fs_list
                0x0008387c                alt_dev_list
                0x00083884                alt_max_fd
 .sdata         0x00083888        0x4 c:/Users/Jakob/Documents/system_template_de1_soc/system_template_de1_soc/software/hello_world_2_bsp/\libhal_bsp.a(alt_errno.o)
                0x00083888                alt_errno
 .sdata         0x0008388c        0x4 c:/Users/Jakob/Documents/system_template_de1_soc/system_template_de1_soc/software/hello_world_2_bsp/\libhal_bsp.a(alt_irq_vars.o)
                0x0008388c                alt_priority_mask
 .sdata         0x00083890        0x8 c:/Users/Jakob/Documents/system_template_de1_soc/system_template_de1_soc/software/hello_world_2_bsp/\libhal_bsp.a(alt_tick.o)
                0x00083890                alt_alarm_list
 *(.sdata2 .sdata2.* .gnu.linkonce.s2.*)
                0x00083898                        . = ALIGN (0x4)
                0x00083898                        _edata = ABSOLUTE (.)
                [!provide]                        PROVIDE (edata = ABSOLUTE (.))
                0x00083898                        PROVIDE (__ram_rwdata_end = ABSOLUTE (.))
                0x00083898                        PROVIDE (__flash_rwdata_start = LOADADDR (.rwdata))

.bss            0x00083ae8      0x12c
                0x00083ae8                        __bss_start = ABSOLUTE (.)
                [!provide]                        PROVIDE (__sbss_start = ABSOLUTE (.))
                [!provide]                        PROVIDE (___sbss_start = ABSOLUTE (.))
 *(.dynsbss)
 *(.sbss .sbss.* .gnu.linkonce.sb.*)
 .sbss.errno    0x00083ae8        0x4 c:/intelfpga_lite/23.1std/nios2eds/bin/gnu/h-x86_64-mingw32/bin/../lib/gcc/nios2-elf/12.3.1/../../../../../H-x86_64-mingw32/nios2-elf/lib/mno-hw-mul\libsmallc.a(libc_a-int_errno.o)
                0x00083ae8                errno
 .sbss          0x00083aec        0xc c:/Users/Jakob/Documents/system_template_de1_soc/system_template_de1_soc/software/hello_world_2_bsp/\libhal_bsp.a(alt_main.o)
                0x00083aec                alt_argc
                0x00083af0                alt_argv
                0x00083af4                alt_envp
 .sbss          0x00083af8        0x4 c:/Users/Jakob/Documents/system_template_de1_soc/system_template_de1_soc/software/hello_world_2_bsp/\libhal_bsp.a(alt_irq_vars.o)
                0x00083af8                alt_irq_active
 .sbss          0x00083afc        0xc c:/Users/Jakob/Documents/system_template_de1_soc/system_template_de1_soc/software/hello_world_2_bsp/\libhal_bsp.a(alt_tick.o)
                0x00083afc                _alt_tick_rate
                0x00083b00                _alt_nticks
 .sbss          0x00083b08        0x4 c:/Users/Jakob/Documents/system_template_de1_soc/system_template_de1_soc/software/hello_world_2_bsp/\libhal_bsp.a(alt_instruction_exception_entry.o)
                0x00083b08                alt_instruction_exception_handler
 .sbss.__stdio_exit_handler
                0x00083b0c        0x4 c:/intelfpga_lite/23.1std/nios2eds/bin/gnu/h-x86_64-mingw32/bin/../lib/gcc/nios2-elf/12.3.1/../../../../../H-x86_64-mingw32/nios2-elf/lib/mno-hw-mul\libsmallc.a(libc_a-exit.o)
                0x00083b0c                __stdio_exit_handler
 .sbss.__atexit
                0x00083b10        0x4 c:/intelfpga_lite/23.1std/nios2eds/bin/gnu/h-x86_64-mingw32/bin/../lib/gcc/nios2-elf/12.3.1/../../../../../H-x86_64-mingw32/nios2-elf/lib/mno-hw-mul\libsmallc.a(libc_a-__call_atexit.o)
                0x00083b10                __atexit
 *(.sbss2 .sbss2.* .gnu.linkonce.sb2.*)
 *(.scommon)
                [!provide]                        PROVIDE (__sbss_end = ABSOLUTE (.))
                [!provide]                        PROVIDE (___sbss_end = ABSOLUTE (.))
 *(.dynbss)
 *(.bss .bss.* .gnu.linkonce.b.*)
 .bss           0x00083b14        0x0 c:/Users/Jakob/Documents/system_template_de1_soc/system_template_de1_soc/software/hello_world_2_bsp//obj/HAL/src/crt0.o
 .bss           0x00083b14        0x0 obj/default/hello_world.o
 .bss           0x00083b14        0x0 c:/intelfpga_lite/23.1std/nios2eds/bin/gnu/h-x86_64-mingw32/bin/../lib/gcc/nios2-elf/12.3.1/mno-hw-mul\libgcc.a(lib2-divmod.o)
 .bss           0x00083b14        0x0 c:/intelfpga_lite/23.1std/nios2eds/bin/gnu/h-x86_64-mingw32/bin/../lib/gcc/nios2-elf/12.3.1/mno-hw-mul\libgcc.a(addsf3.o)
 .bss           0x00083b14        0x0 c:/intelfpga_lite/23.1std/nios2eds/bin/gnu/h-x86_64-mingw32/bin/../lib/gcc/nios2-elf/12.3.1/mno-hw-mul\libgcc.a(divsf3.o)
 .bss           0x00083b14        0x0 c:/intelfpga_lite/23.1std/nios2eds/bin/gnu/h-x86_64-mingw32/bin/../lib/gcc/nios2-elf/12.3.1/mno-hw-mul\libgcc.a(mulsf3.o)
 .bss           0x00083b14        0x0 c:/intelfpga_lite/23.1std/nios2eds/bin/gnu/h-x86_64-mingw32/bin/../lib/gcc/nios2-elf/12.3.1/mno-hw-mul\libgcc.a(fixsfsi.o)
 .bss           0x00083b14        0x0 c:/intelfpga_lite/23.1std/nios2eds/bin/gnu/h-x86_64-mingw32/bin/../lib/gcc/nios2-elf/12.3.1/mno-hw-mul\libgcc.a(_clzsi2.o)
 .bss           0x00083b14        0x0 c:/intelfpga_lite/23.1std/nios2eds/bin/gnu/h-x86_64-mingw32/bin/../lib/gcc/nios2-elf/12.3.1/mno-hw-mul\libgcc.a(lib2-mul.o)
 .bss           0x00083b14        0x0 c:/intelfpga_lite/23.1std/nios2eds/bin/gnu/h-x86_64-mingw32/bin/../lib/gcc/nios2-elf/12.3.1/mno-hw-mul\libgcc.a(_clz.o)
 .bss           0x00083b14        0x0 c:/intelfpga_lite/23.1std/nios2eds/bin/gnu/h-x86_64-mingw32/bin/../lib/gcc/nios2-elf/12.3.1/../../../../../H-x86_64-mingw32/nios2-elf/lib/mno-hw-mul\libsmallc.a(libc_a-printf.o)
 .bss           0x00083b14        0x0 c:/intelfpga_lite/23.1std/nios2eds/bin/gnu/h-x86_64-mingw32/bin/../lib/gcc/nios2-elf/12.3.1/../../../../../H-x86_64-mingw32/nios2-elf/lib/mno-hw-mul\libsmallc.a(libc_a-puts.o)
 .bss           0x00083b14        0x0 c:/intelfpga_lite/23.1std/nios2eds/bin/gnu/h-x86_64-mingw32/bin/../lib/gcc/nios2-elf/12.3.1/../../../../../H-x86_64-mingw32/nios2-elf/lib/mno-hw-mul\libsmallc.a(libc_a-strlen.o)
 .bss           0x00083b14        0x0 c:/intelfpga_lite/23.1std/nios2eds/bin/gnu/h-x86_64-mingw32/bin/../lib/gcc/nios2-elf/12.3.1/../../../../../H-x86_64-mingw32/nios2-elf/lib/mno-hw-mul\libsmallc.a(libc_a-impure.o)
 .bss           0x00083b14        0x0 c:/intelfpga_lite/23.1std/nios2eds/bin/gnu/h-x86_64-mingw32/bin/../lib/gcc/nios2-elf/12.3.1/../../../../../H-x86_64-mingw32/nios2-elf/lib/mno-hw-mul\libsmallc.a(libc_a-vfprintf.o)
 .bss           0x00083b14        0x0 c:/intelfpga_lite/23.1std/nios2eds/bin/gnu/h-x86_64-mingw32/bin/../lib/gcc/nios2-elf/12.3.1/../../../../../H-x86_64-mingw32/nios2-elf/lib/mno-hw-mul\libsmallc.a(libc_a-fvwrite_small_dev.o)
 .bss           0x00083b14        0x0 c:/intelfpga_lite/23.1std/nios2eds/bin/gnu/h-x86_64-mingw32/bin/../lib/gcc/nios2-elf/12.3.1/../../../../../H-x86_64-mingw32/nios2-elf/lib/mno-hw-mul\libsmallc.a(libc_a-writer.o)
 .bss           0x00083b14        0x0 c:/intelfpga_lite/23.1std/nios2eds/bin/gnu/h-x86_64-mingw32/bin/../lib/gcc/nios2-elf/12.3.1/../../../../../H-x86_64-mingw32/nios2-elf/lib/mno-hw-mul\libsmallc.a(libc_a-int_errno.o)
 .bss           0x00083b14        0x0 c:/Users/Jakob/Documents/system_template_de1_soc/system_template_de1_soc/software/hello_world_2_bsp/\libhal_bsp.a(alt_load.o)
 .bss           0x00083b14        0x0 c:/Users/Jakob/Documents/system_template_de1_soc/system_template_de1_soc/software/hello_world_2_bsp/\libhal_bsp.a(alt_main.o)
 .bss           0x00083b14        0x0 c:/Users/Jakob/Documents/system_template_de1_soc/system_template_de1_soc/software/hello_world_2_bsp/\libhal_bsp.a(alt_times.o)
 .bss           0x00083b14        0x0 c:/Users/Jakob/Documents/system_template_de1_soc/system_template_de1_soc/software/hello_world_2_bsp/\libhal_bsp.a(alt_write.o)
 .bss           0x00083b14        0x0 c:/Users/Jakob/Documents/system_template_de1_soc/system_template_de1_soc/software/hello_world_2_bsp/\libhal_bsp.a(alt_sys_init.o)
 .bss           0x00083b14        0x0 c:/Users/Jakob/Documents/system_template_de1_soc/system_template_de1_soc/software/hello_world_2_bsp/\libhal_bsp.a(altera_avalon_jtag_uart_fd.o)
 .bss           0x00083b14        0x0 c:/Users/Jakob/Documents/system_template_de1_soc/system_template_de1_soc/software/hello_world_2_bsp/\libhal_bsp.a(altera_avalon_jtag_uart_read.o)
 .bss           0x00083b14        0x0 c:/Users/Jakob/Documents/system_template_de1_soc/system_template_de1_soc/software/hello_world_2_bsp/\libhal_bsp.a(altera_avalon_jtag_uart_write.o)
 .bss           0x00083b14        0x0 c:/Users/Jakob/Documents/system_template_de1_soc/system_template_de1_soc/software/hello_world_2_bsp/\libhal_bsp.a(altera_avalon_timer_sc.o)
 .bss           0x00083b14        0x0 c:/Users/Jakob/Documents/system_template_de1_soc/system_template_de1_soc/software/hello_world_2_bsp/\libhal_bsp.a(alt_close.o)
 .bss           0x00083b14        0x0 c:/Users/Jakob/Documents/system_template_de1_soc/system_template_de1_soc/software/hello_world_2_bsp/\libhal_bsp.a(alt_dcache_flush_all.o)
 .bss           0x00083b14        0x0 c:/Users/Jakob/Documents/system_template_de1_soc/system_template_de1_soc/software/hello_world_2_bsp/\libhal_bsp.a(alt_dev.o)
 .bss           0x00083b14        0x0 c:/Users/Jakob/Documents/system_template_de1_soc/system_template_de1_soc/software/hello_world_2_bsp/\libhal_bsp.a(alt_dev_llist_insert.o)
 .bss           0x00083b14        0x0 c:/Users/Jakob/Documents/system_template_de1_soc/system_template_de1_soc/software/hello_world_2_bsp/\libhal_bsp.a(alt_errno.o)
 .bss           0x00083b14        0x0 c:/Users/Jakob/Documents/system_template_de1_soc/system_template_de1_soc/software/hello_world_2_bsp/\libhal_bsp.a(alt_icache_flush_all.o)
 .bss           0x00083b14        0x0 c:/Users/Jakob/Documents/system_template_de1_soc/system_template_de1_soc/software/hello_world_2_bsp/\libhal_bsp.a(alt_iic.o)
 .bss           0x00083b14        0x0 c:/Users/Jakob/Documents/system_template_de1_soc/system_template_de1_soc/software/hello_world_2_bsp/\libhal_bsp.a(alt_iic_isr_register.o)
 .bss           0x00083b14        0x0 c:/Users/Jakob/Documents/system_template_de1_soc/system_template_de1_soc/software/hello_world_2_bsp/\libhal_bsp.a(alt_io_redirect.o)
 .bss           0x00083b14        0x0 c:/Users/Jakob/Documents/system_template_de1_soc/system_template_de1_soc/software/hello_world_2_bsp/\libhal_bsp.a(alt_irq_entry.o)
 .bss           0x00083b14      0x100 c:/Users/Jakob/Documents/system_template_de1_soc/system_template_de1_soc/software/hello_world_2_bsp/\libhal_bsp.a(alt_irq_handler.o)
                0x00083b14                alt_irq
 .bss           0x00083c14        0x0 c:/Users/Jakob/Documents/system_template_de1_soc/system_template_de1_soc/software/hello_world_2_bsp/\libhal_bsp.a(alt_irq_vars.o)
 .bss           0x00083c14        0x0 c:/Users/Jakob/Documents/system_template_de1_soc/system_template_de1_soc/software/hello_world_2_bsp/\libhal_bsp.a(alt_open.o)
 .bss           0x00083c14        0x0 c:/Users/Jakob/Documents/system_template_de1_soc/system_template_de1_soc/software/hello_world_2_bsp/\libhal_bsp.a(alt_release_fd.o)
 .bss           0x00083c14        0x0 c:/Users/Jakob/Documents/system_template_de1_soc/system_template_de1_soc/software/hello_world_2_bsp/\libhal_bsp.a(alt_tick.o)
 .bss           0x00083c14        0x0 c:/Users/Jakob/Documents/system_template_de1_soc/system_template_de1_soc/software/hello_world_2_bsp/\libhal_bsp.a(altera_nios2_gen2_irq.o)
 .bss           0x00083c14        0x0 c:/Users/Jakob/Documents/system_template_de1_soc/system_template_de1_soc/software/hello_world_2_bsp/\libhal_bsp.a(alt_exception_entry.o)
 .bss           0x00083c14        0x0 c:/Users/Jakob/Documents/system_template_de1_soc/system_template_de1_soc/software/hello_world_2_bsp/\libhal_bsp.a(alt_find_dev.o)
 .bss           0x00083c14        0x0 c:/Users/Jakob/Documents/system_template_de1_soc/system_template_de1_soc/software/hello_world_2_bsp/\libhal_bsp.a(alt_find_file.o)
 .bss           0x00083c14        0x0 c:/Users/Jakob/Documents/system_template_de1_soc/system_template_de1_soc/software/hello_world_2_bsp/\libhal_bsp.a(alt_get_fd.o)
 .bss           0x00083c14        0x0 c:/Users/Jakob/Documents/system_template_de1_soc/system_template_de1_soc/software/hello_world_2_bsp/\libhal_bsp.a(alt_icache_flush.o)
 .bss           0x00083c14        0x0 c:/Users/Jakob/Documents/system_template_de1_soc/system_template_de1_soc/software/hello_world_2_bsp/\libhal_bsp.a(alt_instruction_exception_entry.o)
 .bss           0x00083c14        0x0 c:/intelfpga_lite/23.1std/nios2eds/bin/gnu/h-x86_64-mingw32/bin/../lib/gcc/nios2-elf/12.3.1/../../../../../H-x86_64-mingw32/nios2-elf/lib/mno-hw-mul\libsmallc.a(libc_a-exit.o)
 .bss           0x00083c14        0x0 c:/intelfpga_lite/23.1std/nios2eds/bin/gnu/h-x86_64-mingw32/bin/../lib/gcc/nios2-elf/12.3.1/../../../../../H-x86_64-mingw32/nios2-elf/lib/mno-hw-mul\libsmallc.a(libc_a-memcmp.o)
 .bss           0x00083c14        0x0 c:/intelfpga_lite/23.1std/nios2eds/bin/gnu/h-x86_64-mingw32/bin/../lib/gcc/nios2-elf/12.3.1/../../../../../H-x86_64-mingw32/nios2-elf/lib/mno-hw-mul\libsmallc.a(libc_a-__call_atexit.o)
 .bss           0x00083c14        0x0 c:/Users/Jakob/Documents/system_template_de1_soc/system_template_de1_soc/software/hello_world_2_bsp/\libhal_bsp.a(alt_exit.o)
 *(COMMON)
                0x00083c14                        . = ALIGN (0x4)
                0x00083c14                        __bss_end = ABSOLUTE (.)

.onchip_mem     0x00083c14        0x0
                [!provide]                        PROVIDE (_alt_partition_onchip_mem_start = ABSOLUTE (.))
 *(.onchip_mem .onchip_mem. onchip_mem.*)
                0x00083c14                        . = ALIGN (0x4)
                [!provide]                        PROVIDE (_alt_partition_onchip_mem_end = ABSOLUTE (.))
                0x00083c14                        _end = ABSOLUTE (.)
                0x00083c14                        end = ABSOLUTE (.)
                0x00083c14                        __alt_stack_base = ABSOLUTE (.)
                [!provide]                        PROVIDE (_alt_partition_onchip_mem_load_addr = LOADADDR (.onchip_mem))

.stab
 *(.stab)

.stabstr
 *(.stabstr)

.stab.excl
 *(.stab.excl)

.stab.exclstr
 *(.stab.exclstr)

.stab.index
 *(.stab.index)

.stab.indexstr
 *(.stab.indexstr)

.comment        0x00000000       0x2d
 *(.comment)
 .comment       0x00000000       0x2d obj/default/hello_world.o
                                 0x2e (size before relaxing)
 .comment       0x0000002d       0x2e c:/intelfpga_lite/23.1std/nios2eds/bin/gnu/h-x86_64-mingw32/bin/../lib/gcc/nios2-elf/12.3.1/mno-hw-mul\libgcc.a(lib2-divmod.o)
 .comment       0x0000002d       0x2e c:/intelfpga_lite/23.1std/nios2eds/bin/gnu/h-x86_64-mingw32/bin/../lib/gcc/nios2-elf/12.3.1/mno-hw-mul\libgcc.a(addsf3.o)
 .comment       0x0000002d       0x2e c:/intelfpga_lite/23.1std/nios2eds/bin/gnu/h-x86_64-mingw32/bin/../lib/gcc/nios2-elf/12.3.1/mno-hw-mul\libgcc.a(divsf3.o)
 .comment       0x0000002d       0x2e c:/intelfpga_lite/23.1std/nios2eds/bin/gnu/h-x86_64-mingw32/bin/../lib/gcc/nios2-elf/12.3.1/mno-hw-mul\libgcc.a(mulsf3.o)
 .comment       0x0000002d       0x2e c:/intelfpga_lite/23.1std/nios2eds/bin/gnu/h-x86_64-mingw32/bin/../lib/gcc/nios2-elf/12.3.1/mno-hw-mul\libgcc.a(fixsfsi.o)
 .comment       0x0000002d       0x2e c:/intelfpga_lite/23.1std/nios2eds/bin/gnu/h-x86_64-mingw32/bin/../lib/gcc/nios2-elf/12.3.1/mno-hw-mul\libgcc.a(_clzsi2.o)
 .comment       0x0000002d       0x2e c:/intelfpga_lite/23.1std/nios2eds/bin/gnu/h-x86_64-mingw32/bin/../lib/gcc/nios2-elf/12.3.1/mno-hw-mul\libgcc.a(lib2-mul.o)
 .comment       0x0000002d       0x2e c:/intelfpga_lite/23.1std/nios2eds/bin/gnu/h-x86_64-mingw32/bin/../lib/gcc/nios2-elf/12.3.1/mno-hw-mul\libgcc.a(_clz.o)
 .comment       0x0000002d       0x2e c:/intelfpga_lite/23.1std/nios2eds/bin/gnu/h-x86_64-mingw32/bin/../lib/gcc/nios2-elf/12.3.1/../../../../../H-x86_64-mingw32/nios2-elf/lib/mno-hw-mul\libsmallc.a(libc_a-printf.o)
 .comment       0x0000002d       0x2e c:/intelfpga_lite/23.1std/nios2eds/bin/gnu/h-x86_64-mingw32/bin/../lib/gcc/nios2-elf/12.3.1/../../../../../H-x86_64-mingw32/nios2-elf/lib/mno-hw-mul\libsmallc.a(libc_a-puts.o)
 .comment       0x0000002d       0x2e c:/intelfpga_lite/23.1std/nios2eds/bin/gnu/h-x86_64-mingw32/bin/../lib/gcc/nios2-elf/12.3.1/../../../../../H-x86_64-mingw32/nios2-elf/lib/mno-hw-mul\libsmallc.a(libc_a-strlen.o)
 .comment       0x0000002d       0x2e c:/intelfpga_lite/23.1std/nios2eds/bin/gnu/h-x86_64-mingw32/bin/../lib/gcc/nios2-elf/12.3.1/../../../../../H-x86_64-mingw32/nios2-elf/lib/mno-hw-mul\libsmallc.a(libc_a-impure.o)
 .comment       0x0000002d       0x2e c:/intelfpga_lite/23.1std/nios2eds/bin/gnu/h-x86_64-mingw32/bin/../lib/gcc/nios2-elf/12.3.1/../../../../../H-x86_64-mingw32/nios2-elf/lib/mno-hw-mul\libsmallc.a(libc_a-vfprintf.o)
 .comment       0x0000002d       0x2e c:/intelfpga_lite/23.1std/nios2eds/bin/gnu/h-x86_64-mingw32/bin/../lib/gcc/nios2-elf/12.3.1/../../../../../H-x86_64-mingw32/nios2-elf/lib/mno-hw-mul\libsmallc.a(libc_a-fvwrite_small_dev.o)
 .comment       0x0000002d       0x2e c:/intelfpga_lite/23.1std/nios2eds/bin/gnu/h-x86_64-mingw32/bin/../lib/gcc/nios2-elf/12.3.1/../../../../../H-x86_64-mingw32/nios2-elf/lib/mno-hw-mul\libsmallc.a(libc_a-writer.o)
 .comment       0x0000002d       0x2e c:/intelfpga_lite/23.1std/nios2eds/bin/gnu/h-x86_64-mingw32/bin/../lib/gcc/nios2-elf/12.3.1/../../../../../H-x86_64-mingw32/nios2-elf/lib/mno-hw-mul\libsmallc.a(libc_a-int_errno.o)
 .comment       0x0000002d       0x2e c:/Users/Jakob/Documents/system_template_de1_soc/system_template_de1_soc/software/hello_world_2_bsp/\libhal_bsp.a(alt_load.o)
 .comment       0x0000002d       0x2e c:/Users/Jakob/Documents/system_template_de1_soc/system_template_de1_soc/software/hello_world_2_bsp/\libhal_bsp.a(alt_main.o)
 .comment       0x0000002d       0x2e c:/Users/Jakob/Documents/system_template_de1_soc/system_template_de1_soc/software/hello_world_2_bsp/\libhal_bsp.a(alt_times.o)
 .comment       0x0000002d       0x2e c:/Users/Jakob/Documents/system_template_de1_soc/system_template_de1_soc/software/hello_world_2_bsp/\libhal_bsp.a(alt_write.o)
 .comment       0x0000002d       0x2e c:/Users/Jakob/Documents/system_template_de1_soc/system_template_de1_soc/software/hello_world_2_bsp/\libhal_bsp.a(alt_sys_init.o)
 .comment       0x0000002d       0x2e c:/Users/Jakob/Documents/system_template_de1_soc/system_template_de1_soc/software/hello_world_2_bsp/\libhal_bsp.a(altera_avalon_jtag_uart_fd.o)
 .comment       0x0000002d       0x2e c:/Users/Jakob/Documents/system_template_de1_soc/system_template_de1_soc/software/hello_world_2_bsp/\libhal_bsp.a(altera_avalon_jtag_uart_read.o)
 .comment       0x0000002d       0x2e c:/Users/Jakob/Documents/system_template_de1_soc/system_template_de1_soc/software/hello_world_2_bsp/\libhal_bsp.a(altera_avalon_jtag_uart_write.o)
 .comment       0x0000002d       0x2e c:/Users/Jakob/Documents/system_template_de1_soc/system_template_de1_soc/software/hello_world_2_bsp/\libhal_bsp.a(altera_avalon_timer_sc.o)
 .comment       0x0000002d       0x2e c:/Users/Jakob/Documents/system_template_de1_soc/system_template_de1_soc/software/hello_world_2_bsp/\libhal_bsp.a(alt_close.o)
 .comment       0x0000002d       0x2e c:/Users/Jakob/Documents/system_template_de1_soc/system_template_de1_soc/software/hello_world_2_bsp/\libhal_bsp.a(alt_dcache_flush_all.o)
 .comment       0x0000002d       0x2e c:/Users/Jakob/Documents/system_template_de1_soc/system_template_de1_soc/software/hello_world_2_bsp/\libhal_bsp.a(alt_dev.o)
 .comment       0x0000002d       0x2e c:/Users/Jakob/Documents/system_template_de1_soc/system_template_de1_soc/software/hello_world_2_bsp/\libhal_bsp.a(alt_dev_llist_insert.o)
 .comment       0x0000002d       0x2e c:/Users/Jakob/Documents/system_template_de1_soc/system_template_de1_soc/software/hello_world_2_bsp/\libhal_bsp.a(alt_errno.o)
 .comment       0x0000002d       0x2e c:/Users/Jakob/Documents/system_template_de1_soc/system_template_de1_soc/software/hello_world_2_bsp/\libhal_bsp.a(alt_icache_flush_all.o)
 .comment       0x0000002d       0x2e c:/Users/Jakob/Documents/system_template_de1_soc/system_template_de1_soc/software/hello_world_2_bsp/\libhal_bsp.a(alt_iic.o)
 .comment       0x0000002d       0x2e c:/Users/Jakob/Documents/system_template_de1_soc/system_template_de1_soc/software/hello_world_2_bsp/\libhal_bsp.a(alt_iic_isr_register.o)
 .comment       0x0000002d       0x2e c:/Users/Jakob/Documents/system_template_de1_soc/system_template_de1_soc/software/hello_world_2_bsp/\libhal_bsp.a(alt_io_redirect.o)
 .comment       0x0000002d       0x2e c:/Users/Jakob/Documents/system_template_de1_soc/system_template_de1_soc/software/hello_world_2_bsp/\libhal_bsp.a(alt_irq_handler.o)
 .comment       0x0000002d       0x2e c:/Users/Jakob/Documents/system_template_de1_soc/system_template_de1_soc/software/hello_world_2_bsp/\libhal_bsp.a(alt_irq_vars.o)
 .comment       0x0000002d       0x2e c:/Users/Jakob/Documents/system_template_de1_soc/system_template_de1_soc/software/hello_world_2_bsp/\libhal_bsp.a(alt_open.o)
 .comment       0x0000002d       0x2e c:/Users/Jakob/Documents/system_template_de1_soc/system_template_de1_soc/software/hello_world_2_bsp/\libhal_bsp.a(alt_release_fd.o)
 .comment       0x0000002d       0x2e c:/Users/Jakob/Documents/system_template_de1_soc/system_template_de1_soc/software/hello_world_2_bsp/\libhal_bsp.a(alt_tick.o)
 .comment       0x0000002d       0x2e c:/Users/Jakob/Documents/system_template_de1_soc/system_template_de1_soc/software/hello_world_2_bsp/\libhal_bsp.a(altera_nios2_gen2_irq.o)
 .comment       0x0000002d       0x2e c:/Users/Jakob/Documents/system_template_de1_soc/system_template_de1_soc/software/hello_world_2_bsp/\libhal_bsp.a(alt_find_dev.o)
 .comment       0x0000002d       0x2e c:/Users/Jakob/Documents/system_template_de1_soc/system_template_de1_soc/software/hello_world_2_bsp/\libhal_bsp.a(alt_find_file.o)
 .comment       0x0000002d       0x2e c:/Users/Jakob/Documents/system_template_de1_soc/system_template_de1_soc/software/hello_world_2_bsp/\libhal_bsp.a(alt_get_fd.o)
 .comment       0x0000002d       0x2e c:/Users/Jakob/Documents/system_template_de1_soc/system_template_de1_soc/software/hello_world_2_bsp/\libhal_bsp.a(alt_icache_flush.o)
 .comment       0x0000002d       0x2e c:/Users/Jakob/Documents/system_template_de1_soc/system_template_de1_soc/software/hello_world_2_bsp/\libhal_bsp.a(alt_instruction_exception_entry.o)
 .comment       0x0000002d       0x2e c:/intelfpga_lite/23.1std/nios2eds/bin/gnu/h-x86_64-mingw32/bin/../lib/gcc/nios2-elf/12.3.1/../../../../../H-x86_64-mingw32/nios2-elf/lib/mno-hw-mul\libsmallc.a(libc_a-exit.o)
 .comment       0x0000002d       0x2e c:/intelfpga_lite/23.1std/nios2eds/bin/gnu/h-x86_64-mingw32/bin/../lib/gcc/nios2-elf/12.3.1/../../../../../H-x86_64-mingw32/nios2-elf/lib/mno-hw-mul\libsmallc.a(libc_a-memcmp.o)
 .comment       0x0000002d       0x2e c:/intelfpga_lite/23.1std/nios2eds/bin/gnu/h-x86_64-mingw32/bin/../lib/gcc/nios2-elf/12.3.1/../../../../../H-x86_64-mingw32/nios2-elf/lib/mno-hw-mul\libsmallc.a(libc_a-__call_atexit.o)
 .comment       0x0000002d       0x2e c:/Users/Jakob/Documents/system_template_de1_soc/system_template_de1_soc/software/hello_world_2_bsp/\libhal_bsp.a(alt_exit.o)

.debug
 *(.debug)

.line
 *(.line)

.debug_srcinfo
 *(.debug_srcinfo)

.debug_sfnames
 *(.debug_sfnames)

.debug_aranges  0x00000000      0x6c8
 *(.debug_aranges)
 .debug_aranges
                0x00000000       0x28 c:/Users/Jakob/Documents/system_template_de1_soc/system_template_de1_soc/software/hello_world_2_bsp//obj/HAL/src/crt0.o
 .debug_aranges
                0x00000028       0x20 obj/default/hello_world.o
 .debug_aranges
                0x00000048       0x20 c:/intelfpga_lite/23.1std/nios2eds/bin/gnu/h-x86_64-mingw32/bin/../lib/gcc/nios2-elf/12.3.1/mno-hw-mul\libgcc.a(lib2-divmod.o)
 .debug_aranges
                0x00000068       0x20 c:/intelfpga_lite/23.1std/nios2eds/bin/gnu/h-x86_64-mingw32/bin/../lib/gcc/nios2-elf/12.3.1/mno-hw-mul\libgcc.a(addsf3.o)
 .debug_aranges
                0x00000088       0x20 c:/intelfpga_lite/23.1std/nios2eds/bin/gnu/h-x86_64-mingw32/bin/../lib/gcc/nios2-elf/12.3.1/mno-hw-mul\libgcc.a(divsf3.o)
 .debug_aranges
                0x000000a8       0x20 c:/intelfpga_lite/23.1std/nios2eds/bin/gnu/h-x86_64-mingw32/bin/../lib/gcc/nios2-elf/12.3.1/mno-hw-mul\libgcc.a(mulsf3.o)
 .debug_aranges
                0x000000c8       0x20 c:/intelfpga_lite/23.1std/nios2eds/bin/gnu/h-x86_64-mingw32/bin/../lib/gcc/nios2-elf/12.3.1/mno-hw-mul\libgcc.a(fixsfsi.o)
 .debug_aranges
                0x000000e8       0x20 c:/intelfpga_lite/23.1std/nios2eds/bin/gnu/h-x86_64-mingw32/bin/../lib/gcc/nios2-elf/12.3.1/mno-hw-mul\libgcc.a(_clzsi2.o)
 .debug_aranges
                0x00000108       0x20 c:/intelfpga_lite/23.1std/nios2eds/bin/gnu/h-x86_64-mingw32/bin/../lib/gcc/nios2-elf/12.3.1/mno-hw-mul\libgcc.a(lib2-mul.o)
 .debug_aranges
                0x00000128       0x18 c:/intelfpga_lite/23.1std/nios2eds/bin/gnu/h-x86_64-mingw32/bin/../lib/gcc/nios2-elf/12.3.1/mno-hw-mul\libgcc.a(_clz.o)
 .debug_aranges
                0x00000140       0x28 c:/intelfpga_lite/23.1std/nios2eds/bin/gnu/h-x86_64-mingw32/bin/../lib/gcc/nios2-elf/12.3.1/../../../../../H-x86_64-mingw32/nios2-elf/lib/mno-hw-mul\libsmallc.a(libc_a-printf.o)
 .debug_aranges
                0x00000168       0x28 c:/intelfpga_lite/23.1std/nios2eds/bin/gnu/h-x86_64-mingw32/bin/../lib/gcc/nios2-elf/12.3.1/../../../../../H-x86_64-mingw32/nios2-elf/lib/mno-hw-mul\libsmallc.a(libc_a-puts.o)
 .debug_aranges
                0x00000190       0x20 c:/intelfpga_lite/23.1std/nios2eds/bin/gnu/h-x86_64-mingw32/bin/../lib/gcc/nios2-elf/12.3.1/../../../../../H-x86_64-mingw32/nios2-elf/lib/mno-hw-mul\libsmallc.a(libc_a-strlen.o)
 .debug_aranges
                0x000001b0       0x18 c:/intelfpga_lite/23.1std/nios2eds/bin/gnu/h-x86_64-mingw32/bin/../lib/gcc/nios2-elf/12.3.1/../../../../../H-x86_64-mingw32/nios2-elf/lib/mno-hw-mul\libsmallc.a(libc_a-impure.o)
 .debug_aranges
                0x000001c8       0x30 c:/intelfpga_lite/23.1std/nios2eds/bin/gnu/h-x86_64-mingw32/bin/../lib/gcc/nios2-elf/12.3.1/../../../../../H-x86_64-mingw32/nios2-elf/lib/mno-hw-mul\libsmallc.a(libc_a-vfprintf.o)
 .debug_aranges
                0x000001f8       0x20 c:/intelfpga_lite/23.1std/nios2eds/bin/gnu/h-x86_64-mingw32/bin/../lib/gcc/nios2-elf/12.3.1/../../../../../H-x86_64-mingw32/nios2-elf/lib/mno-hw-mul\libsmallc.a(libc_a-fvwrite_small_dev.o)
 .debug_aranges
                0x00000218       0x20 c:/intelfpga_lite/23.1std/nios2eds/bin/gnu/h-x86_64-mingw32/bin/../lib/gcc/nios2-elf/12.3.1/../../../../../H-x86_64-mingw32/nios2-elf/lib/mno-hw-mul\libsmallc.a(libc_a-writer.o)
 .debug_aranges
                0x00000238       0x18 c:/intelfpga_lite/23.1std/nios2eds/bin/gnu/h-x86_64-mingw32/bin/../lib/gcc/nios2-elf/12.3.1/../../../../../H-x86_64-mingw32/nios2-elf/lib/mno-hw-mul\libsmallc.a(libc_a-int_errno.o)
 .debug_aranges
                0x00000250       0x20 c:/Users/Jakob/Documents/system_template_de1_soc/system_template_de1_soc/software/hello_world_2_bsp/\libhal_bsp.a(alt_load.o)
 .debug_aranges
                0x00000270       0x20 c:/Users/Jakob/Documents/system_template_de1_soc/system_template_de1_soc/software/hello_world_2_bsp/\libhal_bsp.a(alt_main.o)
 .debug_aranges
                0x00000290       0x20 c:/Users/Jakob/Documents/system_template_de1_soc/system_template_de1_soc/software/hello_world_2_bsp/\libhal_bsp.a(alt_times.o)
 .debug_aranges
                0x000002b0       0x20 c:/Users/Jakob/Documents/system_template_de1_soc/system_template_de1_soc/software/hello_world_2_bsp/\libhal_bsp.a(alt_write.o)
 .debug_aranges
                0x000002d0       0x20 c:/Users/Jakob/Documents/system_template_de1_soc/system_template_de1_soc/software/hello_world_2_bsp/\libhal_bsp.a(alt_sys_init.o)
 .debug_aranges
                0x000002f0       0x20 c:/Users/Jakob/Documents/system_template_de1_soc/system_template_de1_soc/software/hello_world_2_bsp/\libhal_bsp.a(altera_avalon_jtag_uart_fd.o)
 .debug_aranges
                0x00000310       0x20 c:/Users/Jakob/Documents/system_template_de1_soc/system_template_de1_soc/software/hello_world_2_bsp/\libhal_bsp.a(altera_avalon_jtag_uart_read.o)
 .debug_aranges
                0x00000330       0x20 c:/Users/Jakob/Documents/system_template_de1_soc/system_template_de1_soc/software/hello_world_2_bsp/\libhal_bsp.a(altera_avalon_jtag_uart_write.o)
 .debug_aranges
                0x00000350       0x20 c:/Users/Jakob/Documents/system_template_de1_soc/system_template_de1_soc/software/hello_world_2_bsp/\libhal_bsp.a(altera_avalon_timer_sc.o)
 .debug_aranges
                0x00000370       0x20 c:/Users/Jakob/Documents/system_template_de1_soc/system_template_de1_soc/software/hello_world_2_bsp/\libhal_bsp.a(alt_close.o)
 .debug_aranges
                0x00000390       0x20 c:/Users/Jakob/Documents/system_template_de1_soc/system_template_de1_soc/software/hello_world_2_bsp/\libhal_bsp.a(alt_dcache_flush_all.o)
 .debug_aranges
                0x000003b0       0x20 c:/Users/Jakob/Documents/system_template_de1_soc/system_template_de1_soc/software/hello_world_2_bsp/\libhal_bsp.a(alt_dev.o)
 .debug_aranges
                0x000003d0       0x20 c:/Users/Jakob/Documents/system_template_de1_soc/system_template_de1_soc/software/hello_world_2_bsp/\libhal_bsp.a(alt_dev_llist_insert.o)
 .debug_aranges
                0x000003f0       0x18 c:/Users/Jakob/Documents/system_template_de1_soc/system_template_de1_soc/software/hello_world_2_bsp/\libhal_bsp.a(alt_errno.o)
 .debug_aranges
                0x00000408       0x20 c:/Users/Jakob/Documents/system_template_de1_soc/system_template_de1_soc/software/hello_world_2_bsp/\libhal_bsp.a(alt_icache_flush_all.o)
 .debug_aranges
                0x00000428       0x20 c:/Users/Jakob/Documents/system_template_de1_soc/system_template_de1_soc/software/hello_world_2_bsp/\libhal_bsp.a(alt_iic.o)
 .debug_aranges
                0x00000448       0x20 c:/Users/Jakob/Documents/system_template_de1_soc/system_template_de1_soc/software/hello_world_2_bsp/\libhal_bsp.a(alt_iic_isr_register.o)
 .debug_aranges
                0x00000468       0x20 c:/Users/Jakob/Documents/system_template_de1_soc/system_template_de1_soc/software/hello_world_2_bsp/\libhal_bsp.a(alt_io_redirect.o)
 .debug_aranges
                0x00000488       0x30 c:/Users/Jakob/Documents/system_template_de1_soc/system_template_de1_soc/software/hello_world_2_bsp/\libhal_bsp.a(alt_irq_entry.o)
 .debug_aranges
                0x000004b8       0x20 c:/Users/Jakob/Documents/system_template_de1_soc/system_template_de1_soc/software/hello_world_2_bsp/\libhal_bsp.a(alt_irq_handler.o)
 .debug_aranges
                0x000004d8       0x18 c:/Users/Jakob/Documents/system_template_de1_soc/system_template_de1_soc/software/hello_world_2_bsp/\libhal_bsp.a(alt_irq_vars.o)
 .debug_aranges
                0x000004f0       0x20 c:/Users/Jakob/Documents/system_template_de1_soc/system_template_de1_soc/software/hello_world_2_bsp/\libhal_bsp.a(alt_open.o)
 .debug_aranges
                0x00000510       0x20 c:/Users/Jakob/Documents/system_template_de1_soc/system_template_de1_soc/software/hello_world_2_bsp/\libhal_bsp.a(alt_release_fd.o)
 .debug_aranges
                0x00000530       0x20 c:/Users/Jakob/Documents/system_template_de1_soc/system_template_de1_soc/software/hello_world_2_bsp/\libhal_bsp.a(alt_tick.o)
 .debug_aranges
                0x00000550       0x20 c:/Users/Jakob/Documents/system_template_de1_soc/system_template_de1_soc/software/hello_world_2_bsp/\libhal_bsp.a(altera_nios2_gen2_irq.o)
 .debug_aranges
                0x00000570       0x30 c:/Users/Jakob/Documents/system_template_de1_soc/system_template_de1_soc/software/hello_world_2_bsp/\libhal_bsp.a(alt_exception_entry.o)
 .debug_aranges
                0x000005a0       0x20 c:/Users/Jakob/Documents/system_template_de1_soc/system_template_de1_soc/software/hello_world_2_bsp/\libhal_bsp.a(alt_find_dev.o)
 .debug_aranges
                0x000005c0       0x20 c:/Users/Jakob/Documents/system_template_de1_soc/system_template_de1_soc/software/hello_world_2_bsp/\libhal_bsp.a(alt_find_file.o)
 .debug_aranges
                0x000005e0       0x20 c:/Users/Jakob/Documents/system_template_de1_soc/system_template_de1_soc/software/hello_world_2_bsp/\libhal_bsp.a(alt_get_fd.o)
 .debug_aranges
                0x00000600       0x20 c:/Users/Jakob/Documents/system_template_de1_soc/system_template_de1_soc/software/hello_world_2_bsp/\libhal_bsp.a(alt_icache_flush.o)
 .debug_aranges
                0x00000620       0x28 c:/Users/Jakob/Documents/system_template_de1_soc/system_template_de1_soc/software/hello_world_2_bsp/\libhal_bsp.a(alt_instruction_exception_entry.o)
 .debug_aranges
                0x00000648       0x20 c:/intelfpga_lite/23.1std/nios2eds/bin/gnu/h-x86_64-mingw32/bin/../lib/gcc/nios2-elf/12.3.1/../../../../../H-x86_64-mingw32/nios2-elf/lib/mno-hw-mul\libsmallc.a(libc_a-exit.o)
 .debug_aranges
                0x00000668       0x20 c:/intelfpga_lite/23.1std/nios2eds/bin/gnu/h-x86_64-mingw32/bin/../lib/gcc/nios2-elf/12.3.1/../../../../../H-x86_64-mingw32/nios2-elf/lib/mno-hw-mul\libsmallc.a(libc_a-memcmp.o)
 .debug_aranges
                0x00000688       0x20 c:/intelfpga_lite/23.1std/nios2eds/bin/gnu/h-x86_64-mingw32/bin/../lib/gcc/nios2-elf/12.3.1/../../../../../H-x86_64-mingw32/nios2-elf/lib/mno-hw-mul\libsmallc.a(libc_a-__call_atexit.o)
 .debug_aranges
                0x000006a8       0x20 c:/Users/Jakob/Documents/system_template_de1_soc/system_template_de1_soc/software/hello_world_2_bsp/\libhal_bsp.a(alt_exit.o)

.debug_pubnames
 *(.debug_pubnames)

.debug_info     0x00000000     0x8a46
 *(.debug_info .gnu.linkonce.wi.*)
 .debug_info    0x00000000       0x3f c:/Users/Jakob/Documents/system_template_de1_soc/system_template_de1_soc/software/hello_world_2_bsp//obj/HAL/src/crt0.o
 .debug_info    0x0000003f      0x207 obj/default/hello_world.o
 .debug_info    0x00000246      0x347 c:/intelfpga_lite/23.1std/nios2eds/bin/gnu/h-x86_64-mingw32/bin/../lib/gcc/nios2-elf/12.3.1/mno-hw-mul\libgcc.a(lib2-divmod.o)
 .debug_info    0x0000058d      0x328 c:/intelfpga_lite/23.1std/nios2eds/bin/gnu/h-x86_64-mingw32/bin/../lib/gcc/nios2-elf/12.3.1/mno-hw-mul\libgcc.a(addsf3.o)
 .debug_info    0x000008b5      0x33e c:/intelfpga_lite/23.1std/nios2eds/bin/gnu/h-x86_64-mingw32/bin/../lib/gcc/nios2-elf/12.3.1/mno-hw-mul\libgcc.a(divsf3.o)
 .debug_info    0x00000bf3      0x3e0 c:/intelfpga_lite/23.1std/nios2eds/bin/gnu/h-x86_64-mingw32/bin/../lib/gcc/nios2-elf/12.3.1/mno-hw-mul\libgcc.a(mulsf3.o)
 .debug_info    0x00000fd3      0x1bc c:/intelfpga_lite/23.1std/nios2eds/bin/gnu/h-x86_64-mingw32/bin/../lib/gcc/nios2-elf/12.3.1/mno-hw-mul\libgcc.a(fixsfsi.o)
 .debug_info    0x0000118f      0x139 c:/intelfpga_lite/23.1std/nios2eds/bin/gnu/h-x86_64-mingw32/bin/../lib/gcc/nios2-elf/12.3.1/mno-hw-mul\libgcc.a(_clzsi2.o)
 .debug_info    0x000012c8       0xc4 c:/intelfpga_lite/23.1std/nios2eds/bin/gnu/h-x86_64-mingw32/bin/../lib/gcc/nios2-elf/12.3.1/mno-hw-mul\libgcc.a(lib2-mul.o)
 .debug_info    0x0000138c       0xc3 c:/intelfpga_lite/23.1std/nios2eds/bin/gnu/h-x86_64-mingw32/bin/../lib/gcc/nios2-elf/12.3.1/mno-hw-mul\libgcc.a(_clz.o)
 .debug_info    0x0000144f      0x666 c:/intelfpga_lite/23.1std/nios2eds/bin/gnu/h-x86_64-mingw32/bin/../lib/gcc/nios2-elf/12.3.1/../../../../../H-x86_64-mingw32/nios2-elf/lib/mno-hw-mul\libsmallc.a(libc_a-printf.o)
 .debug_info    0x00001ab5      0x5ec c:/intelfpga_lite/23.1std/nios2eds/bin/gnu/h-x86_64-mingw32/bin/../lib/gcc/nios2-elf/12.3.1/../../../../../H-x86_64-mingw32/nios2-elf/lib/mno-hw-mul\libsmallc.a(libc_a-puts.o)
 .debug_info    0x000020a1       0xd1 c:/intelfpga_lite/23.1std/nios2eds/bin/gnu/h-x86_64-mingw32/bin/../lib/gcc/nios2-elf/12.3.1/../../../../../H-x86_64-mingw32/nios2-elf/lib/mno-hw-mul\libsmallc.a(libc_a-strlen.o)
 .debug_info    0x00002172      0x4eb c:/intelfpga_lite/23.1std/nios2eds/bin/gnu/h-x86_64-mingw32/bin/../lib/gcc/nios2-elf/12.3.1/../../../../../H-x86_64-mingw32/nios2-elf/lib/mno-hw-mul\libsmallc.a(libc_a-impure.o)
 .debug_info    0x0000265d      0xd7f c:/intelfpga_lite/23.1std/nios2eds/bin/gnu/h-x86_64-mingw32/bin/../lib/gcc/nios2-elf/12.3.1/../../../../../H-x86_64-mingw32/nios2-elf/lib/mno-hw-mul\libsmallc.a(libc_a-vfprintf.o)
 .debug_info    0x000033dc      0x5c4 c:/intelfpga_lite/23.1std/nios2eds/bin/gnu/h-x86_64-mingw32/bin/../lib/gcc/nios2-elf/12.3.1/../../../../../H-x86_64-mingw32/nios2-elf/lib/mno-hw-mul\libsmallc.a(libc_a-fvwrite_small_dev.o)
 .debug_info    0x000039a0      0x5a4 c:/intelfpga_lite/23.1std/nios2eds/bin/gnu/h-x86_64-mingw32/bin/../lib/gcc/nios2-elf/12.3.1/../../../../../H-x86_64-mingw32/nios2-elf/lib/mno-hw-mul\libsmallc.a(libc_a-writer.o)
 .debug_info    0x00003f44       0x85 c:/intelfpga_lite/23.1std/nios2eds/bin/gnu/h-x86_64-mingw32/bin/../lib/gcc/nios2-elf/12.3.1/../../../../../H-x86_64-mingw32/nios2-elf/lib/mno-hw-mul\libsmallc.a(libc_a-int_errno.o)
 .debug_info    0x00003fc9      0x144 c:/Users/Jakob/Documents/system_template_de1_soc/system_template_de1_soc/software/hello_world_2_bsp/\libhal_bsp.a(alt_load.o)
 .debug_info    0x0000410d      0x174 c:/Users/Jakob/Documents/system_template_de1_soc/system_template_de1_soc/software/hello_world_2_bsp/\libhal_bsp.a(alt_main.o)
 .debug_info    0x00004281      0x1a3 c:/Users/Jakob/Documents/system_template_de1_soc/system_template_de1_soc/software/hello_world_2_bsp/\libhal_bsp.a(alt_times.o)
 .debug_info    0x00004424      0x54a c:/Users/Jakob/Documents/system_template_de1_soc/system_template_de1_soc/software/hello_world_2_bsp/\libhal_bsp.a(alt_write.o)
 .debug_info    0x0000496e      0x43c c:/Users/Jakob/Documents/system_template_de1_soc/system_template_de1_soc/software/hello_world_2_bsp/\libhal_bsp.a(alt_sys_init.o)
 .debug_info    0x00004daa      0x3c9 c:/Users/Jakob/Documents/system_template_de1_soc/system_template_de1_soc/software/hello_world_2_bsp/\libhal_bsp.a(altera_avalon_jtag_uart_fd.o)
 .debug_info    0x00005173      0x144 c:/Users/Jakob/Documents/system_template_de1_soc/system_template_de1_soc/software/hello_world_2_bsp/\libhal_bsp.a(altera_avalon_jtag_uart_read.o)
 .debug_info    0x000052b7      0x12b c:/Users/Jakob/Documents/system_template_de1_soc/system_template_de1_soc/software/hello_world_2_bsp/\libhal_bsp.a(altera_avalon_jtag_uart_write.o)
 .debug_info    0x000053e2      0x21d c:/Users/Jakob/Documents/system_template_de1_soc/system_template_de1_soc/software/hello_world_2_bsp/\libhal_bsp.a(altera_avalon_timer_sc.o)
 .debug_info    0x000055ff      0x32f c:/Users/Jakob/Documents/system_template_de1_soc/system_template_de1_soc/software/hello_world_2_bsp/\libhal_bsp.a(alt_close.o)
 .debug_info    0x0000592e       0xa1 c:/Users/Jakob/Documents/system_template_de1_soc/system_template_de1_soc/software/hello_world_2_bsp/\libhal_bsp.a(alt_dcache_flush_all.o)
 .debug_info    0x000059cf      0x567 c:/Users/Jakob/Documents/system_template_de1_soc/system_template_de1_soc/software/hello_world_2_bsp/\libhal_bsp.a(alt_dev.o)
 .debug_info    0x00005f36      0x1a8 c:/Users/Jakob/Documents/system_template_de1_soc/system_template_de1_soc/software/hello_world_2_bsp/\libhal_bsp.a(alt_dev_llist_insert.o)
 .debug_info    0x000060de       0xa8 c:/Users/Jakob/Documents/system_template_de1_soc/system_template_de1_soc/software/hello_world_2_bsp/\libhal_bsp.a(alt_errno.o)
 .debug_info    0x00006186       0xb2 c:/Users/Jakob/Documents/system_template_de1_soc/system_template_de1_soc/software/hello_world_2_bsp/\libhal_bsp.a(alt_icache_flush_all.o)
 .debug_info    0x00006238      0x339 c:/Users/Jakob/Documents/system_template_de1_soc/system_template_de1_soc/software/hello_world_2_bsp/\libhal_bsp.a(alt_iic.o)
 .debug_info    0x00006571      0x218 c:/Users/Jakob/Documents/system_template_de1_soc/system_template_de1_soc/software/hello_world_2_bsp/\libhal_bsp.a(alt_iic_isr_register.o)
 .debug_info    0x00006789      0x561 c:/Users/Jakob/Documents/system_template_de1_soc/system_template_de1_soc/software/hello_world_2_bsp/\libhal_bsp.a(alt_io_redirect.o)
 .debug_info    0x00006cea       0x22 c:/Users/Jakob/Documents/system_template_de1_soc/system_template_de1_soc/software/hello_world_2_bsp/\libhal_bsp.a(alt_irq_entry.o)
 .debug_info    0x00006d0c      0x170 c:/Users/Jakob/Documents/system_template_de1_soc/system_template_de1_soc/software/hello_world_2_bsp/\libhal_bsp.a(alt_irq_handler.o)
 .debug_info    0x00006e7c       0x88 c:/Users/Jakob/Documents/system_template_de1_soc/system_template_de1_soc/software/hello_world_2_bsp/\libhal_bsp.a(alt_irq_vars.o)
 .debug_info    0x00006f04      0x415 c:/Users/Jakob/Documents/system_template_de1_soc/system_template_de1_soc/software/hello_world_2_bsp/\libhal_bsp.a(alt_open.o)
 .debug_info    0x00007319      0x2ac c:/Users/Jakob/Documents/system_template_de1_soc/system_template_de1_soc/software/hello_world_2_bsp/\libhal_bsp.a(alt_release_fd.o)
 .debug_info    0x000075c5      0x29e c:/Users/Jakob/Documents/system_template_de1_soc/system_template_de1_soc/software/hello_world_2_bsp/\libhal_bsp.a(alt_tick.o)
 .debug_info    0x00007863       0x8d c:/Users/Jakob/Documents/system_template_de1_soc/system_template_de1_soc/software/hello_world_2_bsp/\libhal_bsp.a(altera_nios2_gen2_irq.o)
 .debug_info    0x000078f0       0x22 c:/Users/Jakob/Documents/system_template_de1_soc/system_template_de1_soc/software/hello_world_2_bsp/\libhal_bsp.a(alt_exception_entry.o)
 .debug_info    0x00007912      0x323 c:/Users/Jakob/Documents/system_template_de1_soc/system_template_de1_soc/software/hello_world_2_bsp/\libhal_bsp.a(alt_find_dev.o)
 .debug_info    0x00007c35      0x324 c:/Users/Jakob/Documents/system_template_de1_soc/system_template_de1_soc/software/hello_world_2_bsp/\libhal_bsp.a(alt_find_file.o)
 .debug_info    0x00007f59      0x309 c:/Users/Jakob/Documents/system_template_de1_soc/system_template_de1_soc/software/hello_world_2_bsp/\libhal_bsp.a(alt_get_fd.o)
 .debug_info    0x00008262       0xd8 c:/Users/Jakob/Documents/system_template_de1_soc/system_template_de1_soc/software/hello_world_2_bsp/\libhal_bsp.a(alt_icache_flush.o)
 .debug_info    0x0000833a      0x1e8 c:/Users/Jakob/Documents/system_template_de1_soc/system_template_de1_soc/software/hello_world_2_bsp/\libhal_bsp.a(alt_instruction_exception_entry.o)
 .debug_info    0x00008522      0x115 c:/intelfpga_lite/23.1std/nios2eds/bin/gnu/h-x86_64-mingw32/bin/../lib/gcc/nios2-elf/12.3.1/../../../../../H-x86_64-mingw32/nios2-elf/lib/mno-hw-mul\libsmallc.a(libc_a-exit.o)
 .debug_info    0x00008637       0xf9 c:/intelfpga_lite/23.1std/nios2eds/bin/gnu/h-x86_64-mingw32/bin/../lib/gcc/nios2-elf/12.3.1/../../../../../H-x86_64-mingw32/nios2-elf/lib/mno-hw-mul\libsmallc.a(libc_a-memcmp.o)
 .debug_info    0x00008730      0x234 c:/intelfpga_lite/23.1std/nios2eds/bin/gnu/h-x86_64-mingw32/bin/../lib/gcc/nios2-elf/12.3.1/../../../../../H-x86_64-mingw32/nios2-elf/lib/mno-hw-mul\libsmallc.a(libc_a-__call_atexit.o)
 .debug_info    0x00008964       0xe2 c:/Users/Jakob/Documents/system_template_de1_soc/system_template_de1_soc/software/hello_world_2_bsp/\libhal_bsp.a(alt_exit.o)

.debug_abbrev   0x00000000     0x3729
 *(.debug_abbrev)
 .debug_abbrev  0x00000000       0x1f c:/Users/Jakob/Documents/system_template_de1_soc/system_template_de1_soc/software/hello_world_2_bsp//obj/HAL/src/crt0.o
 .debug_abbrev  0x0000001f      0x133 obj/default/hello_world.o
 .debug_abbrev  0x00000152      0x10c c:/intelfpga_lite/23.1std/nios2eds/bin/gnu/h-x86_64-mingw32/bin/../lib/gcc/nios2-elf/12.3.1/mno-hw-mul\libgcc.a(lib2-divmod.o)
 .debug_abbrev  0x0000025e      0x15c c:/intelfpga_lite/23.1std/nios2eds/bin/gnu/h-x86_64-mingw32/bin/../lib/gcc/nios2-elf/12.3.1/mno-hw-mul\libgcc.a(addsf3.o)
 .debug_abbrev  0x000003ba      0x144 c:/intelfpga_lite/23.1std/nios2eds/bin/gnu/h-x86_64-mingw32/bin/../lib/gcc/nios2-elf/12.3.1/mno-hw-mul\libgcc.a(divsf3.o)
 .debug_abbrev  0x000004fe      0x148 c:/intelfpga_lite/23.1std/nios2eds/bin/gnu/h-x86_64-mingw32/bin/../lib/gcc/nios2-elf/12.3.1/mno-hw-mul\libgcc.a(mulsf3.o)
 .debug_abbrev  0x00000646      0x144 c:/intelfpga_lite/23.1std/nios2eds/bin/gnu/h-x86_64-mingw32/bin/../lib/gcc/nios2-elf/12.3.1/mno-hw-mul\libgcc.a(fixsfsi.o)
 .debug_abbrev  0x0000078a       0xd3 c:/intelfpga_lite/23.1std/nios2eds/bin/gnu/h-x86_64-mingw32/bin/../lib/gcc/nios2-elf/12.3.1/mno-hw-mul\libgcc.a(_clzsi2.o)
 .debug_abbrev  0x0000085d       0x80 c:/intelfpga_lite/23.1std/nios2eds/bin/gnu/h-x86_64-mingw32/bin/../lib/gcc/nios2-elf/12.3.1/mno-hw-mul\libgcc.a(lib2-mul.o)
 .debug_abbrev  0x000008dd       0x70 c:/intelfpga_lite/23.1std/nios2eds/bin/gnu/h-x86_64-mingw32/bin/../lib/gcc/nios2-elf/12.3.1/mno-hw-mul\libgcc.a(_clz.o)
 .debug_abbrev  0x0000094d      0x1ec c:/intelfpga_lite/23.1std/nios2eds/bin/gnu/h-x86_64-mingw32/bin/../lib/gcc/nios2-elf/12.3.1/../../../../../H-x86_64-mingw32/nios2-elf/lib/mno-hw-mul\libsmallc.a(libc_a-printf.o)
 .debug_abbrev  0x00000b39      0x1db c:/intelfpga_lite/23.1std/nios2eds/bin/gnu/h-x86_64-mingw32/bin/../lib/gcc/nios2-elf/12.3.1/../../../../../H-x86_64-mingw32/nios2-elf/lib/mno-hw-mul\libsmallc.a(libc_a-puts.o)
 .debug_abbrev  0x00000d14       0x8c c:/intelfpga_lite/23.1std/nios2eds/bin/gnu/h-x86_64-mingw32/bin/../lib/gcc/nios2-elf/12.3.1/../../../../../H-x86_64-mingw32/nios2-elf/lib/mno-hw-mul\libsmallc.a(libc_a-strlen.o)
 .debug_abbrev  0x00000da0      0x142 c:/intelfpga_lite/23.1std/nios2eds/bin/gnu/h-x86_64-mingw32/bin/../lib/gcc/nios2-elf/12.3.1/../../../../../H-x86_64-mingw32/nios2-elf/lib/mno-hw-mul\libsmallc.a(libc_a-impure.o)
 .debug_abbrev  0x00000ee2      0x2d9 c:/intelfpga_lite/23.1std/nios2eds/bin/gnu/h-x86_64-mingw32/bin/../lib/gcc/nios2-elf/12.3.1/../../../../../H-x86_64-mingw32/nios2-elf/lib/mno-hw-mul\libsmallc.a(libc_a-vfprintf.o)
 .debug_abbrev  0x000011bb      0x1c9 c:/intelfpga_lite/23.1std/nios2eds/bin/gnu/h-x86_64-mingw32/bin/../lib/gcc/nios2-elf/12.3.1/../../../../../H-x86_64-mingw32/nios2-elf/lib/mno-hw-mul\libsmallc.a(libc_a-fvwrite_small_dev.o)
 .debug_abbrev  0x00001384      0x1ae c:/intelfpga_lite/23.1std/nios2eds/bin/gnu/h-x86_64-mingw32/bin/../lib/gcc/nios2-elf/12.3.1/../../../../../H-x86_64-mingw32/nios2-elf/lib/mno-hw-mul\libsmallc.a(libc_a-writer.o)
 .debug_abbrev  0x00001532       0x39 c:/intelfpga_lite/23.1std/nios2eds/bin/gnu/h-x86_64-mingw32/bin/../lib/gcc/nios2-elf/12.3.1/../../../../../H-x86_64-mingw32/nios2-elf/lib/mno-hw-mul\libsmallc.a(libc_a-int_errno.o)
 .debug_abbrev  0x0000156b       0xc2 c:/Users/Jakob/Documents/system_template_de1_soc/system_template_de1_soc/software/hello_world_2_bsp/\libhal_bsp.a(alt_load.o)
 .debug_abbrev  0x0000162d       0xf3 c:/Users/Jakob/Documents/system_template_de1_soc/system_template_de1_soc/software/hello_world_2_bsp/\libhal_bsp.a(alt_main.o)
 .debug_abbrev  0x00001720      0x10a c:/Users/Jakob/Documents/system_template_de1_soc/system_template_de1_soc/software/hello_world_2_bsp/\libhal_bsp.a(alt_times.o)
 .debug_abbrev  0x0000182a      0x149 c:/Users/Jakob/Documents/system_template_de1_soc/system_template_de1_soc/software/hello_world_2_bsp/\libhal_bsp.a(alt_write.o)
 .debug_abbrev  0x00001973      0x1ab c:/Users/Jakob/Documents/system_template_de1_soc/system_template_de1_soc/software/hello_world_2_bsp/\libhal_bsp.a(alt_sys_init.o)
 .debug_abbrev  0x00001b1e      0x128 c:/Users/Jakob/Documents/system_template_de1_soc/system_template_de1_soc/software/hello_world_2_bsp/\libhal_bsp.a(altera_avalon_jtag_uart_fd.o)
 .debug_abbrev  0x00001c46       0xd2 c:/Users/Jakob/Documents/system_template_de1_soc/system_template_de1_soc/software/hello_world_2_bsp/\libhal_bsp.a(altera_avalon_jtag_uart_read.o)
 .debug_abbrev  0x00001d18       0xd0 c:/Users/Jakob/Documents/system_template_de1_soc/system_template_de1_soc/software/hello_world_2_bsp/\libhal_bsp.a(altera_avalon_jtag_uart_write.o)
 .debug_abbrev  0x00001de8      0x18f c:/Users/Jakob/Documents/system_template_de1_soc/system_template_de1_soc/software/hello_world_2_bsp/\libhal_bsp.a(altera_avalon_timer_sc.o)
 .debug_abbrev  0x00001f77      0x147 c:/Users/Jakob/Documents/system_template_de1_soc/system_template_de1_soc/software/hello_world_2_bsp/\libhal_bsp.a(alt_close.o)
 .debug_abbrev  0x000020be       0x5d c:/Users/Jakob/Documents/system_template_de1_soc/system_template_de1_soc/software/hello_world_2_bsp/\libhal_bsp.a(alt_dcache_flush_all.o)
 .debug_abbrev  0x0000211b      0x11b c:/Users/Jakob/Documents/system_template_de1_soc/system_template_de1_soc/software/hello_world_2_bsp/\libhal_bsp.a(alt_dev.o)
 .debug_abbrev  0x00002236      0x12b c:/Users/Jakob/Documents/system_template_de1_soc/system_template_de1_soc/software/hello_world_2_bsp/\libhal_bsp.a(alt_dev_llist_insert.o)
 .debug_abbrev  0x00002361       0x70 c:/Users/Jakob/Documents/system_template_de1_soc/system_template_de1_soc/software/hello_world_2_bsp/\libhal_bsp.a(alt_errno.o)
 .debug_abbrev  0x000023d1       0x75 c:/Users/Jakob/Documents/system_template_de1_soc/system_template_de1_soc/software/hello_world_2_bsp/\libhal_bsp.a(alt_icache_flush_all.o)
 .debug_abbrev  0x00002446      0x1a9 c:/Users/Jakob/Documents/system_template_de1_soc/system_template_de1_soc/software/hello_world_2_bsp/\libhal_bsp.a(alt_iic.o)
 .debug_abbrev  0x000025ef      0x199 c:/Users/Jakob/Documents/system_template_de1_soc/system_template_de1_soc/software/hello_world_2_bsp/\libhal_bsp.a(alt_iic_isr_register.o)
 .debug_abbrev  0x00002788      0x157 c:/Users/Jakob/Documents/system_template_de1_soc/system_template_de1_soc/software/hello_world_2_bsp/\libhal_bsp.a(alt_io_redirect.o)
 .debug_abbrev  0x000028df       0x12 c:/Users/Jakob/Documents/system_template_de1_soc/system_template_de1_soc/software/hello_world_2_bsp/\libhal_bsp.a(alt_irq_entry.o)
 .debug_abbrev  0x000028f1      0x12f c:/Users/Jakob/Documents/system_template_de1_soc/system_template_de1_soc/software/hello_world_2_bsp/\libhal_bsp.a(alt_irq_handler.o)
 .debug_abbrev  0x00002a20       0x46 c:/Users/Jakob/Documents/system_template_de1_soc/system_template_de1_soc/software/hello_world_2_bsp/\libhal_bsp.a(alt_irq_vars.o)
 .debug_abbrev  0x00002a66      0x191 c:/Users/Jakob/Documents/system_template_de1_soc/system_template_de1_soc/software/hello_world_2_bsp/\libhal_bsp.a(alt_open.o)
 .debug_abbrev  0x00002bf7       0xea c:/Users/Jakob/Documents/system_template_de1_soc/system_template_de1_soc/software/hello_world_2_bsp/\libhal_bsp.a(alt_release_fd.o)
 .debug_abbrev  0x00002ce1      0x17f c:/Users/Jakob/Documents/system_template_de1_soc/system_template_de1_soc/software/hello_world_2_bsp/\libhal_bsp.a(alt_tick.o)
 .debug_abbrev  0x00002e60       0x43 c:/Users/Jakob/Documents/system_template_de1_soc/system_template_de1_soc/software/hello_world_2_bsp/\libhal_bsp.a(altera_nios2_gen2_irq.o)
 .debug_abbrev  0x00002ea3       0x12 c:/Users/Jakob/Documents/system_template_de1_soc/system_template_de1_soc/software/hello_world_2_bsp/\libhal_bsp.a(alt_exception_entry.o)
 .debug_abbrev  0x00002eb5      0x10c c:/Users/Jakob/Documents/system_template_de1_soc/system_template_de1_soc/software/hello_world_2_bsp/\libhal_bsp.a(alt_find_dev.o)
 .debug_abbrev  0x00002fc1      0x11d c:/Users/Jakob/Documents/system_template_de1_soc/system_template_de1_soc/software/hello_world_2_bsp/\libhal_bsp.a(alt_find_file.o)
 .debug_abbrev  0x000030de      0x124 c:/Users/Jakob/Documents/system_template_de1_soc/system_template_de1_soc/software/hello_world_2_bsp/\libhal_bsp.a(alt_get_fd.o)
 .debug_abbrev  0x00003202       0x97 c:/Users/Jakob/Documents/system_template_de1_soc/system_template_de1_soc/software/hello_world_2_bsp/\libhal_bsp.a(alt_icache_flush.o)
 .debug_abbrev  0x00003299       0xed c:/Users/Jakob/Documents/system_template_de1_soc/system_template_de1_soc/software/hello_world_2_bsp/\libhal_bsp.a(alt_instruction_exception_entry.o)
 .debug_abbrev  0x00003386       0xde c:/intelfpga_lite/23.1std/nios2eds/bin/gnu/h-x86_64-mingw32/bin/../lib/gcc/nios2-elf/12.3.1/../../../../../H-x86_64-mingw32/nios2-elf/lib/mno-hw-mul\libsmallc.a(libc_a-exit.o)
 .debug_abbrev  0x00003464       0xa1 c:/intelfpga_lite/23.1std/nios2eds/bin/gnu/h-x86_64-mingw32/bin/../lib/gcc/nios2-elf/12.3.1/../../../../../H-x86_64-mingw32/nios2-elf/lib/mno-hw-mul\libsmallc.a(libc_a-memcmp.o)
 .debug_abbrev  0x00003505      0x179 c:/intelfpga_lite/23.1std/nios2eds/bin/gnu/h-x86_64-mingw32/bin/../lib/gcc/nios2-elf/12.3.1/../../../../../H-x86_64-mingw32/nios2-elf/lib/mno-hw-mul\libsmallc.a(libc_a-__call_atexit.o)
 .debug_abbrev  0x0000367e       0xab c:/Users/Jakob/Documents/system_template_de1_soc/system_template_de1_soc/software/hello_world_2_bsp/\libhal_bsp.a(alt_exit.o)

.debug_line     0x00000000     0x38d1
 *(.debug_line)
 .debug_line    0x00000000       0x72 c:/Users/Jakob/Documents/system_template_de1_soc/system_template_de1_soc/software/hello_world_2_bsp//obj/HAL/src/crt0.o
 .debug_line    0x00000072      0x162 obj/default/hello_world.o
 .debug_line    0x000001d4      0x2e3 c:/intelfpga_lite/23.1std/nios2eds/bin/gnu/h-x86_64-mingw32/bin/../lib/gcc/nios2-elf/12.3.1/mno-hw-mul\libgcc.a(lib2-divmod.o)
 .debug_line    0x000004b7      0x6bf c:/intelfpga_lite/23.1std/nios2eds/bin/gnu/h-x86_64-mingw32/bin/../lib/gcc/nios2-elf/12.3.1/mno-hw-mul\libgcc.a(addsf3.o)
 .debug_line    0x00000b76      0x49b c:/intelfpga_lite/23.1std/nios2eds/bin/gnu/h-x86_64-mingw32/bin/../lib/gcc/nios2-elf/12.3.1/mno-hw-mul\libgcc.a(divsf3.o)
 .debug_line    0x00001011      0x51e c:/intelfpga_lite/23.1std/nios2eds/bin/gnu/h-x86_64-mingw32/bin/../lib/gcc/nios2-elf/12.3.1/mno-hw-mul\libgcc.a(mulsf3.o)
 .debug_line    0x0000152f      0x102 c:/intelfpga_lite/23.1std/nios2eds/bin/gnu/h-x86_64-mingw32/bin/../lib/gcc/nios2-elf/12.3.1/mno-hw-mul\libgcc.a(fixsfsi.o)
 .debug_line    0x00001631       0x9a c:/intelfpga_lite/23.1std/nios2eds/bin/gnu/h-x86_64-mingw32/bin/../lib/gcc/nios2-elf/12.3.1/mno-hw-mul\libgcc.a(_clzsi2.o)
 .debug_line    0x000016cb       0x88 c:/intelfpga_lite/23.1std/nios2eds/bin/gnu/h-x86_64-mingw32/bin/../lib/gcc/nios2-elf/12.3.1/mno-hw-mul\libgcc.a(lib2-mul.o)
 .debug_line    0x00001753       0x3f c:/intelfpga_lite/23.1std/nios2eds/bin/gnu/h-x86_64-mingw32/bin/../lib/gcc/nios2-elf/12.3.1/mno-hw-mul\libgcc.a(_clz.o)
 .debug_line    0x00001792       0xd4 c:/intelfpga_lite/23.1std/nios2eds/bin/gnu/h-x86_64-mingw32/bin/../lib/gcc/nios2-elf/12.3.1/../../../../../H-x86_64-mingw32/nios2-elf/lib/mno-hw-mul\libsmallc.a(libc_a-printf.o)
 .debug_line    0x00001866       0xc2 c:/intelfpga_lite/23.1std/nios2eds/bin/gnu/h-x86_64-mingw32/bin/../lib/gcc/nios2-elf/12.3.1/../../../../../H-x86_64-mingw32/nios2-elf/lib/mno-hw-mul\libsmallc.a(libc_a-puts.o)
 .debug_line    0x00001928       0x7c c:/intelfpga_lite/23.1std/nios2eds/bin/gnu/h-x86_64-mingw32/bin/../lib/gcc/nios2-elf/12.3.1/../../../../../H-x86_64-mingw32/nios2-elf/lib/mno-hw-mul\libsmallc.a(libc_a-strlen.o)
 .debug_line    0x000019a4       0x4c c:/intelfpga_lite/23.1std/nios2eds/bin/gnu/h-x86_64-mingw32/bin/../lib/gcc/nios2-elf/12.3.1/../../../../../H-x86_64-mingw32/nios2-elf/lib/mno-hw-mul\libsmallc.a(libc_a-impure.o)
 .debug_line    0x000019f0      0x581 c:/intelfpga_lite/23.1std/nios2eds/bin/gnu/h-x86_64-mingw32/bin/../lib/gcc/nios2-elf/12.3.1/../../../../../H-x86_64-mingw32/nios2-elf/lib/mno-hw-mul\libsmallc.a(libc_a-vfprintf.o)
 .debug_line    0x00001f71       0xd7 c:/intelfpga_lite/23.1std/nios2eds/bin/gnu/h-x86_64-mingw32/bin/../lib/gcc/nios2-elf/12.3.1/../../../../../H-x86_64-mingw32/nios2-elf/lib/mno-hw-mul\libsmallc.a(libc_a-fvwrite_small_dev.o)
 .debug_line    0x00002048       0xae c:/intelfpga_lite/23.1std/nios2eds/bin/gnu/h-x86_64-mingw32/bin/../lib/gcc/nios2-elf/12.3.1/../../../../../H-x86_64-mingw32/nios2-elf/lib/mno-hw-mul\libsmallc.a(libc_a-writer.o)
 .debug_line    0x000020f6       0x3a c:/intelfpga_lite/23.1std/nios2eds/bin/gnu/h-x86_64-mingw32/bin/../lib/gcc/nios2-elf/12.3.1/../../../../../H-x86_64-mingw32/nios2-elf/lib/mno-hw-mul\libsmallc.a(libc_a-int_errno.o)
 .debug_line    0x00002130       0x8f c:/Users/Jakob/Documents/system_template_de1_soc/system_template_de1_soc/software/hello_world_2_bsp/\libhal_bsp.a(alt_load.o)
 .debug_line    0x000021bf       0x91 c:/Users/Jakob/Documents/system_template_de1_soc/system_template_de1_soc/software/hello_world_2_bsp/\libhal_bsp.a(alt_main.o)
 .debug_line    0x00002250       0xcf c:/Users/Jakob/Documents/system_template_de1_soc/system_template_de1_soc/software/hello_world_2_bsp/\libhal_bsp.a(alt_times.o)
 .debug_line    0x0000231f      0x139 c:/Users/Jakob/Documents/system_template_de1_soc/system_template_de1_soc/software/hello_world_2_bsp/\libhal_bsp.a(alt_write.o)
 .debug_line    0x00002458       0xb0 c:/Users/Jakob/Documents/system_template_de1_soc/system_template_de1_soc/software/hello_world_2_bsp/\libhal_bsp.a(alt_sys_init.o)
 .debug_line    0x00002508       0x8a c:/Users/Jakob/Documents/system_template_de1_soc/system_template_de1_soc/software/hello_world_2_bsp/\libhal_bsp.a(altera_avalon_jtag_uart_fd.o)
 .debug_line    0x00002592       0xa4 c:/Users/Jakob/Documents/system_template_de1_soc/system_template_de1_soc/software/hello_world_2_bsp/\libhal_bsp.a(altera_avalon_jtag_uart_read.o)
 .debug_line    0x00002636       0x7e c:/Users/Jakob/Documents/system_template_de1_soc/system_template_de1_soc/software/hello_world_2_bsp/\libhal_bsp.a(altera_avalon_jtag_uart_write.o)
 .debug_line    0x000026b4       0xb1 c:/Users/Jakob/Documents/system_template_de1_soc/system_template_de1_soc/software/hello_world_2_bsp/\libhal_bsp.a(altera_avalon_timer_sc.o)
 .debug_line    0x00002765      0x117 c:/Users/Jakob/Documents/system_template_de1_soc/system_template_de1_soc/software/hello_world_2_bsp/\libhal_bsp.a(alt_close.o)
 .debug_line    0x0000287c       0x69 c:/Users/Jakob/Documents/system_template_de1_soc/system_template_de1_soc/software/hello_world_2_bsp/\libhal_bsp.a(alt_dcache_flush_all.o)
 .debug_line    0x000028e5       0xa2 c:/Users/Jakob/Documents/system_template_de1_soc/system_template_de1_soc/software/hello_world_2_bsp/\libhal_bsp.a(alt_dev.o)