Archive member included to satisfy reference by file (symbol)

c:/intelfpga_lite/22.1std/nios2eds/bin/gnu/h-x86_64-mingw32/bin/../lib/gcc/nios2-elf/12.2.1/mno-hw-mul\libgcc.a(addsf3.o)
                              obj/default/hello_world.o (__addsf3)
c:/intelfpga_lite/22.1std/nios2eds/bin/gnu/h-x86_64-mingw32/bin/../lib/gcc/nios2-elf/12.2.1/mno-hw-mul\libgcc.a(divsf3.o)
                              obj/default/hello_world.o (__divsf3)
c:/intelfpga_lite/22.1std/nios2eds/bin/gnu/h-x86_64-mingw32/bin/../lib/gcc/nios2-elf/12.2.1/mno-hw-mul\libgcc.a(mulsf3.o)
                              obj/default/hello_world.o (__mulsf3)
c:/intelfpga_lite/22.1std/nios2eds/bin/gnu/h-x86_64-mingw32/bin/../lib/gcc/nios2-elf/12.2.1/mno-hw-mul\libgcc.a(fixsfsi.o)
                              obj/default/hello_world.o (__fixsfsi)
c:/intelfpga_lite/22.1std/nios2eds/bin/gnu/h-x86_64-mingw32/bin/../lib/gcc/nios2-elf/12.2.1/mno-hw-mul\libgcc.a(_clzsi2.o)
                              c:/intelfpga_lite/22.1std/nios2eds/bin/gnu/h-x86_64-mingw32/bin/../lib/gcc/nios2-elf/12.2.1/mno-hw-mul\libgcc.a(addsf3.o) (__clzsi2)
c:/intelfpga_lite/22.1std/nios2eds/bin/gnu/h-x86_64-mingw32/bin/../lib/gcc/nios2-elf/12.2.1/mno-hw-mul\libgcc.a(lib2-mul.o)
                              c:/intelfpga_lite/22.1std/nios2eds/bin/gnu/h-x86_64-mingw32/bin/../lib/gcc/nios2-elf/12.2.1/mno-hw-mul\libgcc.a(mulsf3.o) (__mulsi3)
c:/intelfpga_lite/22.1std/nios2eds/bin/gnu/h-x86_64-mingw32/bin/../lib/gcc/nios2-elf/12.2.1/mno-hw-mul\libgcc.a(_clz.o)
                              c:/intelfpga_lite/22.1std/nios2eds/bin/gnu/h-x86_64-mingw32/bin/../lib/gcc/nios2-elf/12.2.1/mno-hw-mul\libgcc.a(_clzsi2.o) (__clz_tab)
c:/intelfpga_lite/22.1std/nios2eds/bin/gnu/h-x86_64-mingw32/bin/../lib/gcc/nios2-elf/12.2.1/../../../../../H-x86_64-mingw32/nios2-elf/lib/mno-hw-mul\libsmallc.a(lib_a-printf.o)
                              obj/default/hello_world.o (printf)
c:/intelfpga_lite/22.1std/nios2eds/bin/gnu/h-x86_64-mingw32/bin/../lib/gcc/nios2-elf/12.2.1/../../../../../H-x86_64-mingw32/nios2-elf/lib/mno-hw-mul\libsmallc.a(lib_a-puts.o)
                              obj/default/hello_world.o (puts)
c:/intelfpga_lite/22.1std/nios2eds/bin/gnu/h-x86_64-mingw32/bin/../lib/gcc/nios2-elf/12.2.1/../../../../../H-x86_64-mingw32/nios2-elf/lib/mno-hw-mul\libsmallc.a(lib_a-strlen.o)
                              c:/intelfpga_lite/22.1std/nios2eds/bin/gnu/h-x86_64-mingw32/bin/../lib/gcc/nios2-elf/12.2.1/../../../../../H-x86_64-mingw32/nios2-elf/lib/mno-hw-mul\libsmallc.a(lib_a-puts.o) (strlen)
c:/intelfpga_lite/22.1std/nios2eds/bin/gnu/h-x86_64-mingw32/bin/../lib/gcc/nios2-elf/12.2.1/../../../../../H-x86_64-mingw32/nios2-elf/lib/mno-hw-mul\libsmallc.a(lib_a-vfprintf.o)
                              c:/intelfpga_lite/22.1std/nios2eds/bin/gnu/h-x86_64-mingw32/bin/../lib/gcc/nios2-elf/12.2.1/../../../../../H-x86_64-mingw32/nios2-elf/lib/mno-hw-mul\libsmallc.a(lib_a-printf.o) (___vfprintf_internal_r)
c:/intelfpga_lite/22.1std/nios2eds/bin/gnu/h-x86_64-mingw32/bin/../lib/gcc/nios2-elf/12.2.1/../../../../../H-x86_64-mingw32/nios2-elf/lib/mno-hw-mul\libsmallc.a(lib_a-fvwrite_small_dev.o)
                              c:/intelfpga_lite/22.1std/nios2eds/bin/gnu/h-x86_64-mingw32/bin/../lib/gcc/nios2-elf/12.2.1/../../../../../H-x86_64-mingw32/nios2-elf/lib/mno-hw-mul\libsmallc.a(lib_a-printf.o) (__sfvwrite_small_dev)
c:/intelfpga_lite/22.1std/nios2eds/bin/gnu/h-x86_64-mingw32/bin/../lib/gcc/nios2-elf/12.2.1/../../../../../H-x86_64-mingw32/nios2-elf/lib/mno-hw-mul\libsmallc.a(lib_a-impure.o)
                              c:/intelfpga_lite/22.1std/nios2eds/bin/gnu/h-x86_64-mingw32/bin/../lib/gcc/nios2-elf/12.2.1/../../../../../H-x86_64-mingw32/nios2-elf/lib/mno-hw-mul\libsmallc.a(lib_a-printf.o) (_impure_ptr)
c:/intelfpga_lite/22.1std/nios2eds/bin/gnu/h-x86_64-mingw32/bin/../lib/gcc/nios2-elf/12.2.1/../../../../../H-x86_64-mingw32/nios2-elf/lib/mno-hw-mul\libsmallc.a(lib_a-writer.o)
                              c:/intelfpga_lite/22.1std/nios2eds/bin/gnu/h-x86_64-mingw32/bin/../lib/gcc/nios2-elf/12.2.1/../../../../../H-x86_64-mingw32/nios2-elf/lib/mno-hw-mul\libsmallc.a(lib_a-fvwrite_small_dev.o) (_write_r)
c:/intelfpga_lite/22.1std/nios2eds/bin/gnu/h-x86_64-mingw32/bin/../lib/gcc/nios2-elf/12.2.1/../../../../../H-x86_64-mingw32/nios2-elf/lib/mno-hw-mul\libsmallc.a(lib_a-int_errno.o)
                              c:/intelfpga_lite/22.1std/nios2eds/bin/gnu/h-x86_64-mingw32/bin/../lib/gcc/nios2-elf/12.2.1/../../../../../H-x86_64-mingw32/nios2-elf/lib/mno-hw-mul\libsmallc.a(lib_a-writer.o) (errno)
c:/intelfpga_lite/22.1std/nios2eds/bin/gnu/h-x86_64-mingw32/bin/../lib/gcc/nios2-elf/12.2.1/mno-hw-mul\libgcc.a(lib2-divmod.o)
                              c:/intelfpga_lite/22.1std/nios2eds/bin/gnu/h-x86_64-mingw32/bin/../lib/gcc/nios2-elf/12.2.1/../../../../../H-x86_64-mingw32/nios2-elf/lib/mno-hw-mul\libsmallc.a(lib_a-vfprintf.o) (__udivsi3)
[...]
Memory Configuration

Name             Origin             Length             Attributes
reset            0x0000000000080000 0x0000000000000020
onchip_mem       0x0000000000080020 0x00000000000493c0
*default*        0x0000000000000000 0xffffffffffffffff

Linker script and memory map

LOAD c:/Users/dylan/OneDrive/Bureau/DSD/system_template_de1_soc/software/hello_world3_bsp//obj/HAL/src/crt0.o
LOAD obj/default/hello_world.o
LOAD c:/intelfpga_lite/22.1std/nios2eds/bin/gnu/h-x86_64-mingw32/bin/../lib/gcc/nios2-elf/12.2.1/../../../../../H-x86_64-mingw32/nios2-elf/lib/mno-hw-mul\libstdc++.a
LOAD c:/intelfpga_lite/22.1std/nios2eds/bin/gnu/h-x86_64-mingw32/bin/../lib/gcc/nios2-elf/12.2.1/../../../../../H-x86_64-mingw32/nios2-elf/lib/mno-hw-mul\libm.a
LOAD c:/intelfpga_lite/22.1std/nios2eds/bin/gnu/h-x86_64-mingw32/bin/../lib/gcc/nios2-elf/12.2.1/mno-hw-mul\libgcc.a
START GROUP
LOAD c:/intelfpga_lite/22.1std/nios2eds/bin/gnu/h-x86_64-mingw32/bin/../lib/gcc/nios2-elf/12.2.1/../../../../../H-x86_64-mingw32/nios2-elf/lib/mno-hw-mul\libsmallc.a
LOAD c:/intelfpga_lite/22.1std/nios2eds/bin/gnu/h-x86_64-mingw32/bin/../lib/gcc/nios2-elf/12.2.1/mno-hw-mul\libgcc.a
LOAD c:/Users/dylan/OneDrive/Bureau/DSD/system_template_de1_soc/software/hello_world3_bsp/\libhal_bsp.a
LOAD c:/intelfpga_lite/22.1std/nios2eds/bin/gnu/h-x86_64-mingw32/bin/../lib/gcc/nios2-elf/12.2.1/../../../../../H-x86_64-mingw32/nios2-elf/lib/mno-hw-mul\libm.a
END GROUP
LOAD c:/intelfpga_lite/22.1std/nios2eds/bin/gnu/h-x86_64-mingw32/bin/../lib/gcc/nios2-elf/12.2.1/mno-hw-mul\libgcc.a
                0x0000000000080000                __alt_mem_onchip_mem = 0x80000

.entry          0x0000000000080000       0x20
 *(.entry)
 .entry         0x0000000000080000       0x20 c:/Users/dylan/OneDrive/Bureau/DSD/system_template_de1_soc/software/hello_world3_bsp//obj/HAL/src/crt0.o
                0x0000000000080000                __reset

.exceptions     0x0000000000080020      0x218
                0x0000000000080020                PROVIDE (__ram_exceptions_start = ABSOLUTE (.))
                0x0000000000080020                . = ALIGN (0x20)
 *(.irq)
 *(.exceptions.entry.label)
 .exceptions.entry.label
                0x0000000000080020        0x0 c:/Users/dylan/OneDrive/Bureau/DSD/system_template_de1_soc/software/hello_world3_bsp/\libhal_bsp.a(alt_irq_entry.o)
                0x0000000000080020                alt_irq_entry
 .exceptions.entry.label
                0x0000000000080020        0x0 c:/Users/dylan/OneDrive/Bureau/DSD/system_template_de1_soc/software/hello_world3_bsp/\libhal_bsp.a(alt_exception_entry.o)
                0x0000000000080020                alt_exception
 *(.exceptions.entry.user)
 *(.exceptions.entry.ecc_fatal)
 *(.exceptions.entry)
 .exceptions.entry
                0x0000000000080020       0x54 c:/Users/dylan/OneDrive/Bureau/DSD/system_template_de1_soc/software/hello_world3_bsp/\libhal_bsp.a(alt_exception_entry.o)
 *(.exceptions.irqtest.user)
 *(.exceptions.irqtest)
 .exceptions.irqtest
                0x0000000000080074       0x10 c:/Users/dylan/OneDrive/Bureau/DSD/system_template_de1_soc/software/hello_world3_bsp/\libhal_bsp.a(alt_irq_entry.o)
 *(.exceptions.irqhandler.user)
 *(.exceptions.irqhandler)
 .exceptions.irqhandler
                0x0000000000080084        0x4 c:/Users/dylan/OneDrive/Bureau/DSD/system_template_de1_soc/software/hello_world3_bsp/\libhal_bsp.a(alt_irq_entry.o)
 *(.exceptions.irqreturn.user)
 *(.exceptions.irqreturn)
 .exceptions.irqreturn
                0x0000000000080088        0x4 c:/Users/dylan/OneDrive/Bureau/DSD/system_template_de1_soc/software/hello_world3_bsp/\libhal_bsp.a(alt_irq_entry.o)
 *(.exceptions.notirq.label)
 .exceptions.notirq.label
                0x000000000008008c        0x0 c:/Users/dylan/OneDrive/Bureau/DSD/system_template_de1_soc/software/hello_world3_bsp/\libhal_bsp.a(alt_irq_entry.o)
 *(.exceptions.notirq.user)
 *(.exceptions.notirq)
 .exceptions.notirq
                0x000000000008008c        0x8 c:/Users/dylan/OneDrive/Bureau/DSD/system_template_de1_soc/software/hello_world3_bsp/\libhal_bsp.a(alt_exception_entry.o)
 *(.exceptions.soft.user)
 *(.exceptions.soft)
 *(.exceptions.unknown.user)
 *(.exceptions.unknown)
 .exceptions.unknown
                0x0000000000080094       0x14 c:/Users/dylan/OneDrive/Bureau/DSD/system_template_de1_soc/software/hello_world3_bsp/\libhal_bsp.a(alt_exception_entry.o)
 *(.exceptions.exit.label)
 .exceptions.exit.label
                0x00000000000800a8        0x0 c:/Users/dylan/OneDrive/Bureau/DSD/system_template_de1_soc/software/hello_world3_bsp/\libhal_bsp.a(alt_irq_entry.o)
 .exceptions.exit.label
                0x00000000000800a8        0x0 c:/Users/dylan/OneDrive/Bureau/DSD/system_template_de1_soc/software/hello_world3_bsp/\libhal_bsp.a(alt_exception_entry.o)
 *(.exceptions.exit.user)
 *(.exceptions.exit)
 .exceptions.exit
                0x00000000000800a8       0x54 c:/Users/dylan/OneDrive/Bureau/DSD/system_template_de1_soc/software/hello_world3_bsp/\libhal_bsp.a(alt_exception_entry.o)
 *(.exceptions)
 .exceptions    0x00000000000800fc       0xc8 c:/Users/dylan/OneDrive/Bureau/DSD/system_template_de1_soc/software/hello_world3_bsp/\libhal_bsp.a(alt_irq_handler.o)
                0x00000000000800fc                alt_irq_handler
 .exceptions    0x00000000000801c4       0x74 c:/Users/dylan/OneDrive/Bureau/DSD/system_template_de1_soc/software/hello_world3_bsp/\libhal_bsp.a(alt_instruction_exception_entry.o)
                0x00000000000801c4                alt_instruction_exception_entry
                0x0000000000080238                PROVIDE (__ram_exceptions_end = ABSOLUTE (.))
                0x0000000000080020                PROVIDE (__flash_exceptions_start = LOADADDR (.exceptions))

.text           0x0000000000080238     0x318c
                [!provide]                        PROVIDE (stext = ABSOLUTE (.))
 *(.interp)
 *(.hash)
 *(.dynsym)
 *(.dynstr)
 *(.gnu.version)
 *(.gnu.version_d)
 *(.gnu.version_r)
 *(.rel.init)
 *(.rela.init)
 *(.rel.text .rel.text.* .rel.gnu.linkonce.t.*)
 *(.rela.text .rela.text.* .rela.gnu.linkonce.t.*)
 *(.rel.fini)
 *(.rela.fini)
 *(.rel.rodata .rel.rodata.* .rel.gnu.linkonce.r.*)
 *(.rela.rodata .rela.rodata.* .rela.gnu.linkonce.r.*)
 *(.rel.data .rel.data.* .rel.gnu.linkonce.d.*)
 *(.rela.data .rela.data.* .rela.gnu.linkonce.d.*)
 *(.rel.tdata .rel.tdata.* .rel.gnu.linkonce.td.*)
 *(.rela.tdata .rela.tdata.* .rela.gnu.linkonce.td.*)
 *(.rel.tbss .rel.tbss.* .rel.gnu.linkonce.tb.*)
 *(.rela.tbss .rela.tbss.* .rela.gnu.linkonce.tb.*)
 *(.rel.ctors)
 *(.rela.ctors)
 *(.rel.dtors)
 *(.rela.dtors)
 *(.rel.got)
 *(.rela.got)
 *(.rel.sdata .rel.sdata.* .rel.gnu.linkonce.s.*)
 *(.rela.sdata .rela.sdata.* .rela.gnu.linkonce.s.*)
 *(.rel.sbss .rel.sbss.* .rel.gnu.linkonce.sb.*)
 *(.rela.sbss .rela.sbss.* .rela.gnu.linkonce.sb.*)
 *(.rel.sdata2 .rel.sdata2.* .rel.gnu.linkonce.s2.*)
 *(.rela.sdata2 .rela.sdata2.* .rela.gnu.linkonce.s2.*)
 *(.rel.sbss2 .rel.sbss2.* .rel.gnu.linkonce.sb2.*)
 *(.rela.sbss2 .rela.sbss2.* .rela.gnu.linkonce.sb2.*)
 *(.rel.bss .rel.bss.* .rel.gnu.linkonce.b.*)
 *(.rela.bss .rela.bss.* .rela.gnu.linkonce.b.*)
 *(.rel.plt)
 *(.rela.plt)
 *(.rel.dyn)
 *(.init)
 *(.plt)
 *(.text .stub .text.* .gnu.linkonce.t.*)
 .text          0x0000000000080238       0x4c c:/Users/dylan/OneDrive/Bureau/DSD/system_template_de1_soc/software/hello_world3_bsp//obj/HAL/src/crt0.o
                0x0000000000080238                _start
 .text          0x0000000000080284      0x248 obj/default/hello_world.o
                0x0000000000080284                generateVector
                0x000000000008032c                sumVector
                0x0000000000080418                main
 .text          0x00000000000804cc      0x494 c:/intelfpga_lite/22.1std/nios2eds/bin/gnu/h-x86_64-mingw32/bin/../lib/gcc/nios2-elf/12.2.1/mno-hw-mul\libgcc.a(addsf3.o)
                0x00000000000804cc                __addsf3
 .text          0x0000000000080960      0x418 c:/intelfpga_lite/22.1std/nios2eds/bin/gnu/h-x86_64-mingw32/bin/../lib/gcc/nios2-elf/12.2.1/mno-hw-mul\libgcc.a(divsf3.o)
                0x0000000000080960                __divsf3
 .text          0x0000000000080d78      0x41c c:/intelfpga_lite/22.1std/nios2eds/bin/gnu/h-x86_64-mingw32/bin/../lib/gcc/nios2-elf/12.2.1/mno-hw-mul\libgcc.a(mulsf3.o)
                0x0000000000080d78                __mulsf3
 .text          0x0000000000081194       0x70 c:/intelfpga_lite/22.1std/nios2eds/bin/gnu/h-x86_64-mingw32/bin/../lib/gcc/nios2-elf/12.2.1/mno-hw-mul\libgcc.a(fixsfsi.o)
                0x0000000000081194                __fixsfsi
 .text          0x0000000000081204       0x50 c:/intelfpga_lite/22.1std/nios2eds/bin/gnu/h-x86_64-mingw32/bin/../lib/gcc/nios2-elf/12.2.1/mno-hw-mul\libgcc.a(_clzsi2.o)
                0x0000000000081204                __clzsi2
 .text          0x0000000000081254       0x28 c:/intelfpga_lite/22.1std/nios2eds/bin/gnu/h-x86_64-mingw32/bin/../lib/gcc/nios2-elf/12.2.1/mno-hw-mul\libgcc.a(lib2-mul.o)
                0x0000000000081254                __mulsi3
 .text          0x000000000008127c        0x0 c:/intelfpga_lite/22.1std/nios2eds/bin/gnu/h-x86_64-mingw32/bin/../lib/gcc/nios2-elf/12.2.1/mno-hw-mul\libgcc.a(_clz.o)
 .text          0x000000000008127c        0x0 c:/intelfpga_lite/22.1std/nios2eds/bin/gnu/h-x86_64-mingw32/bin/../lib/gcc/nios2-elf/12.2.1/../../../../../H-x86_64-mingw32/nios2-elf/lib/mno-hw-mul\libsmallc.a(lib_a-printf.o)
 .text._printf_r
                0x000000000008127c       0x3c c:/intelfpga_lite/22.1std/nios2eds/bin/gnu/h-x86_64-mingw32/bin/../lib/gcc/nios2-elf/12.2.1/../../../../../H-x86_64-mingw32/nios2-elf/lib/mno-hw-mul\libsmallc.a(lib_a-printf.o)
                0x000000000008127c                _printf_r
 .text.printf   0x00000000000812b8       0x48 c:/intelfpga_lite/22.1std/nios2eds/bin/gnu/h-x86_64-mingw32/bin/../lib/gcc/nios2-elf/12.2.1/../../../../../H-x86_64-mingw32/nios2-elf/lib/mno-hw-mul\libsmallc.a(lib_a-printf.o)
                0x00000000000812b8                printf
 .text          0x0000000000081300        0x0 c:/intelfpga_lite/22.1std/nios2eds/bin/gnu/h-x86_64-mingw32/bin/../lib/gcc/nios2-elf/12.2.1/../../../../../H-x86_64-mingw32/nios2-elf/lib/mno-hw-mul\libsmallc.a(lib_a-puts.o)
 .text._puts_r  0x0000000000081300       0x80 c:/intelfpga_lite/22.1std/nios2eds/bin/gnu/h-x86_64-mingw32/bin/../lib/gcc/nios2-elf/12.2.1/../../../../../H-x86_64-mingw32/nios2-elf/lib/mno-hw-mul\libsmallc.a(lib_a-puts.o)
                0x0000000000081300                _puts_r
 .text.puts     0x0000000000081380       0x10 c:/intelfpga_lite/22.1std/nios2eds/bin/gnu/h-x86_64-mingw32/bin/../lib/gcc/nios2-elf/12.2.1/../../../../../H-x86_64-mingw32/nios2-elf/lib/mno-hw-mul\libsmallc.a(lib_a-puts.o)
                0x0000000000081380                puts
 .text          0x0000000000081390        0x0 c:/intelfpga_lite/22.1std/nios2eds/bin/gnu/h-x86_64-mingw32/bin/../lib/gcc/nios2-elf/12.2.1/../../../../../H-x86_64-mingw32/nios2-elf/lib/mno-hw-mul\libsmallc.a(lib_a-strlen.o)
 .text.strlen   0x0000000000081390       0x1c c:/intelfpga_lite/22.1std/nios2eds/bin/gnu/h-x86_64-mingw32/bin/../lib/gcc/nios2-elf/12.2.1/../../../../../H-x86_64-mingw32/nios2-elf/lib/mno-hw-mul\libsmallc.a(lib_a-strlen.o)
                0x0000000000081390                strlen
 .text          0x00000000000813ac        0x0 c:/intelfpga_lite/22.1std/nios2eds/bin/gnu/h-x86_64-mingw32/bin/../lib/gcc/nios2-elf/12.2.1/../../../../../H-x86_64-mingw32/nios2-elf/lib/mno-hw-mul\libsmallc.a(lib_a-vfprintf.o)
 .text.print_repeat
                0x00000000000813ac       0x6c c:/intelfpga_lite/22.1std/nios2eds/bin/gnu/h-x86_64-mingw32/bin/../lib/gcc/nios2-elf/12.2.1/../../../../../H-x86_64-mingw32/nios2-elf/lib/mno-hw-mul\libsmallc.a(lib_a-vfprintf.o)
 .text.___vfprintf_internal_r
                0x0000000000081418      0x51c c:/intelfpga_lite/22.1std/nios2eds/bin/gnu/h-x86_64-mingw32/bin/../lib/gcc/nios2-elf/12.2.1/../../../../../H-x86_64-mingw32/nios2-elf/lib/mno-hw-mul\libsmallc.a(lib_a-vfprintf.o)
                0x0000000000081418                ___vfprintf_internal_r
 .text.__vfprintf_internal
                0x0000000000081934       0x18 c:/intelfpga_lite/22.1std/nios2eds/bin/gnu/h-x86_64-mingw32/bin/../lib/gcc/nios2-elf/12.2.1/../../../../../H-x86_64-mingw32/nios2-elf/lib/mno-hw-mul\libsmallc.a(lib_a-vfprintf.o)
                0x0000000000081934                __vfprintf_internal
 .text          0x000000000008194c        0x0 c:/intelfpga_lite/22.1std/nios2eds/bin/gnu/h-x86_64-mingw32/bin/../lib/gcc/nios2-elf/12.2.1/../../../../../H-x86_64-mingw32/nios2-elf/lib/mno-hw-mul\libsmallc.a(lib_a-fvwrite_small_dev.o)
 .text.__sfvwrite_small_dev
                0x000000000008194c       0xa8 c:/intelfpga_lite/22.1std/nios2eds/bin/gnu/h-x86_64-mingw32/bin/../lib/gcc/nios2-elf/12.2.1/../../../../../H-x86_64-mingw32/nios2-elf/lib/mno-hw-mul\libsmallc.a(lib_a-fvwrite_small_dev.o)
                0x000000000008194c                __sfvwrite_small_dev
 .text          0x00000000000819f4        0x0 c:/intelfpga_lite/22.1std/nios2eds/bin/gnu/h-x86_64-mingw32/bin/../lib/gcc/nios2-elf/12.2.1/../../../../../H-x86_64-mingw32/nios2-elf/lib/mno-hw-mul\libsmallc.a(lib_a-impure.o)
 .text          0x00000000000819f4        0x0 c:/intelfpga_lite/22.1std/nios2eds/bin/gnu/h-x86_64-mingw32/bin/../lib/gcc/nios2-elf/12.2.1/../../../../../H-x86_64-mingw32/nios2-elf/lib/mno-hw-mul\libsmallc.a(lib_a-writer.o)
 .text._write_r
                0x00000000000819f4       0x50 c:/intelfpga_lite/22.1std/nios2eds/bin/gnu/h-x86_64-mingw32/bin/../lib/gcc/nios2-elf/12.2.1/../../../../../H-x86_64-mingw32/nios2-elf/lib/mno-hw-mul\libsmallc.a(lib_a-writer.o)
                0x00000000000819f4                _write_r
 .text          0x0000000000081a44        0x0 c:/intelfpga_lite/22.1std/nios2eds/bin/gnu/h-x86_64-mingw32/bin/../lib/gcc/nios2-elf/12.2.1/../../../../../H-x86_64-mingw32/nios2-elf/lib/mno-hw-mul\libsmallc.a(lib_a-int_errno.o)
 .text          0x0000000000081a44      0x1b4 c:/intelfpga_lite/22.1std/nios2eds/bin/gnu/h-x86_64-mingw32/bin/../lib/gcc/nios2-elf/12.2.1/mno-hw-mul\libgcc.a(lib2-divmod.o)
                0x0000000000081a44                __divsi3
                0x0000000000081ac4                __modsi3
                0x0000000000081b38                __udivsi3
                0x0000000000081b9c                __umodsi3
 .text          0x0000000000081bf8       0xec c:/Users/dylan/OneDrive/Bureau/DSD/system_template_de1_soc/software/hello_world3_bsp/\libhal_bsp.a(alt_load.o)
                0x0000000000081c60                alt_load
 .text          0x0000000000081ce4       0x6c c:/Users/dylan/OneDrive/Bureau/DSD/system_template_de1_soc/software/hello_world3_bsp/\libhal_bsp.a(alt_main.o)
                0x0000000000081ce4                alt_main
 .text          0x0000000000081d50       0xb8 c:/Users/dylan/OneDrive/Bureau/DSD/system_template_de1_soc/software/hello_world3_bsp/\libhal_bsp.a(alt_times.o)
                0x0000000000081d8c                times
 .text          0x0000000000081e08      0x140 c:/Users/dylan/OneDrive/Bureau/DSD/system_template_de1_soc/software/hello_world3_bsp/\libhal_bsp.a(alt_write.o)
                0x0000000000081e44                write
 .text          0x0000000000081f48       0xc0 c:/Users/dylan/OneDrive/Bureau/DSD/system_template_de1_soc/software/hello_world3_bsp/\libhal_bsp.a(alt_sys_init.o)
                0x0000000000081f7c                alt_irq_init
                0x0000000000081fb8                alt_sys_init
 .text          0x0000000000082008       0xc0 c:/Users/dylan/OneDrive/Bureau/DSD/system_template_de1_soc/software/hello_world3_bsp/\libhal_bsp.a(altera_avalon_jtag_uart_fd.o)
                0x0000000000082008                altera_avalon_jtag_uart_read_fd
                0x0000000000082068                altera_avalon_jtag_uart_write_fd
 .text          0x00000000000820c8       0xec c:/Users/dylan/OneDrive/Bureau/DSD/system_template_de1_soc/software/hello_world3_bsp/\libhal_bsp.a(altera_avalon_jtag_uart_read.o)
                0x00000000000820c8                altera_avalon_jtag_uart_read
 .text          0x00000000000821b4       0x98 c:/Users/dylan/OneDrive/Bureau/DSD/system_template_de1_soc/software/hello_world3_bsp/\libhal_bsp.a(altera_avalon_jtag_uart_write.o)
                0x00000000000821b4                altera_avalon_jtag_uart_write
 .text          0x000000000008224c      0x100 c:/Users/dylan/OneDrive/Bureau/DSD/system_template_de1_soc/software/hello_world3_bsp/\libhal_bsp.a(altera_avalon_timer_sc.o)
                0x00000000000822c8                alt_avalon_timer_sc_init
 .text          0x000000000008234c      0x118 c:/Users/dylan/OneDrive/Bureau/DSD/system_template_de1_soc/software/hello_world3_bsp/\libhal_bsp.a(alt_close.o)
                0x0000000000082388                close
 .text          0x0000000000082464       0x4c c:/Users/dylan/OneDrive/Bureau/DSD/system_template_de1_soc/software/hello_world3_bsp/\libhal_bsp.a(alt_dcache_flush_all.o)
                0x0000000000082464                alt_dcache_flush_all
 .text          0x00000000000824b0       0x2c c:/Users/dylan/OneDrive/Bureau/DSD/system_template_de1_soc/software/hello_world3_bsp/\libhal_bsp.a(alt_dev.o)
 .text          0x00000000000824dc       0xe4 c:/Users/dylan/OneDrive/Bureau/DSD/system_template_de1_soc/software/hello_world3_bsp/\libhal_bsp.a(alt_dev_llist_insert.o)
                0x0000000000082518                alt_dev_llist_insert
 .text          0x00000000000825c0        0x0 c:/Users/dylan/OneDrive/Bureau/DSD/system_template_de1_soc/software/hello_world3_bsp/\libhal_bsp.a(alt_errno.o)
 .text          0x00000000000825c0       0x34 c:/Users/dylan/OneDrive/Bureau/DSD/system_template_de1_soc/software/hello_world3_bsp/\libhal_bsp.a(alt_icache_flush_all.o)
                0x00000000000825c0                alt_icache_flush_all
 .text          0x00000000000825f4      0x1b0 c:/Users/dylan/OneDrive/Bureau/DSD/system_template_de1_soc/software/hello_world3_bsp/\libhal_bsp.a(alt_iic.o)
                0x00000000000825f4                alt_ic_isr_register
                0x0000000000082644                alt_ic_irq_enable
                0x00000000000826cc                alt_ic_irq_disable
                0x0000000000082758                alt_ic_irq_enabled
 .text          0x00000000000827a4       0xe8 c:/Users/dylan/OneDrive/Bureau/DSD/system_template_de1_soc/software/hello_world3_bsp/\libhal_bsp.a(alt_iic_isr_register.o)
                0x00000000000827a4                alt_iic_isr_register
 .text          0x000000000008288c      0x150 c:/Users/dylan/OneDrive/Bureau/DSD/system_template_de1_soc/software/hello_world3_bsp/\libhal_bsp.a(alt_io_redirect.o)
                0x0000000000082960                alt_io_redirect
 .text          0x00000000000829dc        0x0 c:/Users/dylan/OneDrive/Bureau/DSD/system_template_de1_soc/software/hello_world3_bsp/\libhal_bsp.a(alt_irq_entry.o)
 .text          0x00000000000829dc        0x0 c:/Users/dylan/OneDrive/Bureau/DSD/system_template_de1_soc/software/hello_world3_bsp/\libhal_bsp.a(alt_irq_handler.o)
 .text          0x00000000000829dc        0x0 c:/Users/dylan/OneDrive/Bureau/DSD/system_template_de1_soc/software/hello_world3_bsp/\libhal_bsp.a(alt_irq_vars.o)
 .text          0x00000000000829dc      0x278 c:/Users/dylan/OneDrive/Bureau/DSD/system_template_de1_soc/software/hello_world3_bsp/\libhal_bsp.a(alt_open.o)
                0x0000000000082af4                open
 .text          0x0000000000082c54       0x70 c:/Users/dylan/OneDrive/Bureau/DSD/system_template_de1_soc/software/hello_world3_bsp/\libhal_bsp.a(alt_release_fd.o)
                0x0000000000082c54                alt_release_fd
 .text          0x0000000000082cc4      0x1d0 c:/Users/dylan/OneDrive/Bureau/DSD/system_template_de1_soc/software/hello_world3_bsp/\libhal_bsp.a(alt_tick.o)
                0x0000000000082cc4                alt_alarm_stop
                0x0000000000082d68                alt_tick
 .text          0x0000000000082e94       0x24 c:/Users/dylan/OneDrive/Bureau/DSD/system_template_de1_soc/software/hello_world3_bsp/\libhal_bsp.a(altera_nios2_gen2_irq.o)
                0x0000000000082e94                altera_nios2_gen2_irq_init
 .text          0x0000000000082eb8        0x0 c:/Users/dylan/OneDrive/Bureau/DSD/system_template_de1_soc/software/hello_world3_bsp/\libhal_bsp.a(alt_exception_entry.o)
 .text          0x0000000000082eb8       0x90 c:/Users/dylan/OneDrive/Bureau/DSD/system_template_de1_soc/software/hello_world3_bsp/\libhal_bsp.a(alt_find_dev.o)
                0x0000000000082eb8                alt_find_dev
 .text          0x0000000000082f48      0x108 c:/Users/dylan/OneDrive/Bureau/DSD/system_template_de1_soc/software/hello_world3_bsp/\libhal_bsp.a(alt_find_file.o)
                0x0000000000082f48                alt_find_file
 .text          0x0000000000083050       0xb8 c:/Users/dylan/OneDrive/Bureau/DSD/system_template_de1_soc/software/hello_world3_bsp/\libhal_bsp.a(alt_get_fd.o)
                0x0000000000083050                alt_get_fd
 .text          0x0000000000083108       0x90 c:/Users/dylan/OneDrive/Bureau/DSD/system_template_de1_soc/software/hello_world3_bsp/\libhal_bsp.a(alt_icache_flush.o)
                0x0000000000083108                alt_icache_flush
 .text          0x0000000000083198       0x74 c:/Users/dylan/OneDrive/Bureau/DSD/system_template_de1_soc/software/hello_world3_bsp/\libhal_bsp.a(alt_instruction_exception_entry.o)
                0x0000000000083198                alt_exception_cause_generated_bad_addr
 .text          0x000000000008320c        0x0 c:/intelfpga_lite/22.1std/nios2eds/bin/gnu/h-x86_64-mingw32/bin/../lib/gcc/nios2-elf/12.2.1/../../../../../H-x86_64-mingw32/nios2-elf/lib/mno-hw-mul\libsmallc.a(lib_a-exit.o)
 .text.exit     0x000000000008320c       0x20 c:/intelfpga_lite/22.1std/nios2eds/bin/gnu/h-x86_64-mingw32/bin/../lib/gcc/nios2-elf/12.2.1/../../../../../H-x86_64-mingw32/nios2-elf/lib/mno-hw-mul\libsmallc.a(lib_a-exit.o)
                0x000000000008320c                exit
 .text          0x000000000008322c        0x0 c:/intelfpga_lite/22.1std/nios2eds/bin/gnu/h-x86_64-mingw32/bin/../lib/gcc/nios2-elf/12.2.1/../../../../../H-x86_64-mingw32/nios2-elf/lib/mno-hw-mul\libsmallc.a(lib_a-memcmp.o)
 .text.memcmp   0x000000000008322c       0x30 c:/intelfpga_lite/22.1std/nios2eds/bin/gnu/h-x86_64-mingw32/bin/../lib/gcc/nios2-elf/12.2.1/../../../../../H-x86_64-mingw32/nios2-elf/lib/mno-hw-mul\libsmallc.a(lib_a-memcmp.o)
                0x000000000008322c                memcmp
 .text          0x000000000008325c        0x0 c:/intelfpga_lite/22.1std/nios2eds/bin/gnu/h-x86_64-mingw32/bin/../lib/gcc/nios2-elf/12.2.1/../../../../../H-x86_64-mingw32/nios2-elf/lib/mno-hw-mul\libsmallc.a(lib_a-__call_atexit.o)
 .text.__call_exitprocs
                0x000000000008325c      0x12c c:/intelfpga_lite/22.1std/nios2eds/bin/gnu/h-x86_64-mingw32/bin/../lib/gcc/nios2-elf/12.2.1/../../../../../H-x86_64-mingw32/nios2-elf/lib/mno-hw-mul\libsmallc.a(lib_a-__call_atexit.o)
                0x000000000008325c                __call_exitprocs
 .text          0x0000000000083388       0x3c c:/Users/dylan/OneDrive/Bureau/DSD/system_template_de1_soc/software/hello_world3_bsp/\libhal_bsp.a(alt_exit.o)
                0x0000000000083388                _exit
 *(.gnu.warning.*)
 *(.fini)
                [!provide]                        PROVIDE (__etext = ABSOLUTE (.))
                [!provide]                        PROVIDE (_etext = ABSOLUTE (.))
                [!provide]                        PROVIDE (etext = ABSOLUTE (.))
 *(.eh_frame_hdr)
                0x00000000000833c4                . = ALIGN (0x4)
                [!provide]                        PROVIDE (__preinit_array_start = ABSOLUTE (.))
 *(.preinit_array)
                [!provide]                        PROVIDE (__preinit_array_end = ABSOLUTE (.))
                [!provide]                        PROVIDE (__init_array_start = ABSOLUTE (.))
 *(.init_array)
                [!provide]                        PROVIDE (__init_array_end = ABSOLUTE (.))
                [!provide]                        PROVIDE (__fini_array_start = ABSOLUTE (.))
 *(.fini_array)
                [!provide]                        PROVIDE (__fini_array_end = ABSOLUTE (.))
 *(.eh_frame)
 *(.gcc_except_table .gcc_except_table.*)
 *(.dynamic)
                [!provide]                        PROVIDE (__CTOR_LIST__ = ABSOLUTE (.))
 *(.ctors)
 *(SORT_BY_NAME(.ctors.*))
                [!provide]                        PROVIDE (__CTOR_END__ = ABSOLUTE (.))
                [!provide]                        PROVIDE (__DTOR_LIST__ = ABSOLUTE (.))
 *(.dtors)
 *(SORT_BY_NAME(.dtors.*))
                [!provide]                        PROVIDE (__DTOR_END__ = ABSOLUTE (.))
 *(.jcr)
                0x00000000000833c4                . = ALIGN (0x4)

.rodata         0x00000000000833c4      0x168
                0x00000000000833c4                PROVIDE (__ram_rodata_start = ABSOLUTE (.))
                0x00000000000833c4                . = ALIGN (0x4)
 *(.rodata .rodata.* .gnu.linkonce.r.*)
 .rodata        0x00000000000833c4       0x35 obj/default/hello_world.o
 *fill*         0x00000000000833f9        0x3 
 .rodata        0x00000000000833fc      0x100 c:/intelfpga_lite/22.1std/nios2eds/bin/gnu/h-x86_64-mingw32/bin/../lib/gcc/nios2-elf/12.2.1/mno-hw-mul\libgcc.a(_clz.o)
                0x00000000000833fc                __clz_tab
 .rodata._puts_r.str1.4
                0x00000000000834fc        0x2 c:/intelfpga_lite/22.1std/nios2eds/bin/gnu/h-x86_64-mingw32/bin/../lib/gcc/nios2-elf/12.2.1/../../../../../H-x86_64-mingw32/nios2-elf/lib/mno-hw-mul\libsmallc.a(lib_a-puts.o)
 *fill*         0x00000000000834fe        0x2 
 .rodata        0x0000000000083500        0xf c:/Users/dylan/OneDrive/Bureau/DSD/system_template_de1_soc/software/hello_world3_bsp/\libhal_bsp.a(alt_main.o)
 *fill*         0x000000000008350f        0x1 
 .rodata        0x0000000000083510        0xf c:/Users/dylan/OneDrive/Bureau/DSD/system_template_de1_soc/software/hello_world3_bsp/\libhal_bsp.a(alt_sys_init.o)
 *fill*         0x000000000008351f        0x1 
 .rodata        0x0000000000083520        0xa c:/Users/dylan/OneDrive/Bureau/DSD/system_template_de1_soc/software/hello_world3_bsp/\libhal_bsp.a(alt_dev.o)
 *(.rodata1)
                0x000000000008352c                . = ALIGN (0x4)
 *fill*         0x000000000008352a        0x2 
                0x000000000008352c                PROVIDE (__ram_rodata_end = ABSOLUTE (.))
                0x00000000000833c4                PROVIDE (__flash_rodata_start = LOADADDR (.rodata))

.rwdata         0x000000000008352c      0x2e4 load address 0x0000000000083810
                0x000000000008352c                PROVIDE (__ram_rwdata_start = ABSOLUTE (.))
                0x000000000008352c                . = ALIGN (0x4)
 *(.got.plt)
 *(.got)
 *(.data1)
 *(.data .data.* .gnu.linkonce.d.*)
 .data          0x000000000008352c        0x0 c:/Users/dylan/OneDrive/Bureau/DSD/system_template_de1_soc/software/hello_world3_bsp//obj/HAL/src/crt0.o
 .data          0x000000000008352c        0x0 obj/default/hello_world.o
 .data          0x000000000008352c        0x0 c:/intelfpga_lite/22.1std/nios2eds/bin/gnu/h-x86_64-mingw32/bin/../lib/gcc/nios2-elf/12.2.1/mno-hw-mul\libgcc.a(addsf3.o)
 .data          0x000000000008352c        0x0 c:/intelfpga_lite/22.1std/nios2eds/bin/gnu/h-x86_64-mingw32/bin/../lib/gcc/nios2-elf/12.2.1/mno-hw-mul\libgcc.a(divsf3.o)
 .data          0x000000000008352c        0x0 c:/intelfpga_lite/22.1std/nios2eds/bin/gnu/h-x86_64-mingw32/bin/../lib/gcc/nios2-elf/12.2.1/mno-hw-mul\libgcc.a(mulsf3.o)
 .data          0x000000000008352c        0x0 c:/intelfpga_lite/22.1std/nios2eds/bin/gnu/h-x86_64-mingw32/bin/../lib/gcc/nios2-elf/12.2.1/mno-hw-mul\libgcc.a(fixsfsi.o)
 .data          0x000000000008352c        0x0 c:/intelfpga_lite/22.1std/nios2eds/bin/gnu/h-x86_64-mingw32/bin/../lib/gcc/nios2-elf/12.2.1/mno-hw-mul\libgcc.a(_clzsi2.o)
 .data          0x000000000008352c        0x0 c:/intelfpga_lite/22.1std/nios2eds/bin/gnu/h-x86_64-mingw32/bin/../lib/gcc/nios2-elf/12.2.1/mno-hw-mul\libgcc.a(lib2-mul.o)
 .data          0x000000000008352c        0x0 c:/intelfpga_lite/22.1std/nios2eds/bin/gnu/h-x86_64-mingw32/bin/../lib/gcc/nios2-elf/12.2.1/mno-hw-mul\libgcc.a(_clz.o)
 .data          0x000000000008352c        0x0 c:/intelfpga_lite/22.1std/nios2eds/bin/gnu/h-x86_64-mingw32/bin/../lib/gcc/nios2-elf/12.2.1/../../../../../H-x86_64-mingw32/nios2-elf/lib/mno-hw-mul\libsmallc.a(lib_a-printf.o)
 .data          0x000000000008352c        0x0 c:/intelfpga_lite/22.1std/nios2eds/bin/gnu/h-x86_64-mingw32/bin/../lib/gcc/nios2-elf/12.2.1/../../../../../H-x86_64-mingw32/nios2-elf/lib/mno-hw-mul\libsmallc.a(lib_a-puts.o)
 .data          0x000000000008352c        0x0 c:/intelfpga_lite/22.1std/nios2eds/bin/gnu/h-x86_64-mingw32/bin/../lib/gcc/nios2-elf/12.2.1/../../../../../H-x86_64-mingw32/nios2-elf/lib/mno-hw-mul\libsmallc.a(lib_a-strlen.o)
 .data          0x000000000008352c        0x0 c:/intelfpga_lite/22.1std/nios2eds/bin/gnu/h-x86_64-mingw32/bin/../lib/gcc/nios2-elf/12.2.1/../../../../../H-x86_64-mingw32/nios2-elf/lib/mno-hw-mul\libsmallc.a(lib_a-vfprintf.o)
 .data          0x000000000008352c        0x0 c:/intelfpga_lite/22.1std/nios2eds/bin/gnu/h-x86_64-mingw32/bin/../lib/gcc/nios2-elf/12.2.1/../../../../../H-x86_64-mingw32/nios2-elf/lib/mno-hw-mul\libsmallc.a(lib_a-fvwrite_small_dev.o)
 .data          0x000000000008352c        0x0 c:/intelfpga_lite/22.1std/nios2eds/bin/gnu/h-x86_64-mingw32/bin/../lib/gcc/nios2-elf/12.2.1/../../../../../H-x86_64-mingw32/nios2-elf/lib/mno-hw-mul\libsmallc.a(lib_a-impure.o)
 .data.impure_data
                0x000000000008352c       0xe4 c:/intelfpga_lite/22.1std/nios2eds/bin/gnu/h-x86_64-mingw32/bin/../lib/gcc/nios2-elf/12.2.1/../../../../../H-x86_64-mingw32/nios2-elf/lib/mno-hw-mul\libsmallc.a(lib_a-impure.o)
 .data          0x0000000000083610        0x0 c:/intelfpga_lite/22.1std/nios2eds/bin/gnu/h-x86_64-mingw32/bin/../lib/gcc/nios2-elf/12.2.1/../../../../../H-x86_64-mingw32/nios2-elf/lib/mno-hw-mul\libsmallc.a(lib_a-writer.o)
 .data          0x0000000000083610        0x0 c:/intelfpga_lite/22.1std/nios2eds/bin/gnu/h-x86_64-mingw32/bin/../lib/gcc/nios2-elf/12.2.1/../../../../../H-x86_64-mingw32/nios2-elf/lib/mno-hw-mul\libsmallc.a(lib_a-int_errno.o)
 .data          0x0000000000083610        0x0 c:/intelfpga_lite/22.1std/nios2eds/bin/gnu/h-x86_64-mingw32/bin/../lib/gcc/nios2-elf/12.2.1/mno-hw-mul\libgcc.a(lib2-divmod.o)
 .data          0x0000000000083610        0x0 c:/Users/dylan/OneDrive/Bureau/DSD/system_template_de1_soc/software/hello_world3_bsp/\libhal_bsp.a(alt_load.o)
 .data          0x0000000000083610        0x0 c:/Users/dylan/OneDrive/Bureau/DSD/system_template_de1_soc/software/hello_world3_bsp/\libhal_bsp.a(alt_main.o)
 .data          0x0000000000083610        0x0 c:/Users/dylan/OneDrive/Bureau/DSD/system_template_de1_soc/software/hello_world3_bsp/\libhal_bsp.a(alt_times.o)
 .data          0x0000000000083610        0x0 c:/Users/dylan/OneDrive/Bureau/DSD/system_template_de1_soc/software/hello_world3_bsp/\libhal_bsp.a(alt_write.o)
 .data          0x0000000000083610       0x2c c:/Users/dylan/OneDrive/Bureau/DSD/system_template_de1_soc/software/hello_world3_bsp/\libhal_bsp.a(alt_sys_init.o)
 .data          0x000000000008363c        0x0 c:/Users/dylan/OneDrive/Bureau/DSD/system_template_de1_soc/software/hello_world3_bsp/\libhal_bsp.a(altera_avalon_jtag_uart_fd.o)
 .data          0x000000000008363c        0x0 c:/Users/dylan/OneDrive/Bureau/DSD/system_template_de1_soc/software/hello_world3_bsp/\libhal_bsp.a(altera_avalon_jtag_uart_read.o)
 .data          0x000000000008363c        0x0 c:/Users/dylan/OneDrive/Bureau/DSD/system_template_de1_soc/software/hello_world3_bsp/\libhal_bsp.a(altera_avalon_jtag_uart_write.o)
 .data          0x000000000008363c        0x0 c:/Users/dylan/OneDrive/Bureau/DSD/system_template_de1_soc/software/hello_world3_bsp/\libhal_bsp.a(altera_avalon_timer_sc.o)
 .data          0x000000000008363c        0x0 c:/Users/dylan/OneDrive/Bureau/DSD/system_template_de1_soc/software/hello_world3_bsp/\libhal_bsp.a(alt_close.o)
 .data          0x000000000008363c        0x0 c:/Users/dylan/OneDrive/Bureau/DSD/system_template_de1_soc/software/hello_world3_bsp/\libhal_bsp.a(alt_dcache_flush_all.o)
 .data          0x000000000008363c      0x1a8 c:/Users/dylan/OneDrive/Bureau/DSD/system_template_de1_soc/software/hello_world3_bsp/\libhal_bsp.a(alt_dev.o)
                0x000000000008363c                alt_dev_null
                0x0000000000083664                alt_fd_list
 .data          0x00000000000837e4        0x0 c:/Users/dylan/OneDrive/Bureau/DSD/system_template_de1_soc/software/hello_world3_bsp/\libhal_bsp.a(alt_dev_llist_insert.o)
 .data          0x00000000000837e4        0x0 c:/Users/dylan/OneDrive/Bureau/DSD/system_template_de1_soc/software/hello_world3_bsp/\libhal_bsp.a(alt_errno.o)
 .data          0x00000000000837e4        0x0 c:/Users/dylan/OneDrive/Bureau/DSD/system_template_de1_soc/software/hello_world3_bsp/\libhal_bsp.a(alt_icache_flush_all.o)
 .data          0x00000000000837e4        0x0 c:/Users/dylan/OneDrive/Bureau/DSD/system_template_de1_soc/software/hello_world3_bsp/\libhal_bsp.a(alt_iic.o)
 .data          0x00000000000837e4        0x0 c:/Users/dylan/OneDrive/Bureau/DSD/system_template_de1_soc/software/hello_world3_bsp/\libhal_bsp.a(alt_iic_isr_register.o)
 .data          0x00000000000837e4        0x0 c:/Users/dylan/OneDrive/Bureau/DSD/system_template_de1_soc/software/hello_world3_bsp/\libhal_bsp.a(alt_io_redirect.o)
 .data          0x00000000000837e4        0x0 c:/Users/dylan/OneDrive/Bureau/DSD/system_template_de1_soc/software/hello_world3_bsp/\libhal_bsp.a(alt_irq_entry.o)
 .data          0x00000000000837e4        0x0 c:/Users/dylan/OneDrive/Bureau/DSD/system_template_de1_soc/software/hello_world3_bsp/\libhal_bsp.a(alt_irq_handler.o)
 .data          0x00000000000837e4        0x0 c:/Users/dylan/OneDrive/Bureau/DSD/system_template_de1_soc/software/hello_world3_bsp/\libhal_bsp.a(alt_irq_vars.o)
 .data          0x00000000000837e4        0x0 c:/Users/dylan/OneDrive/Bureau/DSD/system_template_de1_soc/software/hello_world3_bsp/\libhal_bsp.a(alt_open.o)
 .data          0x00000000000837e4        0x0 c:/Users/dylan/OneDrive/Bureau/DSD/system_template_de1_soc/software/hello_world3_bsp/\libhal_bsp.a(alt_release_fd.o)
 .data          0x00000000000837e4        0x0 c:/Users/dylan/OneDrive/Bureau/DSD/system_template_de1_soc/software/hello_world3_bsp/\libhal_bsp.a(alt_tick.o)
 .data          0x00000000000837e4        0x0 c:/Users/dylan/OneDrive/Bureau/DSD/system_template_de1_soc/software/hello_world3_bsp/\libhal_bsp.a(altera_nios2_gen2_irq.o)
 .data          0x00000000000837e4        0x0 c:/Users/dylan/OneDrive/Bureau/DSD/system_template_de1_soc/software/hello_world3_bsp/\libhal_bsp.a(alt_exception_entry.o)
 .data          0x00000000000837e4        0x0 c:/Users/dylan/OneDrive/Bureau/DSD/system_template_de1_soc/software/hello_world3_bsp/\libhal_bsp.a(alt_find_dev.o)
 .data          0x00000000000837e4        0x0 c:/Users/dylan/OneDrive/Bureau/DSD/system_template_de1_soc/software/hello_world3_bsp/\libhal_bsp.a(alt_find_file.o)
 .data          0x00000000000837e4        0x0 c:/Users/dylan/OneDrive/Bureau/DSD/system_template_de1_soc/software/hello_world3_bsp/\libhal_bsp.a(alt_get_fd.o)
 .data          0x00000000000837e4        0x0 c:/Users/dylan/OneDrive/Bureau/DSD/system_template_de1_soc/software/hello_world3_bsp/\libhal_bsp.a(alt_icache_flush.o)
 .data          0x00000000000837e4        0x0 c:/Users/dylan/OneDrive/Bureau/DSD/system_template_de1_soc/software/hello_world3_bsp/\libhal_bsp.a(alt_instruction_exception_entry.o)
 .data          0x00000000000837e4        0x0 c:/intelfpga_lite/22.1std/nios2eds/bin/gnu/h-x86_64-mingw32/bin/../lib/gcc/nios2-elf/12.2.1/../../../../../H-x86_64-mingw32/nios2-elf/lib/mno-hw-mul\libsmallc.a(lib_a-exit.o)
 .data          0x00000000000837e4        0x0 c:/intelfpga_lite/22.1std/nios2eds/bin/gnu/h-x86_64-mingw32/bin/../lib/gcc/nios2-elf/12.2.1/../../../../../H-x86_64-mingw32/nios2-elf/lib/mno-hw-mul\libsmallc.a(lib_a-memcmp.o)
 .data          0x00000000000837e4        0x0 c:/intelfpga_lite/22.1std/nios2eds/bin/gnu/h-x86_64-mingw32/bin/../lib/gcc/nios2-elf/12.2.1/../../../../../H-x86_64-mingw32/nios2-elf/lib/mno-hw-mul\libsmallc.a(lib_a-__call_atexit.o)
 .data          0x00000000000837e4        0x0 c:/Users/dylan/OneDrive/Bureau/DSD/system_template_de1_soc/software/hello_world3_bsp/\libhal_bsp.a(alt_exit.o)
                0x000000000008b7e4                _gp = ABSOLUTE ((. + 0x8000))
                [!provide]                        PROVIDE (gp = _gp)
 *(.rwdata .rwdata.*)
 *(.sdata .sdata.* .gnu.linkonce.s.*)
 .sdata._global_impure_ptr
                0x00000000000837e4        0x4 c:/intelfpga_lite/22.1std/nios2eds/bin/gnu/h-x86_64-mingw32/bin/../lib/gcc/nios2-elf/12.2.1/../../../../../H-x86_64-mingw32/nios2-elf/lib/mno-hw-mul\libsmallc.a(lib_a-impure.o)
                0x00000000000837e4                _global_impure_ptr
 .sdata._impure_ptr
                0x00000000000837e8        0x4 c:/intelfpga_lite/22.1std/nios2eds/bin/gnu/h-x86_64-mingw32/bin/../lib/gcc/nios2-elf/12.2.1/../../../../../H-x86_64-mingw32/nios2-elf/lib/mno-hw-mul\libsmallc.a(lib_a-impure.o)
                0x00000000000837e8                _impure_ptr
 .sdata         0x00000000000837ec       0x14 c:/Users/dylan/OneDrive/Bureau/DSD/system_template_de1_soc/software/hello_world3_bsp/\libhal_bsp.a(alt_dev.o)
                0x00000000000837ec                alt_fs_list
                0x00000000000837f4                alt_dev_list
                0x00000000000837fc                alt_max_fd
 .sdata         0x0000000000083800        0x4 c:/Users/dylan/OneDrive/Bureau/DSD/system_template_de1_soc/software/hello_world3_bsp/\libhal_bsp.a(alt_errno.o)
                0x0000000000083800                alt_errno
 .sdata         0x0000000000083804        0x4 c:/Users/dylan/OneDrive/Bureau/DSD/system_template_de1_soc/software/hello_world3_bsp/\libhal_bsp.a(alt_irq_vars.o)
                0x0000000000083804                alt_priority_mask
 .sdata         0x0000000000083808        0x8 c:/Users/dylan/OneDrive/Bureau/DSD/system_template_de1_soc/software/hello_world3_bsp/\libhal_bsp.a(alt_tick.o)
                0x0000000000083808                alt_alarm_list
 *(.sdata2 .sdata2.* .gnu.linkonce.s2.*)
                0x0000000000083810                . = ALIGN (0x4)
                0x0000000000083810                _edata = ABSOLUTE (.)
                [!provide]                        PROVIDE (edata = ABSOLUTE (.))
                0x0000000000083810                PROVIDE (__ram_rwdata_end = ABSOLUTE (.))
                0x0000000000083810                PROVIDE (__flash_rwdata_start = LOADADDR (.rwdata))

.bss            0x0000000000083af4      0x124
                0x0000000000083af4                __bss_start = ABSOLUTE (.)
                [!provide]                        PROVIDE (__sbss_start = ABSOLUTE (.))
                [!provide]                        PROVIDE (___sbss_start = ABSOLUTE (.))
 *(.dynsbss)
 *(.sbss .sbss.* .gnu.linkonce.sb.*)
 .sbss.errno    0x0000000000083af4        0x4 c:/intelfpga_lite/22.1std/nios2eds/bin/gnu/h-x86_64-mingw32/bin/../lib/gcc/nios2-elf/12.2.1/../../../../../H-x86_64-mingw32/nios2-elf/lib/mno-hw-mul\libsmallc.a(lib_a-int_errno.o)
                0x0000000000083af4                errno
 .sbss          0x0000000000083af8        0xc c:/Users/dylan/OneDrive/Bureau/DSD/system_template_de1_soc/software/hello_world3_bsp/\libhal_bsp.a(alt_main.o)
                0x0000000000083af8                alt_argc
                0x0000000000083afc                alt_argv
                0x0000000000083b00                alt_envp
 .sbss          0x0000000000083b04        0x4 c:/Users/dylan/OneDrive/Bureau/DSD/system_template_de1_soc/software/hello_world3_bsp/\libhal_bsp.a(alt_irq_vars.o)
                0x0000000000083b04                alt_irq_active
 .sbss          0x0000000000083b08        0xc c:/Users/dylan/OneDrive/Bureau/DSD/system_template_de1_soc/software/hello_world3_bsp/\libhal_bsp.a(alt_tick.o)
                0x0000000000083b08                _alt_tick_rate
                0x0000000000083b0c                _alt_nticks
 .sbss          0x0000000000083b14        0x4 c:/Users/dylan/OneDrive/Bureau/DSD/system_template_de1_soc/software/hello_world3_bsp/\libhal_bsp.a(alt_instruction_exception_entry.o)
                0x0000000000083b14                alt_instruction_exception_handler
 *(.sbss2 .sbss2.* .gnu.linkonce.sb2.*)
 *(.scommon)
                [!provide]                        PROVIDE (__sbss_end = ABSOLUTE (.))
                [!provide]                        PROVIDE (___sbss_end = ABSOLUTE (.))
 *(.dynbss)
 *(.bss .bss.* .gnu.linkonce.b.*)
 .bss           0x0000000000083b18        0x0 c:/Users/dylan/OneDrive/Bureau/DSD/system_template_de1_soc/software/hello_world3_bsp//obj/HAL/src/crt0.o
 .bss           0x0000000000083b18        0x0 obj/default/hello_world.o
 .bss           0x0000000000083b18        0x0 c:/intelfpga_lite/22.1std/nios2eds/bin/gnu/h-x86_64-mingw32/bin/../lib/gcc/nios2-elf/12.2.1/mno-hw-mul\libgcc.a(addsf3.o)
 .bss           0x0000000000083b18        0x0 c:/intelfpga_lite/22.1std/nios2eds/bin/gnu/h-x86_64-mingw32/bin/../lib/gcc/nios2-elf/12.2.1/mno-hw-mul\libgcc.a(divsf3.o)
 .bss           0x0000000000083b18        0x0 c:/intelfpga_lite/22.1std/nios2eds/bin/gnu/h-x86_64-mingw32/bin/../lib/gcc/nios2-elf/12.2.1/mno-hw-mul\libgcc.a(mulsf3.o)
 .bss           0x0000000000083b18        0x0 c:/intelfpga_lite/22.1std/nios2eds/bin/gnu/h-x86_64-mingw32/bin/../lib/gcc/nios2-elf/12.2.1/mno-hw-mul\libgcc.a(fixsfsi.o)
 .bss           0x0000000000083b18        0x0 c:/intelfpga_lite/22.1std/nios2eds/bin/gnu/h-x86_64-mingw32/bin/../lib/gcc/nios2-elf/12.2.1/mno-hw-mul\libgcc.a(_clzsi2.o)
 .bss           0x0000000000083b18        0x0 c:/intelfpga_lite/22.1std/nios2eds/bin/gnu/h-x86_64-mingw32/bin/../lib/gcc/nios2-elf/12.2.1/mno-hw-mul\libgcc.a(lib2-mul.o)
 .bss           0x0000000000083b18        0x0 c:/intelfpga_lite/22.1std/nios2eds/bin/gnu/h-x86_64-mingw32/bin/../lib/gcc/nios2-elf/12.2.1/mno-hw-mul\libgcc.a(_clz.o)
 .bss           0x0000000000083b18        0x0 c:/intelfpga_lite/22.1std/nios2eds/bin/gnu/h-x86_64-mingw32/bin/../lib/gcc/nios2-elf/12.2.1/../../../../../H-x86_64-mingw32/nios2-elf/lib/mno-hw-mul\libsmallc.a(lib_a-printf.o)
 .bss           0x0000000000083b18        0x0 c:/intelfpga_lite/22.1std/nios2eds/bin/gnu/h-x86_64-mingw32/bin/../lib/gcc/nios2-elf/12.2.1/../../../../../H-x86_64-mingw32/nios2-elf/lib/mno-hw-mul\libsmallc.a(lib_a-puts.o)
 .bss           0x0000000000083b18        0x0 c:/intelfpga_lite/22.1std/nios2eds/bin/gnu/h-x86_64-mingw32/bin/../lib/gcc/nios2-elf/12.2.1/../../../../../H-x86_64-mingw32/nios2-elf/lib/mno-hw-mul\libsmallc.a(lib_a-strlen.o)
 .bss           0x0000000000083b18        0x0 c:/intelfpga_lite/22.1std/nios2eds/bin/gnu/h-x86_64-mingw32/bin/../lib/gcc/nios2-elf/12.2.1/../../../../../H-x86_64-mingw32/nios2-elf/lib/mno-hw-mul\libsmallc.a(lib_a-vfprintf.o)
 .bss           0x0000000000083b18        0x0 c:/intelfpga_lite/22.1std/nios2eds/bin/gnu/h-x86_64-mingw32/bin/../lib/gcc/nios2-elf/12.2.1/../../../../../H-x86_64-mingw32/nios2-elf/lib/mno-hw-mul\libsmallc.a(lib_a-fvwrite_small_dev.o)
 .bss           0x0000000000083b18        0x0 c:/intelfpga_lite/22.1std/nios2eds/bin/gnu/h-x86_64-mingw32/bin/../lib/gcc/nios2-elf/12.2.1/../../../../../H-x86_64-mingw32/nios2-elf/lib/mno-hw-mul\libsmallc.a(lib_a-impure.o)
 .bss           0x0000000000083b18        0x0 c:/intelfpga_lite/22.1std/nios2eds/bin/gnu/h-x86_64-mingw32/bin/../lib/gcc/nios2-elf/12.2.1/../../../../../H-x86_64-mingw32/nios2-elf/lib/mno-hw-mul\libsmallc.a(lib_a-writer.o)
 .bss           0x0000000000083b18        0x0 c:/intelfpga_lite/22.1std/nios2eds/bin/gnu/h-x86_64-mingw32/bin/../lib/gcc/nios2-elf/12.2.1/../../../../../H-x86_64-mingw32/nios2-elf/lib/mno-hw-mul\libsmallc.a(lib_a-int_errno.o)
 .bss           0x0000000000083b18        0x0 c:/intelfpga_lite/22.1std/nios2eds/bin/gnu/h-x86_64-mingw32/bin/../lib/gcc/nios2-elf/12.2.1/mno-hw-mul\libgcc.a(lib2-divmod.o)
 .bss           0x0000000000083b18        0x0 c:/Users/dylan/OneDrive/Bureau/DSD/system_template_de1_soc/software/hello_world3_bsp/\libhal_bsp.a(alt_load.o)
 .bss           0x0000000000083b18        0x0 c:/Users/dylan/OneDrive/Bureau/DSD/system_template_de1_soc/software/hello_world3_bsp/\libhal_bsp.a(alt_main.o)
 .bss           0x0000000000083b18        0x0 c:/Users/dylan/OneDrive/Bureau/DSD/system_template_de1_soc/software/hello_world3_bsp/\libhal_bsp.a(alt_times.o)
 .bss           0x0000000000083b18        0x0 c:/Users/dylan/OneDrive/Bureau/DSD/system_template_de1_soc/software/hello_world3_bsp/\libhal_bsp.a(alt_write.o)
 .bss           0x0000000000083b18        0x0 c:/Users/dylan/OneDrive/Bureau/DSD/system_template_de1_soc/software/hello_world3_bsp/\libhal_bsp.a(alt_sys_init.o)
 .bss           0x0000000000083b18        0x0 c:/Users/dylan/OneDrive/Bureau/DSD/system_template_de1_soc/software/hello_world3_bsp/\libhal_bsp.a(altera_avalon_jtag_uart_fd.o)
 .bss           0x0000000000083b18        0x0 c:/Users/dylan/OneDrive/Bureau/DSD/system_template_de1_soc/software/hello_world3_bsp/\libhal_bsp.a(altera_avalon_jtag_uart_read.o)
 .bss           0x0000000000083b18        0x0 c:/Users/dylan/OneDrive/Bureau/DSD/system_template_de1_soc/software/hello_world3_bsp/\libhal_bsp.a(altera_avalon_jtag_uart_write.o)
 .bss           0x0000000000083b18        0x0 c:/Users/dylan/OneDrive/Bureau/DSD/system_template_de1_soc/software/hello_world3_bsp/\libhal_bsp.a(altera_avalon_timer_sc.o)
 .bss           0x0000000000083b18        0x0 c:/Users/dylan/OneDrive/Bureau/DSD/system_template_de1_soc/software/hello_world3_bsp/\libhal_bsp.a(alt_close.o)
 .bss           0x0000000000083b18        0x0 c:/Users/dylan/OneDrive/Bureau/DSD/system_template_de1_soc/software/hello_world3_bsp/\libhal_bsp.a(alt_dcache_flush_all.o)
 .bss           0x0000000000083b18        0x0 c:/Users/dylan/OneDrive/Bureau/DSD/system_template_de1_soc/software/hello_world3_bsp/\libhal_bsp.a(alt_dev.o)
 .bss           0x0000000000083b18        0x0 c:/Users/dylan/OneDrive/Bureau/DSD/system_template_de1_soc/software/hello_world3_bsp/\libhal_bsp.a(alt_dev_llist_insert.o)
 .bss           0x0000000000083b18        0x0 c:/Users/dylan/OneDrive/Bureau/DSD/system_template_de1_soc/software/hello_world3_bsp/\libhal_bsp.a(alt_errno.o)
 .bss           0x0000000000083b18        0x0 c:/Users/dylan/OneDrive/Bureau/DSD/system_template_de1_soc/software/hello_world3_bsp/\libhal_bsp.a(alt_icache_flush_all.o)
 .bss           0x0000000000083b18        0x0 c:/Users/dylan/OneDrive/Bureau/DSD/system_template_de1_soc/software/hello_world3_bsp/\libhal_bsp.a(alt_iic.o)
 .bss           0x0000000000083b18        0x0 c:/Users/dylan/OneDrive/Bureau/DSD/system_template_de1_soc/software/hello_world3_bsp/\libhal_bsp.a(alt_iic_isr_register.o)
 .bss           0x0000000000083b18        0x0 c:/Users/dylan/OneDrive/Bureau/DSD/system_template_de1_soc/software/hello_world3_bsp/\libhal_bsp.a(alt_io_redirect.o)
 .bss           0x0000000000083b18        0x0 c:/Users/dylan/OneDrive/Bureau/DSD/system_template_de1_soc/software/hello_world3_bsp/\libhal_bsp.a(alt_irq_entry.o)
 .bss           0x0000000000083b18      0x100 c:/Users/dylan/OneDrive/Bureau/DSD/system_template_de1_soc/software/hello_world3_bsp/\libhal_bsp.a(alt_irq_handler.o)
                0x0000000000083b18                alt_irq
 .bss           0x0000000000083c18        0x0 c:/Users/dylan/OneDrive/Bureau/DSD/system_template_de1_soc/software/hello_world3_bsp/\libhal_bsp.a(alt_irq_vars.o)
 .bss           0x0000000000083c18        0x0 c:/Users/dylan/OneDrive/Bureau/DSD/system_template_de1_soc/software/hello_world3_bsp/\libhal_bsp.a(alt_open.o)
 .bss           0x0000000000083c18        0x0 c:/Users/dylan/OneDrive/Bureau/DSD/system_template_de1_soc/software/hello_world3_bsp/\libhal_bsp.a(alt_release_fd.o)
 .bss           0x0000000000083c18        0x0 c:/Users/dylan/OneDrive/Bureau/DSD/system_template_de1_soc/software/hello_world3_bsp/\libhal_bsp.a(alt_tick.o)
 .bss           0x0000000000083c18        0x0 c:/Users/dylan/OneDrive/Bureau/DSD/system_template_de1_soc/software/hello_world3_bsp/\libhal_bsp.a(altera_nios2_gen2_irq.o)
 .bss           0x0000000000083c18        0x0 c:/Users/dylan/OneDrive/Bureau/DSD/system_template_de1_soc/software/hello_world3_bsp/\libhal_bsp.a(alt_exception_entry.o)
 .bss           0x0000000000083c18        0x0 c:/Users/dylan/OneDrive/Bureau/DSD/system_template_de1_soc/software/hello_world3_bsp/\libhal_bsp.a(alt_find_dev.o)
 .bss           0x0000000000083c18        0x0 c:/Users/dylan/OneDrive/Bureau/DSD/system_template_de1_soc/software/hello_world3_bsp/\libhal_bsp.a(alt_find_file.o)
 .bss           0x0000000000083c18        0x0 c:/Users/dylan/OneDrive/Bureau/DSD/system_template_de1_soc/software/hello_world3_bsp/\libhal_bsp.a(alt_get_fd.o)
 .bss           0x0000000000083c18        0x0 c:/Users/dylan/OneDrive/Bureau/DSD/system_template_de1_soc/software/hello_world3_bsp/\libhal_bsp.a(alt_icache_flush.o)
 .bss           0x0000000000083c18        0x0 c:/Users/dylan/OneDrive/Bureau/DSD/system_template_de1_soc/software/hello_world3_bsp/\libhal_bsp.a(alt_instruction_exception_entry.o)
 .bss           0x0000000000083c18        0x0 c:/intelfpga_lite/22.1std/nios2eds/bin/gnu/h-x86_64-mingw32/bin/../lib/gcc/nios2-elf/12.2.1/../../../../../H-x86_64-mingw32/nios2-elf/lib/mno-hw-mul\libsmallc.a(lib_a-exit.o)
 .bss           0x0000000000083c18        0x0 c:/intelfpga_lite/22.1std/nios2eds/bin/gnu/h-x86_64-mingw32/bin/../lib/gcc/nios2-elf/12.2.1/../../../../../H-x86_64-mingw32/nios2-elf/lib/mno-hw-mul\libsmallc.a(lib_a-memcmp.o)
 .bss           0x0000000000083c18        0x0 c:/intelfpga_lite/22.1std/nios2eds/bin/gnu/h-x86_64-mingw32/bin/../lib/gcc/nios2-elf/12.2.1/../../../../../H-x86_64-mingw32/nios2-elf/lib/mno-hw-mul\libsmallc.a(lib_a-__call_atexit.o)
 .bss           0x0000000000083c18        0x0 c:/Users/dylan/OneDrive/Bureau/DSD/system_template_de1_soc/software/hello_world3_bsp/\libhal_bsp.a(alt_exit.o)
 *(COMMON)
                0x0000000000083c18                . = ALIGN (0x4)
                0x0000000000083c18                __bss_end = ABSOLUTE (.)

.onchip_mem     0x0000000000083c18        0x0
                [!provide]                        PROVIDE (_alt_partition_onchip_mem_start = ABSOLUTE (.))
 *(.onchip_mem .onchip_mem. onchip_mem.*)
                0x0000000000083c18                . = ALIGN (0x4)
                [!provide]                        PROVIDE (_alt_partition_onchip_mem_end = ABSOLUTE (.))
                0x0000000000083c18                _end = ABSOLUTE (.)
                0x0000000000083c18                end = ABSOLUTE (.)
                0x0000000000083c18                __alt_stack_base = ABSOLUTE (.)
                [!provide]                        PROVIDE (_alt_partition_onchip_mem_load_addr = LOADADDR (.onchip_mem))

.stab
 *(.stab)

.stabstr
 *(.stabstr)

.stab.excl
 *(.stab.excl)

.stab.exclstr
 *(.stab.exclstr)

.stab.index
 *(.stab.index)

.stab.indexstr
 *(.stab.indexstr)

.comment        0x0000000000000000       0x2d
 *(.comment)
 .comment       0x0000000000000000       0x2d obj/default/hello_world.o
                                         0x2e (size before relaxing)
 .comment       0x000000000000002d       0x2e c:/intelfpga_lite/22.1std/nios2eds/bin/gnu/h-x86_64-mingw32/bin/../lib/gcc/nios2-elf/12.2.1/mno-hw-mul\libgcc.a(addsf3.o)
 .comment       0x000000000000002d       0x2e c:/intelfpga_lite/22.1std/nios2eds/bin/gnu/h-x86_64-mingw32/bin/../lib/gcc/nios2-elf/12.2.1/mno-hw-mul\libgcc.a(divsf3.o)
 .comment       0x000000000000002d       0x2e c:/intelfpga_lite/22.1std/nios2eds/bin/gnu/h-x86_64-mingw32/bin/../lib/gcc/nios2-elf/12.2.1/mno-hw-mul\libgcc.a(mulsf3.o)
 .comment       0x000000000000002d       0x2e c:/intelfpga_lite/22.1std/nios2eds/bin/gnu/h-x86_64-mingw32/bin/../lib/gcc/nios2-elf/12.2.1/mno-hw-mul\libgcc.a(fixsfsi.o)
 .comment       0x000000000000002d       0x2e c:/intelfpga_lite/22.1std/nios2eds/bin/gnu/h-x86_64-mingw32/bin/../lib/gcc/nios2-elf/12.2.1/mno-hw-mul\libgcc.a(_clzsi2.o)
 .comment       0x000000000000002d       0x2e c:/intelfpga_lite/22.1std/nios2eds/bin/gnu/h-x86_64-mingw32/bin/../lib/gcc/nios2-elf/12.2.1/mno-hw-mul\libgcc.a(lib2-mul.o)
 .comment       0x000000000000002d       0x2e c:/intelfpga_lite/22.1std/nios2eds/bin/gnu/h-x86_64-mingw32/bin/../lib/gcc/nios2-elf/12.2.1/mno-hw-mul\libgcc.a(_clz.o)
 .comment       0x000000000000002d       0x2e c:/intelfpga_lite/22.1std/nios2eds/bin/gnu/h-x86_64-mingw32/bin/../lib/gcc/nios2-elf/12.2.1/../../../../../H-x86_64-mingw32/nios2-elf/lib/mno-hw-mul\libsmallc.a(lib_a-printf.o)
 .comment       0x000000000000002d       0x2e c:/intelfpga_lite/22.1std/nios2eds/bin/gnu/h-x86_64-mingw32/bin/../lib/gcc/nios2-elf/12.2.1/../../../../../H-x86_64-mingw32/nios2-elf/lib/mno-hw-mul\libsmallc.a(lib_a-puts.o)
 .comment       0x000000000000002d       0x2e c:/intelfpga_lite/22.1std/nios2eds/bin/gnu/h-x86_64-mingw32/bin/../lib/gcc/nios2-elf/12.2.1/../../../../../H-x86_64-mingw32/nios2-elf/lib/mno-hw-mul\libsmallc.a(lib_a-strlen.o)
 .comment       0x000000000000002d       0x2e c:/intelfpga_lite/22.1std/nios2eds/bin/gnu/h-x86_64-mingw32/bin/../lib/gcc/nios2-elf/12.2.1/../../../../../H-x86_64-mingw32/nios2-elf/lib/mno-hw-mul\libsmallc.a(lib_a-vfprintf.o)
 .comment       0x000000000000002d       0x2e c:/intelfpga_lite/22.1std/nios2eds/bin/gnu/h-x86_64-mingw32/bin/../lib/gcc/nios2-elf/12.2.1/../../../../../H-x86_64-mingw32/nios2-elf/lib/mno-hw-mul\libsmallc.a(lib_a-fvwrite_small_dev.o)
 .comment       0x000000000000002d       0x2e c:/intelfpga_lite/22.1std/nios2eds/bin/gnu/h-x86_64-mingw32/bin/../lib/gcc/nios2-elf/12.2.1/../../../../../H-x86_64-mingw32/nios2-elf/lib/mno-hw-mul\libsmallc.a(lib_a-impure.o)
 .comment       0x000000000000002d       0x2e c:/intelfpga_lite/22.1std/nios2eds/bin/gnu/h-x86_64-mingw32/bin/../lib/gcc/nios2-elf/12.2.1/../../../../../H-x86_64-mingw32/nios2-elf/lib/mno-hw-mul\libsmallc.a(lib_a-writer.o)
 .comment       0x000000000000002d       0x2e c:/intelfpga_lite/22.1std/nios2eds/bin/gnu/h-x86_64-mingw32/bin/../lib/gcc/nios2-elf/12.2.1/../../../../../H-x86_64-mingw32/nios2-elf/lib/mno-hw-mul\libsmallc.a(lib_a-int_errno.o)
 .comment       0x000000000000002d       0x2e c:/intelfpga_lite/22.1std/nios2eds/bin/gnu/h-x86_64-mingw32/bin/../lib/gcc/nios2-elf/12.2.1/mno-hw-mul\libgcc.a(lib2-divmod.o)
 .comment       0x000000000000002d       0x2e c:/Users/dylan/OneDrive/Bureau/DSD/system_template_de1_soc/software/hello_world3_bsp/\libhal_bsp.a(alt_load.o)
 .comment       0x000000000000002d       0x2e c:/Users/dylan/OneDrive/Bureau/DSD/system_template_de1_soc/software/hello_world3_bsp/\libhal_bsp.a(alt_main.o)
 .comment       0x000000000000002d       0x2e c:/Users/dylan/OneDrive/Bureau/DSD/system_template_de1_soc/software/hello_world3_bsp/\libhal_bsp.a(alt_times.o)
 .comment       0x000000000000002d       0x2e c:/Users/dylan/OneDrive/Bureau/DSD/system_template_de1_soc/software/hello_world3_bsp/\libhal_bsp.a(alt_write.o)
 .comment       0x000000000000002d       0x2e c:/Users/dylan/OneDrive/Bureau/DSD/system_template_de1_soc/software/hello_world3_bsp/\libhal_bsp.a(alt_sys_init.o)
 .comment       0x000000000000002d       0x2e c:/Users/dylan/OneDrive/Bureau/DSD/system_template_de1_soc/software/hello_world3_bsp/\libhal_bsp.a(altera_avalon_jtag_uart_fd.o)
 .comment       0x000000000000002d       0x2e c:/Users/dylan/OneDrive/Bureau/DSD/system_template_de1_soc/software/hello_world3_bsp/\libhal_bsp.a(altera_avalon_jtag_uart_read.o)
 .comment       0x000000000000002d       0x2e c:/Users/dylan/OneDrive/Bureau/DSD/system_template_de1_soc/software/hello_world3_bsp/\libhal_bsp.a(altera_avalon_jtag_uart_write.o)
 .comment       0x000000000000002d       0x2e c:/Users/dylan/OneDrive/Bureau/DSD/system_template_de1_soc/software/hello_world3_bsp/\libhal_bsp.a(altera_avalon_timer_sc.o)
 .comment       0x000000000000002d       0x2e c:/Users/dylan/OneDrive/Bureau/DSD/system_template_de1_soc/software/hello_world3_bsp/\libhal_bsp.a(alt_close.o)
 .comment       0x000000000000002d       0x2e c:/Users/dylan/OneDrive/Bureau/DSD/system_template_de1_soc/software/hello_world3_bsp/\libhal_bsp.a(alt_dcache_flush_all.o)
 .comment       0x000000000000002d       0x2e c:/Users/dylan/OneDrive/Bureau/DSD/system_template_de1_soc/software/hello_world3_bsp/\libhal_bsp.a(alt_dev.o)
 .comment       0x000000000000002d       0x2e c:/Users/dylan/OneDrive/Bureau/DSD/system_template_de1_soc/software/hello_world3_bsp/\libhal_bsp.a(alt_dev_llist_insert.o)
 .comment       0x000000000000002d       0x2e c:/Users/dylan/OneDrive/Bureau/DSD/system_template_de1_soc/software/hello_world3_bsp/\libhal_bsp.a(alt_errno.o)
 .comment       0x000000000000002d       0x2e c:/Users/dylan/OneDrive/Bureau/DSD/system_template_de1_soc/software/hello_world3_bsp/\libhal_bsp.a(alt_icache_flush_all.o)
 .comment       0x000000000000002d       0x2e c:/Users/dylan/OneDrive/Bureau/DSD/system_template_de1_soc/software/hello_world3_bsp/\libhal_bsp.a(alt_iic.o)
 .comment       0x000000000000002d       0x2e c:/Users/dylan/OneDrive/Bureau/DSD/system_template_de1_soc/software/hello_world3_bsp/\libhal_bsp.a(alt_iic_isr_register.o)
 .comment       0x000000000000002d       0x2e c:/Users/dylan/OneDrive/Bureau/DSD/system_template_de1_soc/software/hello_world3_bsp/\libhal_bsp.a(alt_io_redirect.o)
 .comment       0x000000000000002d       0x2e c:/Users/dylan/OneDrive/Bureau/DSD/system_template_de1_soc/software/hello_world3_bsp/\libhal_bsp.a(alt_irq_handler.o)
 .comment       0x000000000000002d       0x2e c:/Users/dylan/OneDrive/Bureau/DSD/system_template_de1_soc/software/hello_world3_bsp/\libhal_bsp.a(alt_irq_vars.o)
 .comment       0x000000000000002d       0x2e c:/Users/dylan/OneDrive/Bureau/DSD/system_template_de1_soc/software/hello_world3_bsp/\libhal_bsp.a(alt_open.o)
 .comment       0x000000000000002d       0x2e c:/Users/dylan/OneDrive/Bureau/DSD/system_template_de1_soc/software/hello_world3_bsp/\libhal_bsp.a(alt_release_fd.o)
 .comment       0x000000000000002d       0x2e c:/Users/dylan/OneDrive/Bureau/DSD/system_template_de1_soc/software/hello_world3_bsp/\libhal_bsp.a(alt_tick.o)
 .comment       0x000000000000002d       0x2e c:/Users/dylan/OneDrive/Bureau/DSD/system_template_de1_soc/software/hello_world3_bsp/\libhal_bsp.a(altera_nios2_gen2_irq.o)
 .comment       0x000000000000002d       0x2e c:/Users/dylan/OneDrive/Bureau/DSD/system_template_de1_soc/software/hello_world3_bsp/\libhal_bsp.a(alt_find_dev.o)
 .comment       0x000000000000002d       0x2e c:/Users/dylan/OneDrive/Bureau/DSD/system_template_de1_soc/software/hello_world3_bsp/\libhal_bsp.a(alt_find_file.o)
 .comment       0x000000000000002d       0x2e c:/Users/dylan/OneDrive/Bureau/DSD/system_template_de1_soc/software/hello_world3_bsp/\libhal_bsp.a(alt_get_fd.o)
 .comment       0x000000000000002d       0x2e c:/Users/dylan/OneDrive/Bureau/DSD/system_template_de1_soc/software/hello_world3_bsp/\libhal_bsp.a(alt_icache_flush.o)
 .comment       0x000000000000002d       0x2e c:/Users/dylan/OneDrive/Bureau/DSD/system_template_de1_soc/software/hello_world3_bsp/\libhal_bsp.a(alt_instruction_exception_entry.o)
 .comment       0x000000000000002d       0x2e c:/intelfpga_lite/22.1std/nios2eds/bin/gnu/h-x86_64-mingw32/bin/../lib/gcc/nios2-elf/12.2.1/../../../../../H-x86_64-mingw32/nios2-elf/lib/mno-hw-mul\libsmallc.a(lib_a-exit.o)
 .comment       0x000000000000002d       0x2e c:/intelfpga_lite/22.1std/nios2eds/bin/gnu/h-x86_64-mingw32/bin/../lib/gcc/nios2-elf/12.2.1/../../../../../H-x86_64-mingw32/nios2-elf/lib/mno-hw-mul\libsmallc.a(lib_a-memcmp.o)
 .comment       0x000000000000002d       0x2e c:/intelfpga_lite/22.1std/nios2eds/bin/gnu/h-x86_64-mingw32/bin/../lib/gcc/nios2-elf/12.2.1/../../../../../H-x86_64-mingw32/nios2-elf/lib/mno-hw-mul\libsmallc.a(lib_a-__call_atexit.o)
 .comment       0x000000000000002d       0x2e c:/Users/dylan/OneDrive/Bureau/DSD/system_template_de1_soc/software/hello_world3_bsp/\libhal_bsp.a(alt_exit.o)

.debug
 *(.debug)

.line
 *(.line)

.debug_srcinfo
 *(.debug_srcinfo)

.debug_sfnames
 *(.debug_sfnames)

.debug_aranges  0x0000000000000000      0x6c8
 *(.debug_aranges)
 .debug_aranges
                0x0000000000000000       0x28 c:/Users/dylan/OneDrive/Bureau/DSD/system_template_de1_soc/software/hello_world3_bsp//obj/HAL/src/crt0.o
 .debug_aranges
                0x0000000000000028       0x20 obj/default/hello_world.o
 .debug_aranges
                0x0000000000000048       0x20 c:/intelfpga_lite/22.1std/nios2eds/bin/gnu/h-x86_64-mingw32/bin/../lib/gcc/nios2-elf/12.2.1/mno-hw-mul\libgcc.a(addsf3.o)
 .debug_aranges
                0x0000000000000068       0x20 c:/intelfpga_lite/22.1std/nios2eds/bin/gnu/h-x86_64-mingw32/bin/../lib/gcc/nios2-elf/12.2.1/mno-hw-mul\libgcc.a(divsf3.o)
 .debug_aranges
                0x0000000000000088       0x20 c:/intelfpga_lite/22.1std/nios2eds/bin/gnu/h-x86_64-mingw32/bin/../lib/gcc/nios2-elf/12.2.1/mno-hw-mul\libgcc.a(mulsf3.o)
 .debug_aranges
                0x00000000000000a8       0x20 c:/intelfpga_lite/22.1std/nios2eds/bin/gnu/h-x86_64-mingw32/bin/../lib/gcc/nios2-elf/12.2.1/mno-hw-mul\libgcc.a(fixsfsi.o)
 .debug_aranges
                0x00000000000000c8       0x20 c:/intelfpga_lite/22.1std/nios2eds/bin/gnu/h-x86_64-mingw32/bin/../lib/gcc/nios2-elf/12.2.1/mno-hw-mul\libgcc.a(_clzsi2.o)
 .debug_aranges
                0x00000000000000e8       0x20 c:/intelfpga_lite/22.1std/nios2eds/bin/gnu/h-x86_64-mingw32/bin/../lib/gcc/nios2-elf/12.2.1/mno-hw-mul\libgcc.a(lib2-mul.o)
 .debug_aranges
                0x0000000000000108       0x18 c:/intelfpga_lite/22.1std/nios2eds/bin/gnu/h-x86_64-mingw32/bin/../lib/gcc/nios2-elf/12.2.1/mno-hw-mul\libgcc.a(_clz.o)
 .debug_aranges
                0x0000000000000120       0x28 c:/intelfpga_lite/22.1std/nios2eds/bin/gnu/h-x86_64-mingw32/bin/../lib/gcc/nios2-elf/12.2.1/../../../../../H-x86_64-mingw32/nios2-elf/lib/mno-hw-mul\libsmallc.a(lib_a-printf.o)
 .debug_aranges
                0x0000000000000148       0x28 c:/intelfpga_lite/22.1std/nios2eds/bin/gnu/h-x86_64-mingw32/bin/../lib/gcc/nios2-elf/12.2.1/../../../../../H-x86_64-mingw32/nios2-elf/lib/mno-hw-mul\libsmallc.a(lib_a-puts.o)
 .debug_aranges
                0x0000000000000170       0x20 c:/intelfpga_lite/22.1std/nios2eds/bin/gnu/h-x86_64-mingw32/bin/../lib/gcc/nios2-elf/12.2.1/../../../../../H-x86_64-mingw32/nios2-elf/lib/mno-hw-mul\libsmallc.a(lib_a-strlen.o)
 .debug_aranges
                0x0000000000000190       0x30 c:/intelfpga_lite/22.1std/nios2eds/bin/gnu/h-x86_64-mingw32/bin/../lib/gcc/nios2-elf/12.2.1/../../../../../H-x86_64-mingw32/nios2-elf/lib/mno-hw-mul\libsmallc.a(lib_a-vfprintf.o)
 .debug_aranges
                0x00000000000001c0       0x20 c:/intelfpga_lite/22.1std/nios2eds/bin/gnu/h-x86_64-mingw32/bin/../lib/gcc/nios2-elf/12.2.1/../../../../../H-x86_64-mingw32/nios2-elf/lib/mno-hw-mul\libsmallc.a(lib_a-fvwrite_small_dev.o)
 .debug_aranges
                0x00000000000001e0       0x18 c:/intelfpga_lite/22.1std/nios2eds/bin/gnu/h-x86_64-mingw32/bin/../lib/gcc/nios2-elf/12.2.1/../../../../../H-x86_64-mingw32/nios2-elf/lib/mno-hw-mul\libsmallc.a(lib_a-impure.o)
 .debug_aranges
                0x00000000000001f8       0x20 c:/intelfpga_lite/22.1std/nios2eds/bin/gnu/h-x86_64-mingw32/bin/../lib/gcc/nios2-elf/12.2.1/../../../../../H-x86_64-mingw32/nios2-elf/lib/mno-hw-mul\libsmallc.a(lib_a-writer.o)
 .debug_aranges
                0x0000000000000218       0x18 c:/intelfpga_lite/22.1std/nios2eds/bin/gnu/h-x86_64-mingw32/bin/../lib/gcc/nios2-elf/12.2.1/../../../../../H-x86_64-mingw32/nios2-elf/lib/mno-hw-mul\libsmallc.a(lib_a-int_errno.o)
 .debug_aranges
                0x0000000000000230       0x20 c:/intelfpga_lite/22.1std/nios2eds/bin/gnu/h-x86_64-mingw32/bin/../lib/gcc/nios2-elf/12.2.1/mno-hw-mul\libgcc.a(lib2-divmod.o)
 .debug_aranges
                0x0000000000000250       0x20 c:/Users/dylan/OneDrive/Bureau/DSD/system_template_de1_soc/software/hello_world3_bsp/\libhal_bsp.a(alt_load.o)
 .debug_aranges
                0x0000000000000270       0x20 c:/Users/dylan/OneDrive/Bureau/DSD/system_template_de1_soc/software/hello_world3_bsp/\libhal_bsp.a(alt_main.o)
 .debug_aranges
                0x0000000000000290       0x20 c:/Users/dylan/OneDrive/Bureau/DSD/system_template_de1_soc/software/hello_world3_bsp/\libhal_bsp.a(alt_times.o)
 .debug_aranges
                0x00000000000002b0       0x20 c:/Users/dylan/OneDrive/Bureau/DSD/system_template_de1_soc/software/hello_world3_bsp/\libhal_bsp.a(alt_write.o)
 .debug_aranges
                0x00000000000002d0       0x20 c:/Users/dylan/OneDrive/Bureau/DSD/system_template_de1_soc/software/hello_world3_bsp/\libhal_bsp.a(alt_sys_init.o)
 .debug_aranges
                0x00000000000002f0       0x20 c:/Users/dylan/OneDrive/Bureau/DSD/system_template_de1_soc/software/hello_world3_bsp/\libhal_bsp.a(altera_avalon_jtag_uart_fd.o)
 .debug_aranges
                0x0000000000000310       0x20 c:/Users/dylan/OneDrive/Bureau/DSD/system_template_de1_soc/software/hello_world3_bsp/\libhal_bsp.a(altera_avalon_jtag_uart_read.o)
 .debug_aranges
                0x0000000000000330       0x20 c:/Users/dylan/OneDrive/Bureau/DSD/system_template_de1_soc/software/hello_world3_bsp/\libhal_bsp.a(altera_avalon_jtag_uart_write.o)
 .debug_aranges
                0x0000000000000350       0x20 c:/Users/dylan/OneDrive/Bureau/DSD/system_template_de1_soc/software/hello_world3_bsp/\libhal_bsp.a(altera_avalon_timer_sc.o)
 .debug_aranges
                0x0000000000000370       0x20 c:/Users/dylan/OneDrive/Bureau/DSD/system_template_de1_soc/software/hello_world3_bsp/\libhal_bsp.a(alt_close.o)
 .debug_aranges
                0x0000000000000390       0x20 c:/Users/dylan/OneDrive/Bureau/DSD/system_template_de1_soc/software/hello_world3_bsp/\libhal_bsp.a(alt_dcache_flush_all.o)
 .debug_aranges
                0x00000000000003b0       0x20 c:/Users/dylan/OneDrive/Bureau/DSD/system_template_de1_soc/software/hello_world3_bsp/\libhal_bsp.a(alt_dev.o)
 .debug_aranges
                0x00000000000003d0       0x20 c:/Users/dylan/OneDrive/Bureau/DSD/system_template_de1_soc/software/hello_world3_bsp/\libhal_bsp.a(alt_dev_llist_insert.o)
 .debug_aranges
                0x00000000000003f0       0x18 c:/Users/dylan/OneDrive/Bureau/DSD/system_template_de1_soc/software/hello_world3_bsp/\libhal_bsp.a(alt_errno.o)
 .debug_aranges
                0x0000000000000408       0x20 c:/Users/dylan/OneDrive/Bureau/DSD/system_template_de1_soc/software/hello_world3_bsp/\libhal_bsp.a(alt_icache_flush_all.o)
 .debug_aranges
                0x0000000000000428       0x20 c:/Users/dylan/OneDrive/Bureau/DSD/system_template_de1_soc/software/hello_world3_bsp/\libhal_bsp.a(alt_iic.o)
 .debug_aranges
                0x0000000000000448       0x20 c:/Users/dylan/OneDrive/Bureau/DSD/system_template_de1_soc/software/hello_world3_bsp/\libhal_bsp.a(alt_iic_isr_register.o)
 .debug_aranges
                0x0000000000000468       0x20 c:/Users/dylan/OneDrive/Bureau/DSD/system_template_de1_soc/software/hello_world3_bsp/\libhal_bsp.a(alt_io_redirect.o)
 .debug_aranges
                0x0000000000000488       0x30 c:/Users/dylan/OneDrive/Bureau/DSD/system_template_de1_soc/software/hello_world3_bsp/\libhal_bsp.a(alt_irq_entry.o)
 .debug_aranges
                0x00000000000004b8       0x20 c:/Users/dylan/OneDrive/Bureau/DSD/system_template_de1_soc/software/hello_world3_bsp/\libhal_bsp.a(alt_irq_handler.o)
 .debug_aranges
                0x00000000000004d8       0x18 c:/Users/dylan/OneDrive/Bureau/DSD/system_template_de1_soc/software/hello_world3_bsp/\libhal_bsp.a(alt_irq_vars.o)
 .debug_aranges
                0x00000000000004f0       0x20 c:/Users/dylan/OneDrive/Bureau/DSD/system_template_de1_soc/software/hello_world3_bsp/\libhal_bsp.a(alt_open.o)
 .debug_aranges
                0x0000000000000510       0x20 c:/Users/dylan/OneDrive/Bureau/DSD/system_template_de1_soc/software/hello_world3_bsp/\libhal_bsp.a(alt_release_fd.o)
 .debug_aranges
                0x0000000000000530       0x20 c:/Users/dylan/OneDrive/Bureau/DSD/system_template_de1_soc/software/hello_world3_bsp/\libhal_bsp.a(alt_tick.o)
 .debug_aranges
                0x0000000000000550       0x20 c:/Users/dylan/OneDrive/Bureau/DSD/system_template_de1_soc/software/hello_world3_bsp/\libhal_bsp.a(altera_nios2_gen2_irq.o)
 .debug_aranges
                0x0000000000000570       0x30 c:/Users/dylan/OneDrive/Bureau/DSD/system_template_de1_soc/software/hello_world3_bsp/\libhal_bsp.a(alt_exception_entry.o)
 .debug_aranges
                0x00000000000005a0       0x20 c:/Users/dylan/OneDrive/Bureau/DSD/system_template_de1_soc/software/hello_world3_bsp/\libhal_bsp.a(alt_find_dev.o)
 .debug_aranges
                0x00000000000005c0       0x20 c:/Users/dylan/OneDrive/Bureau/DSD/system_template_de1_soc/software/hello_world3_bsp/\libhal_bsp.a(alt_find_file.o)
 .debug_aranges
                0x00000000000005e0       0x20 c:/Users/dylan/OneDrive/Bureau/DSD/system_template_de1_soc/software/hello_world3_bsp/\libhal_bsp.a(alt_get_fd.o)
 .debug_aranges
                0x0000000000000600       0x20 c:/Users/dylan/OneDrive/Bureau/DSD/system_template_de1_soc/software/hello_world3_bsp/\libhal_bsp.a(alt_icache_flush.o)
 .debug_aranges
                0x0000000000000620       0x28 c:/Users/dylan/OneDrive/Bureau/DSD/system_template_de1_soc/software/hello_world3_bsp/\libhal_bsp.a(alt_instruction_exception_entry.o)
 .debug_aranges
                0x0000000000000648       0x20 c:/intelfpga_lite/22.1std/nios2eds/bin/gnu/h-x86_64-mingw32/bin/../lib/gcc/nios2-elf/12.2.1/../../../../../H-x86_64-mingw32/nios2-elf/lib/mno-hw-mul\libsmallc.a(lib_a-exit.o)
 .debug_aranges
                0x0000000000000668       0x20 c:/intelfpga_lite/22.1std/nios2eds/bin/gnu/h-x86_64-mingw32/bin/../lib/gcc/nios2-elf/12.2.1/../../../../../H-x86_64-mingw32/nios2-elf/lib/mno-hw-mul\libsmallc.a(lib_a-memcmp.o)
 .debug_aranges
                0x0000000000000688       0x20 c:/intelfpga_lite/22.1std/nios2eds/bin/gnu/h-x86_64-mingw32/bin/../lib/gcc/nios2-elf/12.2.1/../../../../../H-x86_64-mingw32/nios2-elf/lib/mno-hw-mul\libsmallc.a(lib_a-__call_atexit.o)
 .debug_aranges
                0x00000000000006a8       0x20 c:/Users/dylan/OneDrive/Bureau/DSD/system_template_de1_soc/software/hello_world3_bsp/\libhal_bsp.a(alt_exit.o)

.debug_pubnames
 *(.debug_pubnames)

.debug_info     0x0000000000000000     0x9327
 *(.debug_info .gnu.linkonce.wi.*)
 .debug_info    0x0000000000000000       0x22 c:/Users/dylan/OneDrive/Bureau/DSD/system_template_de1_soc/software/hello_world3_bsp//obj/HAL/src/crt0.o
 .debug_info    0x0000000000000022      0x1de obj/default/hello_world.o
 .debug_info    0x0000000000000200      0x328 c:/intelfpga_lite/22.1std/nios2eds/bin/gnu/h-x86_64-mingw32/bin/../lib/gcc/nios2-elf/12.2.1/mno-hw-mul\libgcc.a(addsf3.o)
 .debug_info    0x0000000000000528      0x33e c:/intelfpga_lite/22.1std/nios2eds/bin/gnu/h-x86_64-mingw32/bin/../lib/gcc/nios2-elf/12.2.1/mno-hw-mul\libgcc.a(divsf3.o)
 .debug_info    0x0000000000000866      0x3e0 c:/intelfpga_lite/22.1std/nios2eds/bin/gnu/h-x86_64-mingw32/bin/../lib/gcc/nios2-elf/12.2.1/mno-hw-mul\libgcc.a(mulsf3.o)
 .debug_info    0x0000000000000c46      0x1bc c:/intelfpga_lite/22.1std/nios2eds/bin/gnu/h-x86_64-mingw32/bin/../lib/gcc/nios2-elf/12.2.1/mno-hw-mul\libgcc.a(fixsfsi.o)
 .debug_info    0x0000000000000e02      0x139 c:/intelfpga_lite/22.1std/nios2eds/bin/gnu/h-x86_64-mingw32/bin/../lib/gcc/nios2-elf/12.2.1/mno-hw-mul\libgcc.a(_clzsi2.o)
 .debug_info    0x0000000000000f3b       0xc4 c:/intelfpga_lite/22.1std/nios2eds/bin/gnu/h-x86_64-mingw32/bin/../lib/gcc/nios2-elf/12.2.1/mno-hw-mul\libgcc.a(lib2-mul.o)
 .debug_info    0x0000000000000fff       0xc3 c:/intelfpga_lite/22.1std/nios2eds/bin/gnu/h-x86_64-mingw32/bin/../lib/gcc/nios2-elf/12.2.1/mno-hw-mul\libgcc.a(_clz.o)
 .debug_info    0x00000000000010c2      0x733 c:/intelfpga_lite/22.1std/nios2eds/bin/gnu/h-x86_64-mingw32/bin/../lib/gcc/nios2-elf/12.2.1/../../../../../H-x86_64-mingw32/nios2-elf/lib/mno-hw-mul\libsmallc.a(lib_a-printf.o)
 .debug_info    0x00000000000017f5      0x6b9 c:/intelfpga_lite/22.1std/nios2eds/bin/gnu/h-x86_64-mingw32/bin/../lib/gcc/nios2-elf/12.2.1/../../../../../H-x86_64-mingw32/nios2-elf/lib/mno-hw-mul\libsmallc.a(lib_a-puts.o)
 .debug_info    0x0000000000001eae       0xd1 c:/intelfpga_lite/22.1std/nios2eds/bin/gnu/h-x86_64-mingw32/bin/../lib/gcc/nios2-elf/12.2.1/../../../../../H-x86_64-mingw32/nios2-elf/lib/mno-hw-mul\libsmallc.a(lib_a-strlen.o)
 .debug_info    0x0000000000001f7f      0xe55 c:/intelfpga_lite/22.1std/nios2eds/bin/gnu/h-x86_64-mingw32/bin/../lib/gcc/nios2-elf/12.2.1/../../../../../H-x86_64-mingw32/nios2-elf/lib/mno-hw-mul\libsmallc.a(lib_a-vfprintf.o)
 .debug_info    0x0000000000002dd4      0x691 c:/intelfpga_lite/22.1std/nios2eds/bin/gnu/h-x86_64-mingw32/bin/../lib/gcc/nios2-elf/12.2.1/../../../../../H-x86_64-mingw32/nios2-elf/lib/mno-hw-mul\libsmallc.a(lib_a-fvwrite_small_dev.o)
 .debug_info    0x0000000000003465      0x5cf c:/intelfpga_lite/22.1std/nios2eds/bin/gnu/h-x86_64-mingw32/bin/../lib/gcc/nios2-elf/12.2.1/../../../../../H-x86_64-mingw32/nios2-elf/lib/mno-hw-mul\libsmallc.a(lib_a-impure.o)
 .debug_info    0x0000000000003a34      0x671 c:/intelfpga_lite/22.1std/nios2eds/bin/gnu/h-x86_64-mingw32/bin/../lib/gcc/nios2-elf/12.2.1/../../../../../H-x86_64-mingw32/nios2-elf/lib/mno-hw-mul\libsmallc.a(lib_a-writer.o)
 .debug_info    0x00000000000040a5       0x85 c:/intelfpga_lite/22.1std/nios2eds/bin/gnu/h-x86_64-mingw32/bin/../lib/gcc/nios2-elf/12.2.1/../../../../../H-x86_64-mingw32/nios2-elf/lib/mno-hw-mul\libsmallc.a(lib_a-int_errno.o)
 .debug_info    0x000000000000412a      0x347 c:/intelfpga_lite/22.1std/nios2eds/bin/gnu/h-x86_64-mingw32/bin/../lib/gcc/nios2-elf/12.2.1/mno-hw-mul\libgcc.a(lib2-divmod.o)
 .debug_info    0x0000000000004471      0x144 c:/Users/dylan/OneDrive/Bureau/DSD/system_template_de1_soc/software/hello_world3_bsp/\libhal_bsp.a(alt_load.o)
 .debug_info    0x00000000000045b5      0x174 c:/Users/dylan/OneDrive/Bureau/DSD/system_template_de1_soc/software/hello_world3_bsp/\libhal_bsp.a(alt_main.o)
 .debug_info    0x0000000000004729      0x1a3 c:/Users/dylan/OneDrive/Bureau/DSD/system_template_de1_soc/software/hello_world3_bsp/\libhal_bsp.a(alt_times.o)
 .debug_info    0x00000000000048cc      0x54a c:/Users/dylan/OneDrive/Bureau/DSD/system_template_de1_soc/software/hello_world3_bsp/\libhal_bsp.a(alt_write.o)
 .debug_info    0x0000000000004e16      0x43c c:/Users/dylan/OneDrive/Bureau/DSD/system_template_de1_soc/software/hello_world3_bsp/\libhal_bsp.a(alt_sys_init.o)
 .debug_info    0x0000000000005252      0x3c9 c:/Users/dylan/OneDrive/Bureau/DSD/system_template_de1_soc/software/hello_world3_bsp/\libhal_bsp.a(altera_avalon_jtag_uart_fd.o)
 .debug_info    0x000000000000561b      0x144 c:/Users/dylan/OneDrive/Bureau/DSD/system_template_de1_soc/software/hello_world3_bsp/\libhal_bsp.a(altera_avalon_jtag_uart_read.o)
 .debug_info    0x000000000000575f      0x12b c:/Users/dylan/OneDrive/Bureau/DSD/system_template_de1_soc/software/hello_world3_bsp/\libhal_bsp.a(altera_avalon_jtag_uart_write.o)
 .debug_info    0x000000000000588a      0x21d c:/Users/dylan/OneDrive/Bureau/DSD/system_template_de1_soc/software/hello_world3_bsp/\libhal_bsp.a(altera_avalon_timer_sc.o)
 .debug_info    0x0000000000005aa7      0x32f c:/Users/dylan/OneDrive/Bureau/DSD/system_template_de1_soc/software/hello_world3_bsp/\libhal_bsp.a(alt_close.o)
 .debug_info    0x0000000000005dd6       0xa1 c:/Users/dylan/OneDrive/Bureau/DSD/system_template_de1_soc/software/hello_world3_bsp/\libhal_bsp.a(alt_dcache_flush_all.o)
 .debug_info    0x0000000000005e77      0x567 c:/Users/dylan/OneDrive/Bureau/DSD/system_template_de1_soc/software/hello_world3_bsp/\libhal_bsp.a(alt_dev.o)
 .debug_info    0x00000000000063de      0x1a8 c:/Users/dylan/OneDrive/Bureau/DSD/system_template_de1_soc/software/hello_world3_bsp/\libhal_bsp.a(alt_dev_llist_insert.o)
 .debug_info    0x0000000000006586       0xa8 c:/Users/dylan/OneDrive/Bureau/DSD/system_template_de1_soc/software/hello_world3_bsp/\libhal_bsp.a(alt_errno.o)
 .debug_info    0x000000000000662e       0xb2 c:/Users/dylan/OneDrive/Bureau/DSD/system_template_de1_soc/software/hello_world3_bsp/\libhal_bsp.a(alt_icache_flush_all.o)
 .debug_info    0x00000000000066e0      0x339 c:/Users/dylan/OneDrive/Bureau/DSD/system_template_de1_soc/software/hello_world3_bsp/\libhal_bsp.a(alt_iic.o)
 .debug_info    0x0000000000006a19      0x218 c:/Users/dylan/OneDrive/Bureau/DSD/system_template_de1_soc/software/hello_world3_bsp/\libhal_bsp.a(alt_iic_isr_register.o)
 .debug_info    0x0000000000006c31      0x561 c:/Users/dylan/OneDrive/Bureau/DSD/system_template_de1_soc/software/hello_world3_bsp/\libhal_bsp.a(alt_io_redirect.o)
 .debug_info    0x0000000000007192       0x22 c:/Users/dylan/OneDrive/Bureau/DSD/system_template_de1_soc/software/hello_world3_bsp/\libhal_bsp.a(alt_irq_entry.o)
 .debug_info    0x00000000000071b4      0x170 c:/Users/dylan/OneDrive/Bureau/DSD/system_template_de1_soc/software/hello_world3_bsp/\libhal_bsp.a(alt_irq_handler.o)
 .debug_info    0x0000000000007324       0x88 c:/Users/dylan/OneDrive/Bureau/DSD/system_template_de1_soc/software/hello_world3_bsp/\libhal_bsp.a(alt_irq_vars.o)
 .debug_info    0x00000000000073ac      0x415 c:/Users/dylan/OneDrive/Bureau/DSD/system_template_de1_soc/software/hello_world3_bsp/\libhal_bsp.a(alt_open.o)
 .debug_info    0x00000000000077c1      0x2ac c:/Users/dylan/OneDrive/Bureau/DSD/system_template_de1_soc/software/hello_world3_bsp/\libhal_bsp.a(alt_release_fd.o)
 .debug_info    0x0000000000007a6d      0x29e c:/Users/dylan/OneDrive/Bureau/DSD/system_template_de1_soc/software/hello_world3_bsp/\libhal_bsp.a(alt_tick.o)
 .debug_info    0x0000000000007d0b       0x8d c:/Users/dylan/OneDrive/Bureau/DSD/system_template_de1_soc/software/hello_world3_bsp/\libhal_bsp.a(altera_nios2_gen2_irq.o)
 .debug_info    0x0000000000007d98       0x22 c:/Users/dylan/OneDrive/Bureau/DSD/system_template_de1_soc/software/hello_world3_bsp/\libhal_bsp.a(alt_exception_entry.o)
 .debug_info    0x0000000000007dba      0x323 c:/Users/dylan/OneDrive/Bureau/DSD/system_template_de1_soc/software/hello_world3_bsp/\libhal_bsp.a(alt_find_dev.o)
 .debug_info    0x00000000000080dd      0x324 c:/Users/dylan/OneDrive/Bureau/DSD/system_template_de1_soc/software/hello_world3_bsp/\libhal_bsp.a(alt_find_file.o)
 .debug_info    0x0000000000008401      0x309 c:/Users/dylan/OneDrive/Bureau/DSD/system_template_de1_soc/software/hello_world3_bsp/\libhal_bsp.a(alt_get_fd.o)
 .debug_info    0x000000000000870a       0xd8 c:/Users/dylan/OneDrive/Bureau/DSD/system_template_de1_soc/software/hello_world3_bsp/\libhal_bsp.a(alt_icache_flush.o)
 .debug_info    0x00000000000087e2      0x1e8 c:/Users/dylan/OneDrive/Bureau/DSD/system_template_de1_soc/software/hello_world3_bsp/\libhal_bsp.a(alt_instruction_exception_entry.o)
 .debug_info    0x00000000000089ca       0xf6 c:/intelfpga_lite/22.1std/nios2eds/bin/gnu/h-x86_64-mingw32/bin/../lib/gcc/nios2-elf/12.2.1/../../../../../H-x86_64-mingw32/nios2-elf/lib/mno-hw-mul\libsmallc.a(lib_a-exit.o)
 .debug_info    0x0000000000008ac0       0xf9 c:/intelfpga_lite/22.1std/nios2eds/bin/gnu/h-x86_64-mingw32/bin/../lib/gcc/nios2-elf/12.2.1/../../../../../H-x86_64-mingw32/nios2-elf/lib/mno-hw-mul\libsmallc.a(lib_a-memcmp.o)
 .debug_info    0x0000000000008bb9      0x68c c:/intelfpga_lite/22.1std/nios2eds/bin/gnu/h-x86_64-mingw32/bin/../lib/gcc/nios2-elf/12.2.1/../../../../../H-x86_64-mingw32/nios2-elf/lib/mno-hw-mul\libsmallc.a(lib_a-__call_atexit.o)
 .debug_info    0x0000000000009245       0xe2 c:/Users/dylan/OneDrive/Bureau/DSD/system_template_de1_soc/software/hello_world3_bsp/\libhal_bsp.a(alt_exit.o)

.debug_abbrev   0x0000000000000000     0x3897
 *(.debug_abbrev)
 .debug_abbrev  0x0000000000000000       0x12 c:/Users/dylan/OneDrive/Bureau/DSD/system_template_de1_soc/software/hello_world3_bsp//obj/HAL/src/crt0.o
 .debug_abbrev  0x0000000000000012      0x12b obj/default/hello_world.o
 .debug_abbrev  0x000000000000013d      0x15c c:/intelfpga_lite/22.1std/nios2eds/bin/gnu/h-x86_64-mingw32/bin/../lib/gcc/nios2-elf/12.2.1/mno-hw-mul\libgcc.a(addsf3.o)
 .debug_abbrev  0x0000000000000299      0x144 c:/intelfpga_lite/22.1std/nios2eds/bin/gnu/h-x86_64-mingw32/bin/../lib/gcc/nios2-elf/12.2.1/mno-hw-mul\libgcc.a(divsf3.o)
 .debug_abbrev  0x00000000000003dd      0x148 c:/intelfpga_lite/22.1std/nios2eds/bin/gnu/h-x86_64-mingw32/bin/../lib/gcc/nios2-elf/12.2.1/mno-hw-mul\libgcc.a(mulsf3.o)
 .debug_abbrev  0x0000000000000525      0x144 c:/intelfpga_lite/22.1std/nios2eds/bin/gnu/h-x86_64-mingw32/bin/../lib/gcc/nios2-elf/12.2.1/mno-hw-mul\libgcc.a(fixsfsi.o)
 .debug_abbrev  0x0000000000000669       0xd3 c:/intelfpga_lite/22.1std/nios2eds/bin/gnu/h-x86_64-mingw32/bin/../lib/gcc/nios2-elf/12.2.1/mno-hw-mul\libgcc.a(_clzsi2.o)
 .debug_abbrev  0x000000000000073c       0x80 c:/intelfpga_lite/22.1std/nios2eds/bin/gnu/h-x86_64-mingw32/bin/../lib/gcc/nios2-elf/12.2.1/mno-hw-mul\libgcc.a(lib2-mul.o)
 .debug_abbrev  0x00000000000007bc       0x70 c:/intelfpga_lite/22.1std/nios2eds/bin/gnu/h-x86_64-mingw32/bin/../lib/gcc/nios2-elf/12.2.1/mno-hw-mul\libgcc.a(_clz.o)
 .debug_abbrev  0x000000000000082c      0x21e c:/intelfpga_lite/22.1std/nios2eds/bin/gnu/h-x86_64-mingw32/bin/../lib/gcc/nios2-elf/12.2.1/../../../../../H-x86_64-mingw32/nios2-elf/lib/mno-hw-mul\libsmallc.a(lib_a-printf.o)
 .debug_abbrev  0x0000000000000a4a      0x20d c:/intelfpga_lite/22.1std/nios2eds/bin/gnu/h-x86_64-mingw32/bin/../lib/gcc/nios2-elf/12.2.1/../../../../../H-x86_64-mingw32/nios2-elf/lib/mno-hw-mul\libsmallc.a(lib_a-puts.o)
 .debug_abbrev  0x0000000000000c57       0x8c c:/intelfpga_lite/22.1std/nios2eds/bin/gnu/h-x86_64-mingw32/bin/../lib/gcc/nios2-elf/12.2.1/../../../../../H-x86_64-mingw32/nios2-elf/lib/mno-hw-mul\libsmallc.a(lib_a-strlen.o)
 .debug_abbrev  0x0000000000000ce3      0x2e6 c:/intelfpga_lite/22.1std/nios2eds/bin/gnu/h-x86_64-mingw32/bin/../lib/gcc/nios2-elf/12.2.1/../../../../../H-x86_64-mingw32/nios2-elf/lib/mno-hw-mul\libsmallc.a(lib_a-vfprintf.o)
 .debug_abbrev  0x0000000000000fc9      0x1fb c:/intelfpga_lite/22.1std/nios2eds/bin/gnu/h-x86_64-mingw32/bin/../lib/gcc/nios2-elf/12.2.1/../../../../../H-x86_64-mingw32/nios2-elf/lib/mno-hw-mul\libsmallc.a(lib_a-fvwrite_small_dev.o)
 .debug_abbrev  0x00000000000011c4      0x185 c:/intelfpga_lite/22.1std/nios2eds/bin/gnu/h-x86_64-mingw32/bin/../lib/gcc/nios2-elf/12.2.1/../../../../../H-x86_64-mingw32/nios2-elf/lib/mno-hw-mul\libsmallc.a(lib_a-impure.o)
 .debug_abbrev  0x0000000000001349      0x1e0 c:/intelfpga_lite/22.1std/nios2eds/bin/gnu/h-x86_64-mingw32/bin/../lib/gcc/nios2-elf/12.2.1/../../../../../H-x86_64-mingw32/nios2-elf/lib/mno-hw-mul\libsmallc.a(lib_a-writer.o)
 .debug_abbrev  0x0000000000001529       0x39 c:/intelfpga_lite/22.1std/nios2eds/bin/gnu/h-x86_64-mingw32/bin/../lib/gcc/nios2-elf/12.2.1/../../../../../H-x86_64-mingw32/nios2-elf/lib/mno-hw-mul\libsmallc.a(lib_a-int_errno.o)
 .debug_abbrev  0x0000000000001562      0x10c c:/intelfpga_lite/22.1std/nios2eds/bin/gnu/h-x86_64-mingw32/bin/../lib/gcc/nios2-elf/12.2.1/mno-hw-mul\libgcc.a(lib2-divmod.o)
 .debug_abbrev  0x000000000000166e       0xc2 c:/Users/dylan/OneDrive/Bureau/DSD/system_template_de1_soc/software/hello_world3_bsp/\libhal_bsp.a(alt_load.o)
 .debug_abbrev  0x0000000000001730       0xf3 c:/Users/dylan/OneDrive/Bureau/DSD/system_template_de1_soc/software/hello_world3_bsp/\libhal_bsp.a(alt_main.o)
 .debug_abbrev  0x0000000000001823      0x10a c:/Users/dylan/OneDrive/Bureau/DSD/system_template_de1_soc/software/hello_world3_bsp/\libhal_bsp.a(alt_times.o)
 .debug_abbrev  0x000000000000192d      0x149 c:/Users/dylan/OneDrive/Bureau/DSD/system_template_de1_soc/software/hello_world3_bsp/\libhal_bsp.a(alt_write.o)
 .debug_abbrev  0x0000000000001a76      0x1ab c:/Users/dylan/OneDrive/Bureau/DSD/system_template_de1_soc/software/hello_world3_bsp/\libhal_bsp.a(alt_sys_init.o)
 .debug_abbrev  0x0000000000001c21      0x128 c:/Users/dylan/OneDrive/Bureau/DSD/system_template_de1_soc/software/hello_world3_bsp/\libhal_bsp.a(altera_avalon_jtag_uart_fd.o)
 .debug_abbrev  0x0000000000001d49       0xd2 c:/Users/dylan/OneDrive/Bureau/DSD/system_template_de1_soc/software/hello_world3_bsp/\libhal_bsp.a(altera_avalon_jtag_uart_read.o)
 .debug_abbrev  0x0000000000001e1b       0xd0 c:/Users/dylan/OneDrive/Bureau/DSD/system_template_de1_soc/software/hello_world3_bsp/\libhal_bsp.a(altera_avalon_jtag_uart_write.o)
 .debug_abbrev  0x0000000000001eeb      0x18f c:/Users/dylan/OneDrive/Bureau/DSD/system_template_de1_soc/software/hello_world3_bsp/\libhal_bsp.a(altera_avalon_timer_sc.o)
 .debug_abbrev  0x000000000000207a      0x147 c:/Users/dylan/OneDrive/Bureau/DSD/system_template_de1_soc/software/hello_world3_bsp/\libhal_bsp.a(alt_close.o)
 .debug_abbrev  0x00000000000021c1       0x5d c:/Users/dylan/OneDrive/Bureau/DSD/system_template_de1_soc/software/hello_world3_bsp/\libhal_bsp.a(alt_dcache_flush_all.o)
 .debug_abbrev  0x000000000000221e      0x11b c:/Users/dylan/OneDrive/Bureau/DSD/system_template_de1_soc/software/hello_world3_bsp/\libhal_bsp.a(alt_dev.o)
 .debug_abbrev  0x0000000000002339      0x12b c:/Users/dylan/OneDrive/Bureau/DSD/system_template_de1_soc/software/hello_world3_bsp/\libhal_bsp.a(alt_dev_llist_insert.o)
 .debug_abbrev  0x0000000000002464       0x70 c:/Users/dylan/OneDrive/Bureau/DSD/system_template_de1_soc/software/hello_world3_bsp/\libhal_bsp.a(alt_errno.o)
 .debug_abbrev  0x00000000000024d4       0x75 c:/Users/dylan/OneDrive/Bureau/DSD/system_template_de1_soc/software/hello_world3_bsp/\libhal_bsp.a(alt_icache_flush_all.o)
 .debug_abbrev  0x0000000000002549      0x1a9 c:/Users/dylan/OneDrive/Bureau/DSD/system_template_de1_soc/software/hello_world3_bsp/\libhal_bsp.a(alt_iic.o)
 .debug_abbrev  0x00000000000026f2      0x199 c:/Users/dylan/OneDrive/Bureau/DSD/system_template_de1_soc/software/hello_world3_bsp/\libhal_bsp.a(alt_iic_isr_register.o)
 .debug_abbrev  0x000000000000288b      0x157 c:/Users/dylan/OneDrive/Bureau/DSD/system_template_de1_soc/software/hello_world3_bsp/\libhal_bsp.a(alt_io_redirect.o)
 .debug_abbrev  0x00000000000029e2       0x12 c:/Users/dylan/OneDrive/Bureau/DSD/system_template_de1_soc/software/hello_world3_bsp/\libhal_bsp.a(alt_irq_entry.o)
 .debug_abbrev  0x00000000000029f4      0x12f c:/Users/dylan/OneDrive/Bureau/DSD/system_template_de1_soc/software/hello_world3_bsp/\libhal_bsp.a(alt_irq_handler.o)
 .debug_abbrev  0x0000000000002b23       0x46 c:/Users/dylan/OneDrive/Bureau/DSD/system_template_de1_soc/software/hello_world3_bsp/\libhal_bsp.a(alt_irq_vars.o)
 .debug_abbrev  0x0000000000002b69      0x191 c:/Users/dylan/OneDrive/Bureau/DSD/system_template_de1_soc/software/hello_world3_bsp/\libhal_bsp.a(alt_open.o)
 .debug_abbrev  0x0000000000002cfa       0xea c:/Users/dylan/OneDrive/Bureau/DSD/system_template_de1_soc/software/hello_world3_bsp/\libhal_bsp.a(alt_release_fd.o)
 .debug_abbrev  0x0000000000002de4      0x17f c:/Users/dylan/OneDrive/Bureau/DSD/system_template_de1_soc/software/hello_world3_bsp/\libhal_bsp.a(alt_tick.o)
 .debug_abbrev  0x0000000000002f63       0x43 c:/Users/dylan/OneDrive/Bureau/DSD/system_template_de1_soc/software/hello_world3_bsp/\libhal_bsp.a(altera_nios2_gen2_irq.o)
 .debug_abbrev  0x0000000000002fa6       0x12 c:/Users/dylan/OneDrive/Bureau/DSD/system_template_de1_soc/software/hello_world3_bsp/\libhal_bsp.a(alt_exception_entry.o)
 .debug_abbrev  0x0000000000002fb8      0x10c c:/Users/dylan/OneDrive/Bureau/DSD/system_template_de1_soc/software/hello_world3_bsp/\libhal_bsp.a(alt_find_dev.o)
 .debug_abbrev  0x00000000000030c4      0x11d c:/Users/dylan/OneDrive/Bureau/DSD/system_template_de1_soc/software/hello_world3_bsp/\libhal_bsp.a(alt_find_file.o)
 .debug_abbrev  0x00000000000031e1      0x124 c:/Users/dylan/OneDrive/Bureau/DSD/system_template_de1_soc/software/hello_world3_bsp/\libhal_bsp.a(alt_get_fd.o)
 .debug_abbrev  0x0000000000003305       0x97 c:/Users/dylan/OneDrive/Bureau/DSD/system_template_de1_soc/software/hello_world3_bsp/\libhal_bsp.a(alt_icache_flush.o)
 .debug_abbrev  0x000000000000339c       0xed c:/Users/dylan/OneDrive/Bureau/DSD/system_template_de1_soc/software/hello_world3_bsp/\libhal_bsp.a(alt_instruction_exception_entry.o)
 .debug_abbrev  0x0000000000003489       0xb2 c:/intelfpga_lite/22.1std/nios2eds/bin/gnu/h-x86_64-mingw32/bin/../lib/gcc/nios2-elf/12.2.1/../../../../../H-x86_64-mingw32/nios2-elf/lib/mno-hw-mul\libsmallc.a(lib_a-exit.o)
 .debug_abbrev  0x000000000000353b       0xa1 c:/intelfpga_lite/22.1std/nios2eds/bin/gnu/h-x86_64-mingw32/bin/../lib/gcc/nios2-elf/12.2.1/../../../../../H-x86_64-mingw32/nios2-elf/lib/mno-hw-mul\libsmallc.a(lib_a-memcmp.o)
 .debug_abbrev  0x00000000000035dc      0x210 c:/intelfpga_lite/22.1std/nios2eds/bin/gnu/h-x86_64-mingw32/bin/../lib/gcc/nios2-elf/12.2.1/../../../../../H-x86_64-mingw32/nios2-elf/lib/mno-hw-mul\libsmallc.a(lib_a-__call_atexit.o)
 .debug_abbrev  0x00000000000037ec       0xab c:/Users/dylan/OneDrive/Bureau/DSD/system_template_de1_soc/software/hello_world3_bsp/\libhal_bsp.a(alt_exit.o)

.debug_line     0x0000000000000000     0x388e
 *(.debug_line)
 .debug_line    0x0000000000000000       0x72 c:/Users/dylan/OneDrive/Bureau/DSD/system_template_de1_soc/software/hello_world3_bsp//obj/HAL/src/crt0.o
 .debug_line    0x0000000000000072      0x10a obj/default/hello_world.o
 .debug_line    0x000000000000017c      0x6bf c:/intelfpga_lite/22.1std/nios2eds/bin/gnu/h-x86_64-mingw32/bin/../lib/gcc/nios2-elf/12.2.1/mno-hw-mul\libgcc.a(addsf3.o)
 .debug_line    0x000000000000083b      0x49b c:/intelfpga_lite/22.1std/nios2eds/bin/gnu/h-x86_64-mingw32/bin/../lib/gcc/nios2-elf/12.2.1/mno-hw-mul\libgcc.a(divsf3.o)
 .debug_line    0x0000000000000cd6      0x51e c:/intelfpga_lite/22.1std/nios2eds/bin/gnu/h-x86_64-mingw32/bin/../lib/gcc/nios2-elf/12.2.1/mno-hw-mul\libgcc.a(mulsf3.o)
 .debug_line    0x00000000000011f4      0x102 c:/intelfpga_lite/22.1std/nios2eds/bin/gnu/h-x86_64-mingw32/bin/../lib/gcc/nios2-elf/12.2.1/mno-hw-mul\libgcc.a(fixsfsi.o)
 .debug_line    0x00000000000012f6       0x9a c:/intelfpga_lite/22.1std/nios2eds/bin/gnu/h-x86_64-mingw32/bin/../lib/gcc/nios2-elf/12.2.1/mno-hw-mul\libgcc.a(_clzsi2.o)
 .debug_line    0x0000000000001390       0x88 c:/intelfpga_lite/22.1std/nios2eds/bin/gnu/h-x86_64-mingw32/bin/../lib/gcc/nios2-elf/12.2.1/mno-hw-mul\libgcc.a(lib2-mul.o)
 .debug_line    0x0000000000001418       0x3f c:/intelfpga_lite/22.1std/nios2eds/bin/gnu/h-x86_64-mingw32/bin/../lib/gcc/nios2-elf/12.2.1/mno-hw-mul\libgcc.a(_clz.o)
 .debug_line    0x0000000000001457       0xd4 c:/intelfpga_lite/22.1std/nios2eds/bin/gnu/h-x86_64-mingw32/bin/../lib/gcc/nios2-elf/12.2.1/../../../../../H-x86_64-mingw32/nios2-elf/lib/mno-hw-mul\libsmallc.a(lib_a-printf.o)
 .debug_line    0x000000000000152b       0xc2 c:/intelfpga_lite/22.1std/nios2eds/bin/gnu/h-x86_64-mingw32/bin/../lib/gcc/nios2-elf/12.2.1/../../../../../H-x86_64-mingw32/nios2-elf/lib/mno-hw-mul\libsmallc.a(lib_a-puts.o)
 .debug_line    0x00000000000015ed       0x7c c:/intelfpga_lite/22.1std/nios2eds/bin/gnu/h-x86_64-mingw32/bin/../lib/gcc/nios2-elf/12.2.1/../../../../../H-x86_64-mingw32/nios2-elf/lib/mno-hw-mul\libsmallc.a(lib_a-strlen.o)
 .debug_line    0x0000000000001669      0x586 c:/intelfpga_lite/22.1std/nios2eds/bin/gnu/h-x86_64-mingw32/bin/../lib/gcc/nios2-elf/12.2.1/../../../../../H-x86_64-mingw32/nios2-elf/lib/mno-hw-mul\libsmallc.a(lib_a-vfprintf.o)
 .debug_line    0x0000000000001bef       0xd7 c:/intelfpga_lite/22.1std/nios2eds/bin/gnu/h-x86_64-mingw32/bin/../lib/gcc/nios2-elf/12.2.1/../../../../../H-x86_64-mingw32/nios2-elf/lib/mno-hw-mul\libsmallc.a(lib_a-fvwrite_small_dev.o)
 .debug_line    0x0000000000001cc6       0x51 c:/intelfpga_lite/22.1std/nios2eds/bin/gnu/h-x86_64-mingw32/bin/../lib/gcc/nios2-elf/12.2.1/../../../../../H-x86_64-mingw32/nios2-elf/lib/mno-hw-mul\libsmallc.a(lib_a-impure.o)
 .debug_line    0x0000000000001d17       0xae c:/intelfpga_lite/22.1std/nios2eds/bin/gnu/h-x86_64-mingw32/bin/../lib/gcc/nios2-elf/12.2.1/../../../../../H-x86_64-mingw32/nios2-elf/lib/mno-hw-mul\libsmallc.a(lib_a-writer.o)
 .debug_line    0x0000000000001dc5       0x3a c:/intelfpga_lite/22.1std/nios2eds/bin/gnu/h-x86_64-mingw32/bin/../lib/gcc/nios2-elf/12.2.1/../../../../../H-x86_64-mingw32/nios2-elf/lib/mno-hw-mul\libsmallc.a(lib_a-int_errno.o)
 .debug_line    0x0000000000001dff      0x2e3 c:/intelfpga_lite/22.1std/nios2eds/bin/gnu/h-x86_64-mingw32/bin/../lib/gcc/nios2-elf/12.2.1/mno-hw-mul\libgcc.a(lib2-divmod.o)
 .debug_line    0x00000000000020e2       0x8f c:/Users/dylan/OneDrive/Bureau/DSD/system_template_de1_soc/software/hello_world3_bsp/\libhal_bsp.a(alt_load.o)
 .debug_line    0x0000000000002171       0x91 c:/Users/dylan/OneDrive/Bureau/DSD/system_template_de1_soc/software/hello_world3_bsp/\libhal_bsp.a(alt_main.o)
 .debug_line    0x0000000000002202       0xcf c:/Users/dylan/OneDrive/Bureau/DSD/system_template_de1_soc/software/hello_world3_bsp/\libhal_bsp.a(alt_times.o)
 .debug_line    0x00000000000022d1      0x139 c:/Users/dylan/OneDrive/Bureau/DSD/system_template_de1_soc/software/hello_world3_bsp/\libhal_bsp.a(alt_write.o)
 .debug_line    0x000000000000240a       0xb0 c:/Users/dylan/OneDrive/Bureau/DSD/system_template_de1_soc/software/hello_world3_bsp/\libhal_bsp.a(alt_sys_init.o)
 .debug_line    0x00000000000024ba       0x8a c:/Users/dylan/OneDrive/Bureau/DSD/system_template_de1_soc/software/hello_world3_bsp/\libhal_bsp.a(altera_avalon_jtag_uart_fd.o)
 .debug_line    0x0000000000002544       0xa4 c:/Users/dylan/OneDrive/Bureau/DSD/system_template_de1_soc/software/hello_world3_bsp/\libhal_bsp.a(altera_avalon_jtag_uart_read.o)
 .debug_line    0x00000000000025e8       0x7e c:/Users/dylan/OneDrive/Bureau/DSD/system_template_de1_soc/software/hello_world3_bsp/\libhal_bsp.a(altera_avalon_jtag_uart_write.o)
 .debug_line    0x0000000000002666       0xb1 c:/Users/dylan/OneDrive/Bureau/DSD/system_template_de1_soc/software/hello_world3_bsp/\libhal_bsp.a(altera_avalon_timer_sc.o)
 .debug_line    0x0000000000002717      0x117 c:/Users/dylan/OneDrive/Bureau/DSD/system_template_de1_soc/software/hello_world3_bsp/\libhal_bsp.a(alt_close.o)
 .debug_line    0x000000000000282e       0x69 c:/Users/dylan/OneDrive/Bureau/DSD/system_template_de1_soc/software/hello_world3_bsp/\libhal_bsp.a(alt_dcache_flush_all.o)
 .debug_line    0x0000000000002897       0x99 c:/Users/dylan/OneDrive/Bureau/DSD/system_template_de1_soc/software/hello_world3_bsp/\libhal_bsp.a(alt_dev.o)
 .debug_line    0x0000000000002930       0xca c:/Users/dylan/OneDrive/Bureau/DSD/system_template_de1_soc/software/hello_world3_bsp/\libhal_bsp.a(alt_dev_llist_insert.o)